Archive member included to satisfy reference by file (symbol)

d:/project/tools/gcc_arm/bin/../lib/gcc/arm-none-eabi/10.3.1/../../../../arm-none-eabi/lib/thumb/v7-m/nofp\libc_nano.a(lib_a-exit.o)
                              d:/project/tools/gcc_arm/bin/../lib/gcc/arm-none-eabi/10.3.1/../../../../arm-none-eabi/lib/thumb/v7-m/nofp/crt0.o (exit)
d:/project/tools/gcc_arm/bin/../lib/gcc/arm-none-eabi/10.3.1/../../../../arm-none-eabi/lib/thumb/v7-m/nofp\libc_nano.a(lib_a-impure.o)
                              d:/project/tools/gcc_arm/bin/../lib/gcc/arm-none-eabi/10.3.1/../../../../arm-none-eabi/lib/thumb/v7-m/nofp\libc_nano.a(lib_a-exit.o) (_global_impure_ptr)
d:/project/tools/gcc_arm/bin/../lib/gcc/arm-none-eabi/10.3.1/../../../../arm-none-eabi/lib/thumb/v7-m/nofp\libc_nano.a(lib_a-init.o)
                              d:/project/tools/gcc_arm/bin/../lib/gcc/arm-none-eabi/10.3.1/../../../../arm-none-eabi/lib/thumb/v7-m/nofp/crt0.o (__libc_init_array)
d:/project/tools/gcc_arm/bin/../lib/gcc/arm-none-eabi/10.3.1/../../../../arm-none-eabi/lib/thumb/v7-m/nofp\libc_nano.a(lib_a-memset.o)
                              d:/project/tools/gcc_arm/bin/../lib/gcc/arm-none-eabi/10.3.1/../../../../arm-none-eabi/lib/thumb/v7-m/nofp/crt0.o (memset)
d:/project/tools/gcc_arm/bin/../lib/gcc/arm-none-eabi/10.3.1/../../../../arm-none-eabi/lib/thumb/v7-m/nofp\libc_nano.a(lib_a-strlen.o)
                              build/oled.o (strlen)
d:/project/tools/gcc_arm/bin/../lib/gcc/arm-none-eabi/10.3.1/../../../../arm-none-eabi/lib/thumb/v7-m/nofp\libnosys.a(_exit.o)
                              d:/project/tools/gcc_arm/bin/../lib/gcc/arm-none-eabi/10.3.1/../../../../arm-none-eabi/lib/thumb/v7-m/nofp\libc_nano.a(lib_a-exit.o) (_exit)
d:/project/tools/gcc_arm/bin/../lib/gcc/arm-none-eabi/10.3.1/thumb/v7-m/nofp\libgcc.a(_arm_mulsf3.o)
                              build/temp.o (__aeabi_fmul)
d:/project/tools/gcc_arm/bin/../lib/gcc/arm-none-eabi/10.3.1/thumb/v7-m/nofp\libgcc.a(_arm_addsubsf3.o)
                              build/temp.o (__aeabi_fsub)
d:/project/tools/gcc_arm/bin/../lib/gcc/arm-none-eabi/10.3.1/thumb/v7-m/nofp\libgcc.a(_arm_muldivsf3.o)
                              build/temp.o (__aeabi_fdiv)
d:/project/tools/gcc_arm/bin/../lib/gcc/arm-none-eabi/10.3.1/thumb/v7-m/nofp\libgcc.a(_arm_fixsfsi.o)
                              build/temp.o (__aeabi_f2iz)
d:/project/tools/gcc_arm/bin/../lib/gcc/arm-none-eabi/10.3.1/thumb/v7-m/nofp\libgcc.a(_arm_fixunssfsi.o)
                              build/temp.o (__aeabi_f2uiz)

Discarded input sections

 .text          0x00000000        0x0 d:/project/tools/gcc_arm/bin/../lib/gcc/arm-none-eabi/10.3.1/thumb/v7-m/nofp/crti.o
 .data          0x00000000        0x0 d:/project/tools/gcc_arm/bin/../lib/gcc/arm-none-eabi/10.3.1/thumb/v7-m/nofp/crti.o
 .bss           0x00000000        0x0 d:/project/tools/gcc_arm/bin/../lib/gcc/arm-none-eabi/10.3.1/thumb/v7-m/nofp/crti.o
 .data          0x00000000        0x4 d:/project/tools/gcc_arm/bin/../lib/gcc/arm-none-eabi/10.3.1/thumb/v7-m/nofp/crtbegin.o
 .rodata        0x00000000       0x24 d:/project/tools/gcc_arm/bin/../lib/gcc/arm-none-eabi/10.3.1/thumb/v7-m/nofp/crtbegin.o
 .text          0x00000000       0x7c d:/project/tools/gcc_arm/bin/../lib/gcc/arm-none-eabi/10.3.1/../../../../arm-none-eabi/lib/thumb/v7-m/nofp/crt0.o
 .data          0x00000000        0x0 d:/project/tools/gcc_arm/bin/../lib/gcc/arm-none-eabi/10.3.1/../../../../arm-none-eabi/lib/thumb/v7-m/nofp/crt0.o
 .bss           0x00000000        0x0 d:/project/tools/gcc_arm/bin/../lib/gcc/arm-none-eabi/10.3.1/../../../../arm-none-eabi/lib/thumb/v7-m/nofp/crt0.o
 .ARM.extab     0x00000000        0x0 d:/project/tools/gcc_arm/bin/../lib/gcc/arm-none-eabi/10.3.1/../../../../arm-none-eabi/lib/thumb/v7-m/nofp/crt0.o
 .ARM.exidx     0x00000000       0x10 d:/project/tools/gcc_arm/bin/../lib/gcc/arm-none-eabi/10.3.1/../../../../arm-none-eabi/lib/thumb/v7-m/nofp/crt0.o
 .ARM.attributes
                0x00000000       0x1b d:/project/tools/gcc_arm/bin/../lib/gcc/arm-none-eabi/10.3.1/../../../../arm-none-eabi/lib/thumb/v7-m/nofp/crt0.o
 .text          0x00000000        0x0 build/main.o
 .data          0x00000000        0x0 build/main.o
 .bss           0x00000000        0x0 build/main.o
 .text          0x00000000        0x0 build/stm32f1xx_it.o
 .data          0x00000000        0x0 build/stm32f1xx_it.o
 .bss           0x00000000        0x0 build/stm32f1xx_it.o
 .text          0x00000000        0x0 build/stm32f1xx_hal_msp.o
 .data          0x00000000        0x0 build/stm32f1xx_hal_msp.o
 .bss           0x00000000        0x0 build/stm32f1xx_hal_msp.o
 .text.HAL_ADC_MspDeInit
                0x00000000       0x2c build/stm32f1xx_hal_msp.o
 .text.HAL_I2C_MspDeInit
                0x00000000       0x64 build/stm32f1xx_hal_msp.o
 .text.HAL_TIM_Base_MspDeInit
                0x00000000       0x70 build/stm32f1xx_hal_msp.o
 .text.HAL_UART_MspDeInit
[...]
Memory Configuration

Name             Origin             Length             Attributes
RAM              0x20000000         0x00005000         xrw
FLASH            0x08000000         0x00010000         xr
*default*        0x00000000         0xffffffff

Linker script and memory map

LOAD d:/project/tools/gcc_arm/bin/../lib/gcc/arm-none-eabi/10.3.1/thumb/v7-m/nofp/crti.o
LOAD d:/project/tools/gcc_arm/bin/../lib/gcc/arm-none-eabi/10.3.1/thumb/v7-m/nofp/crtbegin.o
LOAD d:/project/tools/gcc_arm/bin/../lib/gcc/arm-none-eabi/10.3.1/../../../../arm-none-eabi/lib/thumb/v7-m/nofp/crt0.o
LOAD build/main.o
LOAD build/stm32f1xx_it.o
LOAD build/stm32f1xx_hal_msp.o
LOAD build/os.o
LOAD build/led.o
LOAD build/switch.o
LOAD build/pwm.o
LOAD build/temp.o
LOAD build/oled.o
LOAD build/oled_fonts.o
LOAD build/co2.o
LOAD build/blutooth.o
LOAD build/stm32f1xx_hal_gpio_ex.o
LOAD build/stm32f1xx_hal_adc.o
LOAD build/stm32f1xx_hal_adc_ex.o
LOAD build/stm32f1xx_hal.o
LOAD build/stm32f1xx_hal_rcc.o
LOAD build/stm32f1xx_hal_rcc_ex.o
LOAD build/stm32f1xx_hal_gpio.o
LOAD build/stm32f1xx_hal_dma.o
LOAD build/stm32f1xx_hal_cortex.o
LOAD build/stm32f1xx_hal_pwr.o
LOAD build/stm32f1xx_hal_flash.o
LOAD build/stm32f1xx_hal_flash_ex.o
LOAD build/stm32f1xx_hal_exti.o
LOAD build/stm32f1xx_hal_i2c.o
LOAD build/stm32f1xx_hal_tim.o
LOAD build/stm32f1xx_hal_tim_ex.o
LOAD build/stm32f1xx_hal_uart.o
LOAD build/system_stm32f1xx.o
LOAD build/startup_stm32f103xb.o
LOAD d:/project/tools/gcc_arm/bin/../lib/gcc/arm-none-eabi/10.3.1/../../../../arm-none-eabi/lib/thumb/v7-m/nofp\libc_nano.a
LOAD d:/project/tools/gcc_arm/bin/../lib/gcc/arm-none-eabi/10.3.1/../../../../arm-none-eabi/lib/thumb/v7-m/nofp\libm.a
LOAD d:/project/tools/gcc_arm/bin/../lib/gcc/arm-none-eabi/10.3.1/../../../../arm-none-eabi/lib/thumb/v7-m/nofp\libnosys.a
START GROUP
LOAD d:/project/tools/gcc_arm/bin/../lib/gcc/arm-none-eabi/10.3.1/thumb/v7-m/nofp\libgcc.a
LOAD d:/project/tools/gcc_arm/bin/../lib/gcc/arm-none-eabi/10.3.1/../../../../arm-none-eabi/lib/thumb/v7-m/nofp\libc_nano.a
END GROUP
START GROUP
LOAD d:/project/tools/gcc_arm/bin/../lib/gcc/arm-none-eabi/10.3.1/thumb/v7-m/nofp\libgcc.a
LOAD d:/project/tools/gcc_arm/bin/../lib/gcc/arm-none-eabi/10.3.1/../../../../arm-none-eabi/lib/thumb/v7-m/nofp\libc_nano.a
END GROUP
LOAD d:/project/tools/gcc_arm/bin/../lib/gcc/arm-none-eabi/10.3.1/thumb/v7-m/nofp/crtend.o
LOAD d:/project/tools/gcc_arm/bin/../lib/gcc/arm-none-eabi/10.3.1/thumb/v7-m/nofp/crtn.o
                0x20005000                _estack = 0x20005000
                0x00000200                _Min_Heap_Size = 0x200
                0x00000400                _Min_Stack_Size = 0x400

.isr_vector     0x08000000      0x10c
                0x08000000                . = ALIGN (0x4)
 *(.isr_vector)
 .isr_vector    0x08000000      0x10c build/startup_stm32f103xb.o
                0x08000000                VectorTable
                0x0800010c                . = ALIGN (0x4)

.text           0x0800010c     0x5c14
                0x0800010c                . = ALIGN (0x4)
 *(.text)
 .text          0x0800010c       0x40 d:/project/tools/gcc_arm/bin/../lib/gcc/arm-none-eabi/10.3.1/thumb/v7-m/nofp/crtbegin.o
 .text          0x0800014c       0x10 d:/project/tools/gcc_arm/bin/../lib/gcc/arm-none-eabi/10.3.1/../../../../arm-none-eabi/lib/thumb/v7-m/nofp\libc_nano.a(lib_a-strlen.o)
                0x0800014c                strlen
 .text          0x0800015c      0x21c d:/project/tools/gcc_arm/bin/../lib/gcc/arm-none-eabi/10.3.1/thumb/v7-m/nofp\libgcc.a(_arm_addsubsf3.o)
                0x0800015c                __aeabi_frsub
                0x08000164                __subsf3
                0x08000164                __aeabi_fsub
                0x08000168                __aeabi_fadd
                0x08000168                __addsf3
                0x080002c8                __aeabi_ui2f
                0x080002c8                __floatunsisf
                0x080002d0                __aeabi_i2f
                0x080002d0                __floatsisf
                0x080002ec                __aeabi_ul2f
                0x080002ec                __floatundisf
                0x080002fc                __aeabi_l2f
                0x080002fc                __floatdisf
 .text          0x08000378      0x2a0 d:/project/tools/gcc_arm/bin/../lib/gcc/arm-none-eabi/10.3.1/thumb/v7-m/nofp\libgcc.a(_arm_muldivsf3.o)
                0x08000378                __mulsf3
                0x08000378                __aeabi_fmul
                0x080004e0                __aeabi_fdiv
                0x080004e0                __divsf3
 .text          0x08000618       0x4c d:/project/tools/gcc_arm/bin/../lib/gcc/arm-none-eabi/10.3.1/thumb/v7-m/nofp\libgcc.a(_arm_fixsfsi.o)
                0x08000618                __aeabi_f2iz
                0x08000618                __fixsfsi
 .text          0x08000664       0x40 d:/project/tools/gcc_arm/bin/../lib/gcc/arm-none-eabi/10.3.1/thumb/v7-m/nofp\libgcc.a(_arm_fixunssfsi.o)
                0x08000664                __fixunssfsi
                0x08000664                __aeabi_f2uiz
 *(.text*)
 .text.MX_GPIO_Init
                0x080006a4       0xec build/main.o
 .text.Error_Handler
                0x08000790        0x4 build/main.o
                0x08000790                Error_Handler
 .text.MX_ADC1_Init
                0x08000794       0x54 build/main.o
 .text.MX_I2C1_Init
                0x080007e8       0x38 build/main.o
 .text.MX_TIM1_Init
                0x08000820       0xf0 build/main.o
 .text.MX_TIM2_Init
                0x08000910       0x6c build/main.o
 .text.MX_TIM3_Init
                0x0800097c       0xb8 build/main.o
 .text.MX_TIM4_Init
                0x08000a34       0x68 build/main.o
 .text.MX_I2C2_Init
                0x08000a9c       0x38 build/main.o
 .text.MX_USART2_UART_Init
                0x08000ad4       0x34 build/main.o
 .text.SystemClock_Config
                0x08000b08       0x82 build/main.o
                0x08000b08                SystemClock_Config
 *fill*         0x08000b8a        0x2 
 .text.main     0x08000b8c       0x84 build/main.o
                0x08000b8c                main
 .text.HAL_TIM_PeriodElapsedCallback
                0x08000c10       0x28 build/stm32f1xx_it.o
                0x08000c10                HAL_TIM_PeriodElapsedCallback
 .text.HAL_MspInit
                0x08000c38       0x44 build/stm32f1xx_hal_msp.o
                0x08000c38                HAL_MspInit
 .text.HAL_ADC_MspInit
                0x08000c7c       0x60 build/stm32f1xx_hal_msp.o
                0x08000c7c                HAL_ADC_MspInit
 .text.HAL_I2C_MspInit
                0x08000cdc       0xac build/stm32f1xx_hal_msp.o
                0x08000cdc                HAL_I2C_MspInit
 .text.HAL_TIM_Base_MspInit
                0x08000d88       0xb0 build/stm32f1xx_hal_msp.o
                0x08000d88                HAL_TIM_Base_MspInit
 .text.HAL_TIM_MspPostInit
                0x08000e38       0xac build/stm32f1xx_hal_msp.o
                0x08000e38                HAL_TIM_MspPostInit
 .text.HAL_UART_MspInit
                0x08000ee4       0x88 build/stm32f1xx_hal_msp.o
                0x08000ee4                HAL_UART_MspInit
 .text.Os_1ms_Task
                0x08000f6c        0x2 build/os.o
 .text.Os_100ms_Task
                0x08000f6e        0xc build/os.o
 .text.Os_10ms_Task
                0x08000f7a       0x14 build/os.o
 .text.Os_Init_Task
                0x08000f8e        0xc build/os.o
                0x08000f8e                Os_Init_Task
 *fill*         0x08000f9a        0x2 
 .text.Os_Time_Handler
                0x08000f9c       0x10 build/os.o
                0x08000f9c                Os_Time_Handler
 .text.Os_Get_Tick_100us
                0x08000fac        0xc build/os.o
                0x08000fac                Os_Get_Tick_100us
 .text.Os_Calc_Runtime_Start
                0x08000fb8       0x2c build/os.o
 .text.Os_Calc_Runtime_Stop
                0x08000fe4       0x54 build/os.o
 .text.Os_Calc_Period
                0x08001038       0x54 build/os.o
 .text.Os_Handler
                0x0800108c       0x4c build/os.o
                0x0800108c                Os_Handler
 .text.Os_Handler_1ms
                0x080010d8       0x5c build/os.o
                0x080010d8                Os_Handler_1ms
 .text.Os_Handler_10ms
                0x08001134       0x3c build/os.o
                0x08001134                Os_Handler_10ms
 .text.LED_Control
                0x08001170      0x1fc build/led.o
                0x08001170                LED_Control
 .text.Switch_Control
                0x0800136c      0x22c build/switch.o
                0x0800136c                Switch_Control
 .text.Pwm_SubMode_Target_Set
                0x08001598      0x1f4 build/pwm.o
 .text.Pwm_Peltier_Set_Duty
                0x0800178c        0xc build/pwm.o
 .text.Pwm_Heater_Set_Duty
                0x08001798        0xc build/pwm.o
 .text.Pwm_Servo_Set_Duty
                0x080017a4        0xc build/pwm.o
 .text.Pwm_Fan_Set_Duty
                0x080017b0        0xc build/pwm.o
 .text.Pwm_Control
                0x080017bc      0x174 build/pwm.o
 .text.Pwm_Output
                0x08001930      0x10c build/pwm.o
                0x08001930                Pwm_Output
 .text.Temperature_Compensation
                0x08001a3c      0x680 build/temp.o
 .text.Temp_Read
                0x080020bc      0x15c build/temp.o
                0x080020bc                Temp_Read
 .text.Clear_TxBuffer
                0x08002218       0x18 build/oled.o
 .text.OLED_Set_X_Y
                0x08002230        0xc build/oled.o
 .text.OLED_DrawPixel
                0x0800223c       0x44 build/oled.o
 .text.OLED_Set_Char
                0x08002280       0x98 build/oled.o
 .text.Print_TxBuffer
                0x08002318       0x68 build/oled.o
 .text.OLED_Write_Command
                0x08002380       0x2c build/oled.o
 .text.OLED_Fill_Screen
                0x080023ac       0x1c build/oled.o
 .text.OLED_Update_Screen
                0x080023c8       0x50 build/oled.o
 .text.OLED_Init
                0x08002418       0xf8 build/oled.o
                0x08002418                OLED_Init
 .text.OLED_Display
                0x08002510      0x3fc build/oled.o
                0x08002510                OLED_Display
 .text.CO2_ReadData
                0x0800290c       0x48 build/co2.o
 .text.CO2_Init
                0x08002954       0x40 build/co2.o
                0x08002954                CO2_Init
 .text.CO2_Communication
                0x08002994        0x8 build/co2.o
                0x08002994                CO2_Communication
 .text.HAL_UART_RxCpltCallback
                0x0800299c       0xac build/blutooth.o
                0x0800299c                HAL_UART_RxCpltCallback
 .text.HAL_ADC_PollForConversion
                0x08002a48      0x184 build/stm32f1xx_hal_adc.o
                0x08002a48                HAL_ADC_PollForConversion
 .text.HAL_ADC_GetValue
                0x08002bcc        0x6 build/stm32f1xx_hal_adc.o
                0x08002bcc                HAL_ADC_GetValue
 *fill*         0x08002bd2        0x2 
 .text.HAL_ADC_ConfigChannel
                0x08002bd4      0x144 build/stm32f1xx_hal_adc.o
                0x08002bd4                HAL_ADC_ConfigChannel
 .text.ADC_Enable
                0x08002d18       0x88 build/stm32f1xx_hal_adc.o
                0x08002d18                ADC_Enable
 .text.HAL_ADC_Start
                0x08002da0       0xe8 build/stm32f1xx_hal_adc.o
                0x08002da0                HAL_ADC_Start
 .text.ADC_ConversionStop_Disable
                0x08002e88       0x56 build/stm32f1xx_hal_adc.o
                0x08002e88                ADC_ConversionStop_Disable
 *fill*         0x08002ede        0x2 
 .text.HAL_ADC_Init
                0x08002ee0      0x108 build/stm32f1xx_hal_adc.o
                0x08002ee0                HAL_ADC_Init
 .text.HAL_InitTick
                0x08002fe8       0x4c build/stm32f1xx_hal.o
                0x08002fe8                HAL_InitTick
 .text.HAL_Init
                0x08003034       0x24 build/stm32f1xx_hal.o
                0x08003034                HAL_Init
 .text.HAL_IncTick
                0x08003058       0x18 build/stm32f1xx_hal.o
                0x08003058                HAL_IncTick
 .text.HAL_GetTick
                0x08003070        0xc build/stm32f1xx_hal.o
                0x08003070                HAL_GetTick
 .text.RCC_Delay
                0x0800307c       0x2c build/stm32f1xx_hal_rcc.o
 .text.HAL_RCC_OscConfig
                0x080030a8      0x410 build/stm32f1xx_hal_rcc.o
                0x080030a8                HAL_RCC_OscConfig
 .text.HAL_RCC_GetSysClockFreq
                0x080034b8       0x70 build/stm32f1xx_hal_rcc.o
                0x080034b8                HAL_RCC_GetSysClockFreq
 .text.HAL_RCC_ClockConfig
                0x08003528      0x16c build/stm32f1xx_hal_rcc.o
                0x08003528                HAL_RCC_ClockConfig
 .text.HAL_RCC_GetHCLKFreq
                0x08003694        0xc build/stm32f1xx_hal_rcc.o
                0x08003694                HAL_RCC_GetHCLKFreq
 .text.HAL_RCC_GetPCLK1Freq
                0x080036a0       0x20 build/stm32f1xx_hal_rcc.o
                0x080036a0                HAL_RCC_GetPCLK1Freq
 .text.HAL_RCC_GetPCLK2Freq
                0x080036c0       0x20 build/stm32f1xx_hal_rcc.o
                0x080036c0                HAL_RCC_GetPCLK2Freq
 .text.HAL_RCCEx_PeriphCLKConfig
                0x080036e0      0x118 build/stm32f1xx_hal_rcc_ex.o
                0x080036e0                HAL_RCCEx_PeriphCLKConfig
 .text.HAL_RCCEx_GetPeriphCLKFreq
                0x080037f8      0x100 build/stm32f1xx_hal_rcc_ex.o
                0x080037f8                HAL_RCCEx_GetPeriphCLKFreq
 .text.HAL_GPIO_Init
                0x080038f8      0x224 build/stm32f1xx_hal_gpio.o
                0x080038f8                HAL_GPIO_Init
 .text.HAL_GPIO_ReadPin
                0x08003b1c        0xe build/stm32f1xx_hal_gpio.o
                0x08003b1c                HAL_GPIO_ReadPin
 .text.HAL_GPIO_WritePin
                0x08003b2a        0xc build/stm32f1xx_hal_gpio.o
                0x08003b2a                HAL_GPIO_WritePin
 .text.HAL_DMA_Abort
                0x08003b36       0x44 build/stm32f1xx_hal_dma.o
                0x08003b36                HAL_DMA_Abort
 *fill*         0x08003b7a        0x2 
 .text.HAL_DMA_Abort_IT
                0x08003b7c       0x98 build/stm32f1xx_hal_dma.o
                0x08003b7c                HAL_DMA_Abort_IT
 .text.HAL_NVIC_SetPriorityGrouping
                0x08003c14       0x24 build/stm32f1xx_hal_cortex.o
                0x08003c14                HAL_NVIC_SetPriorityGrouping
 .text.HAL_NVIC_SetPriority
                0x08003c38       0x70 build/stm32f1xx_hal_cortex.o
                0x08003c38                HAL_NVIC_SetPriority
 .text.HAL_NVIC_EnableIRQ
                0x08003ca8       0x1c build/stm32f1xx_hal_cortex.o
                0x08003ca8                HAL_NVIC_EnableIRQ
 .text.HAL_SYSTICK_Config
                0x08003cc4       0x28 build/stm32f1xx_hal_cortex.o
                0x08003cc4                HAL_SYSTICK_Config
 .text.I2C_IsAcknowledgeFailed
                0x08003cec       0x32 build/stm32f1xx_hal_i2c.o
 .text.I2C_WaitOnFlagUntilTimeout
                0x08003d1e       0x7c build/stm32f1xx_hal_i2c.o
 .text.I2C_WaitOnMasterAddressFlagUntilTimeout
                0x08003d9a       0xaa build/stm32f1xx_hal_i2c.o
 .text.I2C_MasterRequestWrite
                0x08003e44       0xb4 build/stm32f1xx_hal_i2c.o
 .text.I2C_WaitOnTXEFlagUntilTimeout
                0x08003ef8       0x54 build/stm32f1xx_hal_i2c.o
 .text.I2C_RequestMemoryWrite
                0x08003f4c       0xd8 build/stm32f1xx_hal_i2c.o
 .text.I2C_RequestMemoryRead
                0x08004024      0x154 build/stm32f1xx_hal_i2c.o
 .text.I2C_WaitOnBTFFlagUntilTimeout
                0x08004178       0x54 build/stm32f1xx_hal_i2c.o
 .text.I2C_WaitOnRXNEFlagUntilTimeout
                0x080041cc       0x6a build/stm32f1xx_hal_i2c.o
 *fill*         0x08004236        0x2 
 .text.HAL_I2C_Init
                0x08004238      0x1bc build/stm32f1xx_hal_i2c.o
                0x08004238                HAL_I2C_Init
 .text.HAL_I2C_Master_Transmit
                0x080043f4      0x178 build/stm32f1xx_hal_i2c.o
                0x080043f4                HAL_I2C_Master_Transmit
 .text.HAL_I2C_Mem_Write
                0x0800456c      0x164 build/stm32f1xx_hal_i2c.o
                0x0800456c                HAL_I2C_Mem_Write
 .text.HAL_I2C_Mem_Read
                0x080046d0      0x348 build/stm32f1xx_hal_i2c.o
                0x080046d0                HAL_I2C_Mem_Read
 .text.HAL_TIM_PWM_MspInit
                0x08004a18        0x2 build/stm32f1xx_hal_tim.o
                0x08004a18                HAL_TIM_PWM_MspInit
 .text.HAL_TIM_PeriodElapsedHalfCpltCallback
                0x08004a1a        0x2 build/stm32f1xx_hal_tim.o
                0x08004a1a                HAL_TIM_PeriodElapsedHalfCpltCallback
 .text.HAL_TIM_OC_DelayElapsedCallback
                0x08004a1c        0x2 build/stm32f1xx_hal_tim.o
                0x08004a1c                HAL_TIM_OC_DelayElapsedCallback
 .text.HAL_TIM_IC_CaptureCallback
                0x08004a1e        0x2 build/stm32f1xx_hal_tim.o
                0x08004a1e                HAL_TIM_IC_CaptureCallback
 .text.HAL_TIM_IC_CaptureHalfCpltCallback
                0x08004a20        0x2 build/stm32f1xx_hal_tim.o
                0x08004a20                HAL_TIM_IC_CaptureHalfCpltCallback
 .text.HAL_TIM_PWM_PulseFinishedCallback
                0x08004a22        0x2 build/stm32f1xx_hal_tim.o
                0x08004a22                HAL_TIM_PWM_PulseFinishedCallback
 .text.HAL_TIM_PWM_PulseFinishedHalfCpltCallback
                0x08004a24        0x2 build/stm32f1xx_hal_tim.o
                0x08004a24                HAL_TIM_PWM_PulseFinishedHalfCpltCallback
 .text.HAL_TIM_TriggerCallback
                0x08004a26        0x2 build/stm32f1xx_hal_tim.o
                0x08004a26                HAL_TIM_TriggerCallback
 .text.HAL_TIM_TriggerHalfCpltCallback
                0x08004a28        0x2 build/stm32f1xx_hal_tim.o
                0x08004a28                HAL_TIM_TriggerHalfCpltCallback
 .text.HAL_TIM_ErrorCallback
                0x08004a2a        0x2 build/stm32f1xx_hal_tim.o
                0x08004a2a                HAL_TIM_ErrorCallback
 .text.TIM_OC1_SetConfig
                0x08004a2c       0x5c build/stm32f1xx_hal_tim.o
 .text.TIM_OC3_SetConfig
                0x08004a88       0x64 build/stm32f1xx_hal_tim.o
 .text.TIM_OC4_SetConfig
                0x08004aec       0x48 build/stm32f1xx_hal_tim.o
 .text.TIM_TI1_ConfigInputStage
                0x08004b34       0x24 build/stm32f1xx_hal_tim.o
 .text.TIM_TI2_ConfigInputStage
                0x08004b58       0x26 build/stm32f1xx_hal_tim.o
 .text.TIM_ITRx_SetConfig
                0x08004b7e       0x10 build/stm32f1xx_hal_tim.o
 *fill*         0x08004b8e        0x2 
 .text.HAL_TIM_Base_Start_IT
                0x08004b90       0x68 build/stm32f1xx_hal_tim.o
                0x08004b90                HAL_TIM_Base_Start_IT
 .text.HAL_TIM_IRQHandler
                0x08004bf8      0x196 build/stm32f1xx_hal_tim.o
                0x08004bf8                HAL_TIM_IRQHandler
 *fill*         0x08004d8e        0x2 
 .text.TIM_Base_SetConfig
                0x08004d90       0x74 build/stm32f1xx_hal_tim.o
                0x08004d90                TIM_Base_SetConfig
 .text.TIM_OC2_SetConfig
                0x08004e04       0x64 build/stm32f1xx_hal_tim.o
                0x08004e04                TIM_OC2_SetConfig
 .text.HAL_TIM_PWM_ConfigChannel
                0x08004e68       0xd0 build/stm32f1xx_hal_tim.o
                0x08004e68                HAL_TIM_PWM_ConfigChannel
 .text.TIM_ETR_SetConfig
                0x08004f38       0x18 build/stm32f1xx_hal_tim.o
                0x08004f38                TIM_ETR_SetConfig
 .text.HAL_TIM_ConfigClockSource
                0x08004f50       0xda build/stm32f1xx_hal_tim.o
                0x08004f50                HAL_TIM_ConfigClockSource
 .text.TIM_CCxChannelCmd
                0x0800502a       0x1e build/stm32f1xx_hal_tim.o
                0x0800502a                TIM_CCxChannelCmd
 .text.HAL_TIM_PWM_Start
                0x08005048       0xdc build/stm32f1xx_hal_tim.o
                0x08005048                HAL_TIM_PWM_Start
 .text.TIM_ResetCallback
                0x08005124       0x84 build/stm32f1xx_hal_tim.o
                0x08005124                TIM_ResetCallback
 .text.HAL_TIM_Base_Init
                0x080051a8       0x6c build/stm32f1xx_hal_tim.o
                0x080051a8                HAL_TIM_Base_Init
 .text.HAL_TIM_PWM_Init
                0x08005214       0x6c build/stm32f1xx_hal_tim.o
                0x08005214                HAL_TIM_PWM_Init
 .text.TIM_CCxNChannelCmd
                0x08005280       0x1e build/stm32f1xx_hal_tim_ex.o
 *fill*         0x0800529e        0x2 
 .text.HAL_TIMEx_PWMN_Start
                0x080052a0       0xd4 build/stm32f1xx_hal_tim_ex.o
                0x080052a0                HAL_TIMEx_PWMN_Start
 .text.HAL_TIMEx_MasterConfigSynchronization
                0x08005374       0x6c build/stm32f1xx_hal_tim_ex.o
                0x08005374                HAL_TIMEx_MasterConfigSynchronization
 .text.HAL_TIMEx_ConfigBreakDeadTime
                0x080053e0       0x52 build/stm32f1xx_hal_tim_ex.o
                0x080053e0                HAL_TIMEx_ConfigBreakDeadTime
 .text.HAL_TIMEx_CommutCallback
                0x08005432        0x2 build/stm32f1xx_hal_tim_ex.o
                0x08005432                HAL_TIMEx_CommutCallback
 .text.HAL_TIMEx_CommutHalfCpltCallback
                0x08005434        0x2 build/stm32f1xx_hal_tim_ex.o
                0x08005434                HAL_TIMEx_CommutHalfCpltCallback
 .text.HAL_TIMEx_BreakCallback
                0x08005436        0x2 build/stm32f1xx_hal_tim_ex.o
                0x08005436                HAL_TIMEx_BreakCallback
 .text.HAL_UART_TxCpltCallback
                0x08005438        0x2 build/stm32f1xx_hal_uart.o
                0x08005438                HAL_UART_TxCpltCallback
 .text.HAL_UART_TxHalfCpltCallback
                0x0800543a        0x2 build/stm32f1xx_hal_uart.o
                0x0800543a                HAL_UART_TxHalfCpltCallback
 .text.HAL_UART_RxHalfCpltCallback
                0x0800543c        0x2 build/stm32f1xx_hal_uart.o
                0x0800543c                HAL_UART_RxHalfCpltCallback
 .text.HAL_UART_ErrorCallback
                0x0800543e        0x2 build/stm32f1xx_hal_uart.o
                0x0800543e                HAL_UART_ErrorCallback
 .text.HAL_UART_AbortCpltCallback
                0x08005440        0x2 build/stm32f1xx_hal_uart.o
                0x08005440                HAL_UART_AbortCpltCallback
 .text.HAL_UART_AbortTransmitCpltCallback
                0x08005442        0x2 build/stm32f1xx_hal_uart.o
                0x08005442                HAL_UART_AbortTransmitCpltCallback
 .text.HAL_UART_AbortReceiveCpltCallback
                0x08005444        0x2 build/stm32f1xx_hal_uart.o
                0x08005444                HAL_UART_AbortReceiveCpltCallback
 .text.HAL_UARTEx_RxEventCallback
                0x08005446        0x2 build/stm32f1xx_hal_uart.o
                0x08005446                HAL_UARTEx_RxEventCallback
 .text.UART_EndRxTransfer
                0x08005448       0x32 build/stm32f1xx_hal_uart.o
 .text.UART_DMAAbortOnError
                0x0800547a       0x10 build/stm32f1xx_hal_uart.o
 .text.UART_Transmit_IT
                0x0800548a       0x60 build/stm32f1xx_hal_uart.o
 .text.UART_EndTransmit_IT
                0x080054ea       0x1a build/stm32f1xx_hal_uart.o
 .text.UART_Receive_IT
                0x08005504       0xd4 build/stm32f1xx_hal_uart.o
 .text.UART_SetConfig
                0x080055d8       0x94 build/stm32f1xx_hal_uart.o
 .text.UART_WaitOnFlagUntilTimeout
                0x0800566c       0x6c build/stm32f1xx_hal_uart.o
 .text.HAL_UART_Transmit
                0x080056d8       0xd8 build/stm32f1xx_hal_uart.o
                0x080056d8                HAL_UART_Transmit
 .text.HAL_UART_IRQHandler
                0x080057b0      0x204 build/stm32f1xx_hal_uart.o
                0x080057b0                HAL_UART_IRQHandler
 .text.UART_InitCallbacksToDefault
                0x080059b4       0x4c build/stm32f1xx_hal_uart.o
                0x080059b4                UART_InitCallbacksToDefault
 .text.HAL_UART_Init
                0x08005a00       0x74 build/stm32f1xx_hal_uart.o
                0x08005a00                HAL_UART_Init
 .text.UART_Start_Receive_IT
                0x08005a74       0x36 build/stm32f1xx_hal_uart.o
                0x08005a74                UART_Start_Receive_IT
 .text.HAL_UART_Receive_IT
                0x08005aaa       0x38 build/stm32f1xx_hal_uart.o
                0x08005aaa                HAL_UART_Receive_IT
 .text.SystemInit
                0x08005ae2        0x2 build/system_stm32f1xx.o
                0x08005ae2                SystemInit
 .text.Reset_Handler
                0x08005ae4       0x48 build/startup_stm32f103xb.o
                0x08005ae4                Reset_Handler
 .text.Default_Handler
                0x08005b2c        0x2 build/startup_stm32f103xb.o
                0x08005b2c                Default_Handler
 .text.NMI_Handler
                0x08005b2e        0x6 build/startup_stm32f103xb.o
                0x08005b2e                NMI_Handler
 .text.HardFault_Handler
                0x08005b34        0x6 build/startup_stm32f103xb.o
                0x08005b34                HardFault_Handler
 .text.MemManage_Handler
                0x08005b3a        0x6 build/startup_stm32f103xb.o
                0x08005b3a                MemManage_Handler
 .text.BusFault_Handler
                0x08005b40        0x6 build/startup_stm32f103xb.o
                0x08005b40                BusFault_Handler
 .text.UsageFault_Handler
                0x08005b46        0x6 build/startup_stm32f103xb.o
                0x08005b46                UsageFault_Handler
 .text.SVC_Handler
                0x08005b4c        0x6 build/startup_stm32f103xb.o
                0x08005b4c                SVC_Handler
 .text.DebugMon_Handler
                0x08005b52        0x6 build/startup_stm32f103xb.o
                0x08005b52                DebugMon_Handler
 .text.PendSV_Handler
                0x08005b58        0x6 build/startup_stm32f103xb.o
                0x08005b58                PendSV_Handler
 .text.WWDG_IRQHandler
                0x08005b5e        0x6 build/startup_stm32f103xb.o
                0x08005b5e                WWDG_IRQHandler
 .text.PVD_IRQHandler
                0x08005b64        0x6 build/startup_stm32f103xb.o
                0x08005b64                PVD_IRQHandler
 .text.TAMPER_IRQHandler
                0x08005b6a        0x6 build/startup_stm32f103xb.o
                0x08005b6a                TAMPER_IRQHandler
 .text.RTC_IRQHandler
                0x08005b70        0x6 build/startup_stm32f103xb.o
                0x08005b70                RTC_IRQHandler
 .text.FLASH_IRQHandler
                0x08005b76        0x6 build/startup_stm32f103xb.o
                0x08005b76                FLASH_IRQHandler
 .text.RCC_IRQHandler
                0x08005b7c        0x6 build/startup_stm32f103xb.o
                0x08005b7c                RCC_IRQHandler
 .text.EXTI0_IRQHandler
                0x08005b82        0x6 build/startup_stm32f103xb.o
                0x08005b82                EXTI0_IRQHandler
 .text.EXTI1_IRQHandler
                0x08005b88        0x6 build/startup_stm32f103xb.o
                0x08005b88                EXTI1_IRQHandler
 .text.EXTI2_IRQHandler
                0x08005b8e        0x6 build/startup_stm32f103xb.o
                0x08005b8e                EXTI2_IRQHandler
 .text.EXTI3_IRQHandler
                0x08005b94        0x6 build/startup_stm32f103xb.o
                0x08005b94                EXTI3_IRQHandler
 .text.EXTI4_IRQHandler
                0x08005b9a        0x6 build/startup_stm32f103xb.o
                0x08005b9a                EXTI4_IRQHandler
 .text.DMA1_Channel1_IRQHandler
                0x08005ba0        0x6 build/startup_stm32f103xb.o
                0x08005ba0                DMA1_Channel1_IRQHandler
 .text.DMA1_Channel2_IRQHandler
                0x08005ba6        0x6 build/startup_stm32f103xb.o
                0x08005ba6                DMA1_Channel2_IRQHandler
 .text.DMA1_Channel3_IRQHandler
                0x08005bac        0x6 build/startup_stm32f103xb.o
                0x08005bac                DMA1_Channel3_IRQHandler
 .text.DMA1_Channel4_IRQHandler
                0x08005bb2        0x6 build/startup_stm32f103xb.o
                0x08005bb2                DMA1_Channel4_IRQHandler
 .text.DMA1_Channel5_IRQHandler
                0x08005bb8        0x6 build/startup_stm32f103xb.o
                0x08005bb8                DMA1_Channel5_IRQHandler
 .text.DMA1_Channel6_IRQHandler
                0x08005bbe        0x6 build/startup_stm32f103xb.o
                0x08005bbe                DMA1_Channel6_IRQHandler
 .text.DMA1_Channel7_IRQHandler
                0x08005bc4        0x6 build/startup_stm32f103xb.o
                0x08005bc4                DMA1_Channel7_IRQHandler
 .text.ADC1_2_IRQHandler
                0x08005bca        0x6 build/startup_stm32f103xb.o
                0x08005bca                ADC1_2_IRQHandler
 .text.USB_HP_CAN1_TX_IRQHandler
                0x08005bd0        0x6 build/startup_stm32f103xb.o
                0x08005bd0                USB_HP_CAN1_TX_IRQHandler
 .text.USB_LP_CAN1_RX0_IRQHandler
                0x08005bd6        0x6 build/startup_stm32f103xb.o
                0x08005bd6                USB_LP_CAN1_RX0_IRQHandler
 .text.CAN1_RX1_IRQHandler
                0x08005bdc        0x6 build/startup_stm32f103xb.o
                0x08005bdc                CAN1_RX1_IRQHandler
 .text.CAN1_SCE_IRQHandler
                0x08005be2        0x6 build/startup_stm32f103xb.o
                0x08005be2                CAN1_SCE_IRQHandler
 .text.EXTI9_5_IRQHandler
                0x08005be8        0x6 build/startup_stm32f103xb.o
                0x08005be8                EXTI9_5_IRQHandler
 .text.TIM1_BRK_IRQHandler
                0x08005bee        0x6 build/startup_stm32f103xb.o
                0x08005bee                TIM1_BRK_IRQHandler
 .text.TIM1_UP_IRQHandler
                0x08005bf4        0x6 build/startup_stm32f103xb.o
                0x08005bf4                TIM1_UP_IRQHandler
 .text.TIM1_TRG_COM_IRQHandler
                0x08005bfa        0x6 build/startup_stm32f103xb.o
                0x08005bfa                TIM1_TRG_COM_IRQHandler
 .text.TIM1_CC_IRQHandler
                0x08005c00        0x6 build/startup_stm32f103xb.o
                0x08005c00                TIM1_CC_IRQHandler
 .text.TIM3_IRQHandler
                0x08005c06        0x6 build/startup_stm32f103xb.o
                0x08005c06                TIM3_IRQHandler
 .text.I2C1_EV_IRQHandler
                0x08005c0c        0x6 build/startup_stm32f103xb.o
                0x08005c0c                I2C1_EV_IRQHandler
 .text.I2C1_ER_IRQHandler
                0x08005c12        0x6 build/startup_stm32f103xb.o
                0x08005c12                I2C1_ER_IRQHandler
 .text.I2C2_EV_IRQHandler
                0x08005c18        0x6 build/startup_stm32f103xb.o
                0x08005c18                I2C2_EV_IRQHandler
 .text.I2C2_ER_IRQHandler
                0x08005c1e        0x6 build/startup_stm32f103xb.o
                0x08005c1e                I2C2_ER_IRQHandler
 .text.SPI1_IRQHandler
                0x08005c24        0x6 build/startup_stm32f103xb.o
                0x08005c24                SPI1_IRQHandler
 .text.SPI2_IRQHandler
                0x08005c2a        0x6 build/startup_stm32f103xb.o
                0x08005c2a                SPI2_IRQHandler
 .text.USART1_IRQHandler
                0x08005c30        0x6 build/startup_stm32f103xb.o
                0x08005c30                USART1_IRQHandler
 .text.USART3_IRQHandler
                0x08005c36        0x6 build/startup_stm32f103xb.o
                0x08005c36                USART3_IRQHandler
 .text.EXTI15_10_IRQHandler
                0x08005c3c        0x6 build/startup_stm32f103xb.o
                0x08005c3c                EXTI15_10_IRQHandler
 .text.RTC_Alarm_IRQHandler
                0x08005c42        0x6 build/startup_stm32f103xb.o
                0x08005c42                RTC_Alarm_IRQHandler
 .text.USBWakeUp_IRQHandler
                0x08005c48        0x6 build/startup_stm32f103xb.o
                0x08005c48                USBWakeUp_IRQHandler
 .text.BootRAM  0x08005c4e        0x6 build/startup_stm32f103xb.o
                0x08005c4e                BootRAM
 .text.TIM2_Handler
                0x08005c54       0x10 build/startup_stm32f103xb.o
                0x08005c54                TIM2_Handler
 .text.TIM2_IRQHandler
                0x08005c64        0x8 build/startup_stm32f103xb.o
                0x08005c64                TIM2_IRQHandler
 .text.TIM4_Handler
                0x08005c6c       0x10 build/startup_stm32f103xb.o
                0x08005c6c                TIM4_Handler
 .text.TIM4_IRQHandler
                0x08005c7c        0x8 build/startup_stm32f103xb.o
                0x08005c7c                TIM4_IRQHandler
 .text.UART2_Handler
                0x08005c84       0x10 build/startup_stm32f103xb.o
                0x08005c84                UART2_Handler
 .text.USART2_IRQHandler
                0x08005c94        0x8 build/startup_stm32f103xb.o
                0x08005c94                USART2_IRQHandler
 .text.SystemTick_Handler
                0x08005c9c        0xc build/startup_stm32f103xb.o
                0x08005c9c                SystemTick_Handler
 .text.SysTick_Handler
                0x08005ca8        0x8 build/startup_stm32f103xb.o
                0x08005ca8                SysTick_Handler
 .text.__libc_init_array
                0x08005cb0       0x48 d:/project/tools/gcc_arm/bin/../lib/gcc/arm-none-eabi/10.3.1/../../../../arm-none-eabi/lib/thumb/v7-m/nofp\libc_nano.a(lib_a-init.o)
                0x08005cb0                __libc_init_array
 .text.memset   0x08005cf8       0x10 d:/project/tools/gcc_arm/bin/../lib/gcc/arm-none-eabi/10.3.1/../../../../arm-none-eabi/lib/thumb/v7-m/nofp\libc_nano.a(lib_a-memset.o)
                0x08005cf8                memset
 *(.glue_7)
 .glue_7        0x08005d08        0x0 linker stubs
 *(.glue_7t)
 .glue_7t       0x08005d08        0x0 linker stubs
 *(.eh_frame)
 .eh_frame      0x08005d08        0x0 d:/project/tools/gcc_arm/bin/../lib/gcc/arm-none-eabi/10.3.1/thumb/v7-m/nofp/crtbegin.o
 *(.init)
 .init          0x08005d08        0x4 d:/project/tools/gcc_arm/bin/../lib/gcc/arm-none-eabi/10.3.1/thumb/v7-m/nofp/crti.o
                0x08005d08                _init
 .init          0x08005d0c        0x8 d:/project/tools/gcc_arm/bin/../lib/gcc/arm-none-eabi/10.3.1/thumb/v7-m/nofp/crtn.o
 *(.fini)
 .fini          0x08005d14        0x4 d:/project/tools/gcc_arm/bin/../lib/gcc/arm-none-eabi/10.3.1/thumb/v7-m/nofp/crti.o
                0x08005d14                _fini
 .fini          0x08005d18        0x8 d:/project/tools/gcc_arm/bin/../lib/gcc/arm-none-eabi/10.3.1/thumb/v7-m/nofp/crtn.o
                0x08005d20                . = ALIGN (0x4)
                0x08005d20                _etext = .

.vfp11_veneer   0x08005d20        0x0
 .vfp11_veneer  0x08005d20        0x0 linker stubs

.v4_bx          0x08005d20        0x0
 .v4_bx         0x08005d20        0x0 linker stubs

.iplt           0x08005d20        0x0
 .iplt          0x08005d20        0x0 d:/project/tools/gcc_arm/bin/../lib/gcc/arm-none-eabi/10.3.1/thumb/v7-m/nofp/crtbegin.o

.rodata         0x08005d20      0x830
                0x08005d20                . = ALIGN (0x4)
 *(.rodata)
 *(.rodata*)
 .rodata.OLED_Init.str1.4
                0x08005d20       0x1b build/oled.o
 *fill*         0x08005d3b        0x1 
 .rodata.OLED_Display.str1.4
                0x08005d3c       0x57 build/oled.o
 *fill*         0x08005d93        0x1 
 .rodata.Font7x10
                0x08005d94      0x76c build/oled_fonts.o
 .rodata.HAL_UART_RxCpltCallback.str1.4
                0x08006500       0x23 build/blutooth.o
 *fill*         0x08006523        0x1 
 .rodata.HAL_RCC_GetSysClockFreq.str1.4
                0x08006524       0x11 build/stm32f1xx_hal_rcc.o
 .rodata.HAL_RCCEx_GetPeriphCLKFreq.str1.4
                0x08006535       0x11 build/stm32f1xx_hal_rcc_ex.o
 *fill*         0x08006535        0x3 
 .rodata.AHBPrescTable
                0x08006538       0x10 build/system_stm32f1xx.o
                0x08006538                AHBPrescTable
 .rodata.APBPrescTable
                0x08006548        0x8 build/system_stm32f1xx.o
                0x08006548                APBPrescTable
                0x08006550                . = ALIGN (0x4)

.rel.dyn        0x08006550        0x0
 .rel.iplt      0x08006550        0x0 d:/project/tools/gcc_arm/bin/../lib/gcc/arm-none-eabi/10.3.1/thumb/v7-m/nofp/crtbegin.o

.ARM.extab
 *(.ARM.extab* .gnu.linkonce.armextab.*)

.ARM            0x08006550        0x0
                0x08006550                __exidx_start = .
 *(.ARM.exidx*)
                0x08006550                __exidx_end = .

.preinit_array  0x08006550        0x0
                0x08006550                PROVIDE (__preinit_array_start = .)
 *(.preinit_array*)
                0x08006550                PROVIDE (__preinit_array_end = .)

.init_array     0x08006550        0x4
                0x08006550                PROVIDE (__init_array_start = .)
 *(SORT_BY_NAME(.init_array.*))
 *(.init_array*)
 .init_array    0x08006550        0x4 d:/project/tools/gcc_arm/bin/../lib/gcc/arm-none-eabi/10.3.1/thumb/v7-m/nofp/crtbegin.o
                0x08006554                PROVIDE (__init_array_end = .)

.fini_array     0x08006554        0x4
                [!provide]                PROVIDE (__fini_array_start = .)
 *(SORT_BY_NAME(.fini_array.*))
 *(.fini_array*)
 .fini_array    0x08006554        0x4 d:/project/tools/gcc_arm/bin/../lib/gcc/arm-none-eabi/10.3.1/thumb/v7-m/nofp/crtbegin.o
                [!provide]                PROVIDE (__fini_array_end = .)
                0x08006558                _sidata = LOADADDR (.data)

.data           0x20000000       0x18 load address 0x08006558
                0x20000000                . = ALIGN (0x4)
                0x20000000                _sdata = .
 *(.data)
 *(.data*)
 .data.switch_submode
                0x20000000        0x1 build/switch.o
                0x20000000                switch_submode
 .data.Temp_Avg_CPU_Count
                0x20000001        0x1 build/temp.o
                0x20000001                Temp_Avg_CPU_Count
 .data.Temp_Avg_TP_Count
                0x20000002        0x1 build/temp.o
                0x20000002                Temp_Avg_TP_Count
 *fill*         0x20000003        0x1 
 .data.OLED_Font_7x10
                0x20000004        0x8 build/oled_fonts.o
                0x20000004                OLED_Font_7x10
 .data.uwTickFreq
                0x2000000c        0x1 build/stm32f1xx_hal.o
                0x2000000c                uwTickFreq
 *fill*         0x2000000d        0x3 
 .data.uwTickPrio
                0x20000010        0x4 build/stm32f1xx_hal.o
                0x20000010                uwTickPrio
 .data.SystemCoreClock
                0x20000014        0x4 build/system_stm32f1xx.o
                0x20000014                SystemCoreClock
                0x20000018                . = ALIGN (0x4)
                0x20000018                _edata = .

.igot.plt       0x20000018        0x0 load address 0x08006570
 .igot.plt      0x20000018        0x0 d:/project/tools/gcc_arm/bin/../lib/gcc/arm-none-eabi/10.3.1/thumb/v7-m/nofp/crtbegin.o
                0x20000018                . = ALIGN (0x4)

.bss            0x20000018      0x828 load address 0x08006570
                0x20000018                _sbss = .
                0x20000018                __bss_start__ = _sbss
 *(.bss)
 .bss           0x20000018       0x1c d:/project/tools/gcc_arm/bin/../lib/gcc/arm-none-eabi/10.3.1/thumb/v7-m/nofp/crtbegin.o
 *(.bss*)
 .bss.hadc1     0x20000034       0x30 build/main.o
                0x20000034                hadc1
 .bss.hi2c1     0x20000064       0x54 build/main.o
                0x20000064                hi2c1
 .bss.hi2c2     0x200000b8       0x54 build/main.o
                0x200000b8                hi2c2
 .bss.htim1     0x2000010c       0xb4 build/main.o
                0x2000010c                htim1
 .bss.htim2     0x200001c0       0xb4 build/main.o
                0x200001c0                htim2
 .bss.htim3     0x20000274       0xb4 build/main.o
                0x20000274                htim3
 .bss.htim4     0x20000328       0xb4 build/main.o
                0x20000328                htim4
 .bss.huart2    0x200003dc       0x74 build/main.o
                0x200003dc                huart2
 .bss.Os_Var    0x20000450       0x64 build/os.o
                0x20000450                Os_Var
 .bss.LED_TimeCounter
                0x200004b4        0x2 build/led.o
                0x200004b4                LED_TimeCounter
 .bss.LED_TimeCounter_Co2
                0x200004b6        0x2 build/led.o
                0x200004b6                LED_TimeCounter_Co2
 .bss.cup_in    0x200004b8        0x1 build/switch.o
                0x200004b8                cup_in
 .bss.cup_in_old
                0x200004b9        0x1 build/switch.o
                0x200004b9                cup_in_old
 .bss.switch1_status
                0x200004ba        0x1 build/switch.o
                0x200004ba                switch1_status
 .bss.switch1_status_old
                0x200004bb        0x1 build/switch.o
                0x200004bb                switch1_status_old
 .bss.switch2_status
                0x200004bc        0x1 build/switch.o
                0x200004bc                switch2_status
 .bss.switch2_status_old
                0x200004bd        0x1 build/switch.o
                0x200004bd                switch2_status_old
 .bss.switch3_status
                0x200004be        0x1 build/switch.o
                0x200004be                switch3_status
 .bss.switch3_status_old
                0x200004bf        0x1 build/switch.o
                0x200004bf                switch3_status_old
 .bss.switch4_mode
                0x200004c0        0x1 build/switch.o
                0x200004c0                switch4_mode
 .bss.switch4_mode_old
                0x200004c1        0x1 build/switch.o
                0x200004c1                switch4_mode_old
 .bss.switch4_status
                0x200004c2        0x1 build/switch.o
                0x200004c2                switch4_status
 .bss.switch4_status_old
                0x200004c3        0x1 build/switch.o
                0x200004c3                switch4_status_old
 .bss.switch_mode
                0x200004c4        0x1 build/switch.o
                0x200004c4                switch_mode
 .bss.switch_overtemp
                0x200004c5        0x1 build/switch.o
                0x200004c5                switch_overtemp
 .bss.switch_timer1
                0x200004c6        0x2 build/switch.o
                0x200004c6                switch_timer1
 .bss.switch_timer2
                0x200004c8        0x2 build/switch.o
                0x200004c8                switch_timer2
 .bss.switch_timer3
                0x200004ca        0x2 build/switch.o
                0x200004ca                switch_timer3
 .bss.Pwm_Duty_Fan
                0x200004cc        0x2 build/pwm.o
                0x200004cc                Pwm_Duty_Fan
 .bss.Pwm_Duty_Heater
                0x200004ce        0x2 build/pwm.o
                0x200004ce                Pwm_Duty_Heater
 .bss.Pwm_Duty_Peltier
                0x200004d0        0x2 build/pwm.o
                0x200004d0                Pwm_Duty_Peltier
 .bss.Pwm_Duty_Servo
                0x200004d2        0x2 build/pwm.o
                0x200004d2                Pwm_Duty_Servo
 .bss.Pwm_Led_Mode
                0x200004d4        0x1 build/pwm.o
                0x200004d4                Pwm_Led_Mode
 .bss.Pwm_Servo_status
                0x200004d5        0x1 build/pwm.o
                0x200004d5                Pwm_Servo_status
 .bss.Servo_timer
                0x200004d6        0x2 build/pwm.o
                0x200004d6                Servo_timer
 .bss.Target_Idle_Temp
                0x200004d8        0x2 build/pwm.o
                0x200004d8                Target_Idle_Temp
 .bss.Target_Run_Temp
                0x200004da        0x2 build/pwm.o
                0x200004da                Target_Run_Temp
 .bss.Target_Run_Time
                0x200004dc        0x4 build/pwm.o
                0x200004dc                Target_Run_Time
 .bss.first_status.0
                0x200004e0        0x1 build/pwm.o
 .bss.first_target_flag
                0x200004e1        0x1 build/pwm.o
                0x200004e1                first_target_flag
 .bss.Temp_Adc_CPU
                0x200004e2        0x2 build/temp.o
                0x200004e2                Temp_Adc_CPU
 .bss.Temp_Adc_CPU_Raw
                0x200004e4        0x2 build/temp.o
                0x200004e4                Temp_Adc_CPU_Raw
 .bss.Temp_Adc_CPU_Status
                0x200004e6        0x1 build/temp.o
                0x200004e6                Temp_Adc_CPU_Status
 *fill*         0x200004e7        0x1 
 .bss.Temp_Adc_CPU_Sum
                0x200004e8        0x4 build/temp.o
                0x200004e8                Temp_Adc_CPU_Sum
 .bss.Temp_Adc_CPU_Volt
                0x200004ec        0x2 build/temp.o
                0x200004ec                Temp_Adc_CPU_Volt
 .bss.Temp_Adc_TP
                0x200004ee        0x2 build/temp.o
                0x200004ee                Temp_Adc_TP
 .bss.Temp_Adc_TP_Raw
                0x200004f0        0x2 build/temp.o
                0x200004f0                Temp_Adc_TP_Raw
 .bss.Temp_Adc_TP_Status
                0x200004f2        0x1 build/temp.o
                0x200004f2                Temp_Adc_TP_Status
 *fill*         0x200004f3        0x1 
 .bss.Temp_Adc_TP_Sum
                0x200004f4        0x4 build/temp.o
                0x200004f4                Temp_Adc_TP_Sum
 .bss.Temp_Adc_TP_Volt
                0x200004f8        0x2 build/temp.o
                0x200004f8                Temp_Adc_TP_Volt
 *fill*         0x200004fa        0x2 
 .bss.OLED      0x200004fc        0x4 build/oled.o
                0x200004fc                OLED
 .bss.OLED_Buffer
                0x20000500      0x200 build/oled.o
 .bss.Tx_data   0x20000700       0x64 build/oled.o
                0x20000700                Tx_data
 .bss.CO2_Data  0x20000764        0x8 build/co2.o
                0x20000764                CO2_Data
 .bss.CO2_Data16
                0x2000076c        0x2 build/co2.o
                0x2000076c                CO2_Data16
 .bss.CO2_Data_w
                0x2000076e        0x1 build/co2.o
                0x2000076e                CO2_Data_w
 *fill*         0x2000076f        0x1 
 .bss.TVOC_Data16
                0x20000770        0x2 build/co2.o
                0x20000770                TVOC_Data16
 *fill*         0x20000772        0x2 
 .bss.Blutooth_Rx_Data
                0x20000774       0x64 build/blutooth.o
                0x20000774                Blutooth_Rx_Data
 .bss.Blutooth_Tx_Data
                0x200007d8       0x64 build/blutooth.o
                0x200007d8                Blutooth_Tx_Data
 .bss.uwTick    0x2000083c        0x4 build/stm32f1xx_hal.o
                0x2000083c                uwTick
 *(COMMON)
                0x20000840                . = ALIGN (0x4)
                0x20000840                _ebss = .
                0x20000840                __bss_end__ = _ebss

._user_heap_stack
                0x20000840      0x600 load address 0x08006570
                0x20000840                . = ALIGN (0x8)
                [!provide]                PROVIDE (end = .)
                [!provide]                PROVIDE (_end = .)
                0x20000a40                . = (. + _Min_Heap_Size)
 *fill*         0x20000840      0x200 
                0x20000e40                . = (. + _Min_Stack_Size)
 *fill*         0x20000a40      0x400 
                0x20000e40                . = ALIGN (0x8)

/DISCARD/
 libc.a(*)
 libm.a(*)
 libgcc.a(*)

.ARM.attributes
                0x00000000       0x29
 *(.ARM.attributes)
 .ARM.attributes
                0x00000000       0x1d d:/project/tools/gcc_arm/bin/../lib/gcc/arm-none-eabi/10.3.1/thumb/v7-m/nofp/crti.o
 .ARM.attributes
                0x0000001d       0x2d d:/project/tools/gcc_arm/bin/../lib/gcc/arm-none-eabi/10.3.1/thumb/v7-m/nofp/crtbegin.o
 .ARM.attributes
                0x0000004a       0x2d build/main.o
 .ARM.attributes
                0x00000077       0x2d build/stm32f1xx_it.o
 .ARM.attributes
                0x000000a4       0x2d build/stm32f1xx_hal_msp.o
 .ARM.attributes
                0x000000d1       0x2d build/os.o
 .ARM.attributes
                0x000000fe       0x2d build/led.o
 .ARM.attributes
                0x0000012b       0x2d build/switch.o
 .ARM.attributes
                0x00000158       0x2d build/pwm.o
 .ARM.attributes
                0x00000185       0x2d build/temp.o
 .ARM.attributes
                0x000001b2       0x2d build/oled.o
 .ARM.attributes
                0x000001df       0x2d build/oled_fonts.o
 .ARM.attributes
                0x0000020c       0x2d build/co2.o
 .ARM.attributes
                0x00000239       0x2d build/blutooth.o
 .ARM.attributes
                0x00000266       0x2d build/stm32f1xx_hal_adc.o
 .ARM.attributes
                0x00000293       0x2d build/stm32f1xx_hal.o
 .ARM.attributes
                0x000002c0       0x2d build/stm32f1xx_hal_rcc.o
 .ARM.attributes
                0x000002ed       0x2d build/stm32f1xx_hal_rcc_ex.o
 .ARM.attributes
                0x0000031a       0x2d build/stm32f1xx_hal_gpio.o
 .ARM.attributes
                0x00000347       0x2d build/stm32f1xx_hal_dma.o
 .ARM.attributes
                0x00000374       0x2d build/stm32f1xx_hal_cortex.o
 .ARM.attributes
                0x000003a1       0x2d build/stm32f1xx_hal_i2c.o
 .ARM.attributes
                0x000003ce       0x2d build/stm32f1xx_hal_tim.o
 .ARM.attributes
                0x000003fb       0x2d build/stm32f1xx_hal_tim_ex.o
 .ARM.attributes
                0x00000428       0x2d build/stm32f1xx_hal_uart.o
 .ARM.attributes
                0x00000455       0x2d build/system_stm32f1xx.o
 .ARM.attributes
                0x00000482       0x2d build/startup_stm32f103xb.o
 .ARM.attributes
                0x000004af       0x2d d:/project/tools/gcc_arm/bin/../lib/gcc/arm-none-eabi/10.3.1/../../../../arm-none-eabi/lib/thumb/v7-m/nofp\libc_nano.a(lib_a-init.o)
 .ARM.attributes
                0x000004dc       0x2d d:/project/tools/gcc_arm/bin/../lib/gcc/arm-none-eabi/10.3.1/../../../../arm-none-eabi/lib/thumb/v7-m/nofp\libc_nano.a(lib_a-memset.o)
 .ARM.attributes
                0x00000509       0x17 d:/project/tools/gcc_arm/bin/../lib/gcc/arm-none-eabi/10.3.1/../../../../arm-none-eabi/lib/thumb/v7-m/nofp\libc_nano.a(lib_a-strlen.o)
 .ARM.attributes
                0x00000520       0x1d d:/project/tools/gcc_arm/bin/../lib/gcc/arm-none-eabi/10.3.1/thumb/v7-m/nofp\libgcc.a(_arm_addsubsf3.o)
 .ARM.attributes
                0x0000053d       0x1d d:/project/tools/gcc_arm/bin/../lib/gcc/arm-none-eabi/10.3.1/thumb/v7-m/nofp\libgcc.a(_arm_muldivsf3.o)
 .ARM.attributes
                0x0000055a       0x1d d:/project/tools/gcc_arm/bin/../lib/gcc/arm-none-eabi/10.3.1/thumb/v7-m/nofp\libgcc.a(_arm_fixsfsi.o)
 .ARM.attributes
                0x00000577       0x1d d:/project/tools/gcc_arm/bin/../lib/gcc/arm-none-eabi/10.3.1/thumb/v7-m/nofp\libgcc.a(_arm_fixunssfsi.o)
 .ARM.attributes
                0x00000594       0x1d d:/project/tools/gcc_arm/bin/../lib/gcc/arm-none-eabi/10.3.1/thumb/v7-m/nofp/crtn.o
OUTPUT(build/AllPrime_Mug_temp.elf elf32-littlearm)
LOAD linker stubs
LOAD d:/project/tools/gcc_arm/bin/../lib/gcc/arm-none-eabi/10.3.1/../../../../arm-none-eabi/lib/thumb/v7-m/nofp\libc.a
LOAD d:/project/tools/gcc_arm/bin/../lib/gcc/arm-none-eabi/10.3.1/../../../../arm-none-eabi/lib/thumb/v7-m/nofp\libm.a
LOAD d:/project/tools/gcc_arm/bin/../lib/gcc/arm-none-eabi/10.3.1/thumb/v7-m/nofp\libgcc.a

.debug_info     0x00000000    0x1a105
 .debug_info    0x00000000     0x21a8 build/main.o
 .debug_info    0x000021a8      0x8c0 build/stm32f1xx_it.o
 .debug_info    0x00002a68     0x1b37 build/stm32f1xx_hal_msp.o
 .debug_info    0x0000459f      0x775 build/os.o
 .debug_info    0x00004d14      0x45b build/led.o
 .debug_info    0x0000516f      0x42c build/switch.o
 .debug_info    0x0000559b      0x50a build/pwm.o
 .debug_info    0x00005aa5      0x87b build/temp.o
 .debug_info    0x00006320     0x1157 build/oled.o
 .debug_info    0x00007477      0x2c3 build/oled_fonts.o
 .debug_info    0x0000773a      0x7d1 build/co2.o
 .debug_info    0x00007f0b      0x861 build/blutooth.o
 .debug_info    0x0000876c     0x1025 build/stm32f1xx_hal_adc.o
 .debug_info    0x00009791      0x855 build/stm32f1xx_hal.o
 .debug_info    0x00009fe6      0xaec build/stm32f1xx_hal_rcc.o
 .debug_info    0x0000aad2      0x479 build/stm32f1xx_hal_rcc_ex.o
 .debug_info    0x0000af4b      0x6d7 build/stm32f1xx_hal_gpio.o
 .debug_info    0x0000b622      0x8bb build/stm32f1xx_hal_dma.o
 .debug_info    0x0000bedd      0xe2d build/stm32f1xx_hal_cortex.o
 .debug_info    0x0000cd0a     0x3c52 build/stm32f1xx_hal_i2c.o
 .debug_info    0x0001095c     0x4161 build/stm32f1xx_hal_tim.o
 .debug_info    0x00014abd     0x1d23 build/stm32f1xx_hal_tim_ex.o
 .debug_info    0x000167e0     0x20bb build/stm32f1xx_hal_uart.o
 .debug_info    0x0001889b      0x26e build/system_stm32f1xx.o
 .debug_info    0x00018b09     0x15fc build/startup_stm32f103xb.o

.debug_abbrev   0x00000000     0x3420
 .debug_abbrev  0x00000000      0x29f build/main.o
 .debug_abbrev  0x0000029f      0x174 build/stm32f1xx_it.o
 .debug_abbrev  0x00000413      0x235 build/stm32f1xx_hal_msp.o
 .debug_abbrev  0x00000648      0x18b build/os.o
 .debug_abbrev  0x000007d3      0x118 build/led.o
 .debug_abbrev  0x000008eb      0x127 build/switch.o
 .debug_abbrev  0x00000a12      0x177 build/pwm.o
 .debug_abbrev  0x00000b89      0x1d6 build/temp.o
 .debug_abbrev  0x00000d5f      0x315 build/oled.o
 .debug_abbrev  0x00001074      0x139 build/oled_fonts.o
 .debug_abbrev  0x000011ad      0x1af build/co2.o
 .debug_abbrev  0x0000135c      0x1bd build/blutooth.o
 .debug_abbrev  0x00001519      0x239 build/stm32f1xx_hal_adc.o
 .debug_abbrev  0x00001752      0x1f7 build/stm32f1xx_hal.o
 .debug_abbrev  0x00001949      0x29a build/stm32f1xx_hal_rcc.o
 .debug_abbrev  0x00001be3      0x1d5 build/stm32f1xx_hal_rcc_ex.o
 .debug_abbrev  0x00001db8      0x222 build/stm32f1xx_hal_gpio.o
 .debug_abbrev  0x00001fda      0x244 build/stm32f1xx_hal_dma.o
 .debug_abbrev  0x0000221e      0x359 build/stm32f1xx_hal_cortex.o
 .debug_abbrev  0x00002577      0x306 build/stm32f1xx_hal_i2c.o
 .debug_abbrev  0x0000287d      0x2c1 build/stm32f1xx_hal_tim.o
 .debug_abbrev  0x00002b3e      0x2b2 build/stm32f1xx_hal_tim_ex.o
 .debug_abbrev  0x00002df0      0x2d9 build/stm32f1xx_hal_uart.o
 .debug_abbrev  0x000030c9      0x140 build/system_stm32f1xx.o
 .debug_abbrev  0x00003209      0x217 build/startup_stm32f103xb.o

.debug_loc      0x00000000    0x14023
 .debug_loc     0x00000000      0x257 build/main.o
 .debug_loc     0x00000257       0x5c build/stm32f1xx_it.o
 .debug_loc     0x000002b3      0x4f8 build/stm32f1xx_hal_msp.o
 .debug_loc     0x000007ab      0x376 build/os.o
 .debug_loc     0x00000b21       0x20 build/led.o
 .debug_loc     0x00000b41       0x20 build/switch.o
 .debug_loc     0x00000b61       0x84 build/pwm.o
 .debug_loc     0x00000be5       0x51 build/temp.o
 .debug_loc     0x00000c36      0x900 build/oled.o
 .debug_loc     0x00001536       0x8c build/oled_fonts.o
 .debug_loc     0x000015c2       0x90 build/co2.o
 .debug_loc     0x00001652       0x82 build/blutooth.o
 .debug_loc     0x000016d4      0xdf1 build/stm32f1xx_hal_adc.o
 .debug_loc     0x000024c5      0x1e1 build/stm32f1xx_hal.o
 .debug_loc     0x000026a6      0x7ee build/stm32f1xx_hal_rcc.o
 .debug_loc     0x00002e94      0x444 build/stm32f1xx_hal_rcc_ex.o
 .debug_loc     0x000032d8      0x551 build/stm32f1xx_hal_gpio.o
 .debug_loc     0x00003829      0x901 build/stm32f1xx_hal_dma.o
 .debug_loc     0x0000412a      0x77f build/stm32f1xx_hal_cortex.o
 .debug_loc     0x000048a9     0x4e39 build/stm32f1xx_hal_i2c.o
 .debug_loc     0x000096e2     0x54de build/stm32f1xx_hal_tim.o
 .debug_loc     0x0000ebc0     0x1f4b build/stm32f1xx_hal_tim_ex.o
 .debug_loc     0x00010b0b     0x2c26 build/stm32f1xx_hal_uart.o
 .debug_loc     0x00013731       0xff build/system_stm32f1xx.o
 .debug_loc     0x00013830      0x7f3 build/startup_stm32f103xb.o

.debug_aranges  0x00000000     0x1350
 .debug_aranges
                0x00000000       0x78 build/main.o
 .debug_aranges
                0x00000078       0x20 build/stm32f1xx_it.o
 .debug_aranges
                0x00000098       0x68 build/stm32f1xx_hal_msp.o
 .debug_aranges
                0x00000100       0x78 build/os.o
 .debug_aranges
                0x00000178       0x20 build/led.o
 .debug_aranges
                0x00000198       0x20 build/switch.o
 .debug_aranges
                0x000001b8       0x50 build/pwm.o
 .debug_aranges
                0x00000208       0x28 build/temp.o
 .debug_aranges
                0x00000230       0x70 build/oled.o
 .debug_aranges
                0x000002a0       0x20 build/oled_fonts.o
 .debug_aranges
                0x000002c0       0x30 build/co2.o
 .debug_aranges
                0x000002f0       0x30 build/blutooth.o
 .debug_aranges
                0x00000320       0xf0 build/stm32f1xx_hal_adc.o
 .debug_aranges
                0x00000410       0xe0 build/stm32f1xx_hal.o
 .debug_aranges
                0x000004f0       0x90 build/stm32f1xx_hal_rcc.o
 .debug_aranges
                0x00000580       0x30 build/stm32f1xx_hal_rcc_ex.o
 .debug_aranges
                0x000005b0       0x58 build/stm32f1xx_hal_gpio.o
 .debug_aranges
                0x00000608       0x80 build/stm32f1xx_hal_dma.o
 .debug_aranges
                0x00000688       0x90 build/stm32f1xx_hal_cortex.o
 .debug_aranges
                0x00000718      0x2a0 build/stm32f1xx_hal_i2c.o
 .debug_aranges
                0x000009b8      0x3e8 build/stm32f1xx_hal_tim.o
 .debug_aranges
                0x00000da0      0x168 build/stm32f1xx_hal_tim_ex.o
 .debug_aranges
                0x00000f08      0x228 build/stm32f1xx_hal_uart.o
 .debug_aranges
                0x00001130       0x28 build/system_stm32f1xx.o
 .debug_aranges
                0x00001158      0x1f8 build/startup_stm32f103xb.o

.debug_ranges   0x00000000     0x12e8
 .debug_ranges  0x00000000       0x68 build/main.o
 .debug_ranges  0x00000068       0x10 build/stm32f1xx_it.o
 .debug_ranges  0x00000078       0x58 build/stm32f1xx_hal_msp.o
 .debug_ranges  0x000000d0       0x68 build/os.o
 .debug_ranges  0x00000138       0x10 build/led.o
 .debug_ranges  0x00000148       0x10 build/switch.o
 .debug_ranges  0x00000158       0x40 build/pwm.o
 .debug_ranges  0x00000198       0x18 build/temp.o
 .debug_ranges  0x000001b0       0xd8 build/oled.o
 .debug_ranges  0x00000288       0x10 build/oled_fonts.o
 .debug_ranges  0x00000298       0x20 build/co2.o
 .debug_ranges  0x000002b8       0x20 build/blutooth.o
 .debug_ranges  0x000002d8       0xe0 build/stm32f1xx_hal_adc.o
 .debug_ranges  0x000003b8       0xd0 build/stm32f1xx_hal.o
 .debug_ranges  0x00000488       0xa0 build/stm32f1xx_hal_rcc.o
 .debug_ranges  0x00000528       0x38 build/stm32f1xx_hal_rcc_ex.o
 .debug_ranges  0x00000560       0x48 build/stm32f1xx_hal_gpio.o
 .debug_ranges  0x000005a8       0x70 build/stm32f1xx_hal_dma.o
 .debug_ranges  0x00000618       0xe0 build/stm32f1xx_hal_cortex.o
 .debug_ranges  0x000006f8      0x2a8 build/stm32f1xx_hal_i2c.o
 .debug_ranges  0x000009a0      0x3d8 build/stm32f1xx_hal_tim.o
 .debug_ranges  0x00000d78      0x158 build/stm32f1xx_hal_tim_ex.o
 .debug_ranges  0x00000ed0      0x218 build/stm32f1xx_hal_uart.o
 .debug_ranges  0x000010e8       0x18 build/system_stm32f1xx.o
 .debug_ranges  0x00001100      0x1e8 build/startup_stm32f103xb.o

.debug_line     0x00000000    0x15d03
 .debug_line    0x00000000      0x9ae build/main.o
 .debug_line    0x000009ae      0x1b8 build/stm32f1xx_it.o
 .debug_line    0x00000b66      0x596 build/stm32f1xx_hal_msp.o
 .debug_line    0x000010fc      0x386 build/os.o
 .debug_line    0x00001482      0x302 build/led.o
 .debug_line    0x00001784      0x3c3 build/switch.o
 .debug_line    0x00001b47      0x686 build/pwm.o
 .debug_line    0x000021cd      0x71d build/temp.o
 .debug_line    0x000028ea      0x8f1 build/oled.o
 .debug_line    0x000031db       0xc9 build/oled_fonts.o
 .debug_line    0x000032a4      0x204 build/co2.o
 .debug_line    0x000034a8      0x261 build/blutooth.o
 .debug_line    0x00003709      0xea4 build/stm32f1xx_hal_adc.o
 .debug_line    0x000045ad      0x4e6 build/stm32f1xx_hal.o
 .debug_line    0x00004a93      0xbe4 build/stm32f1xx_hal_rcc.o
 .debug_line    0x00005677      0x456 build/stm32f1xx_hal_rcc_ex.o
 .debug_line    0x00005acd      0x59b build/stm32f1xx_hal_gpio.o
 .debug_line    0x00006068      0xa0b build/stm32f1xx_hal_dma.o
 .debug_line    0x00006a73      0x5f1 build/stm32f1xx_hal_cortex.o
 .debug_line    0x00007064     0x54d2 build/stm32f1xx_hal_i2c.o
 .debug_line    0x0000c536     0x4d65 build/stm32f1xx_hal_tim.o
 .debug_line    0x0001129b     0x1b2b build/stm32f1xx_hal_tim_ex.o
 .debug_line    0x00012dc6     0x261e build/stm32f1xx_hal_uart.o
 .debug_line    0x000153e4      0x1fe build/system_stm32f1xx.o
 .debug_line    0x000155e2      0x721 build/startup_stm32f103xb.o

.debug_str      0x00000000     0x5d79
 .debug_str     0x00000000     0x12e0 build/main.o
                               0x15d2 (size before relaxing)
 .debug_str     0x000012e0       0x5b build/stm32f1xx_it.o
                                0x8ed (size before relaxing)
 .debug_str     0x0000133b      0x426 build/stm32f1xx_hal_msp.o
                               0x13cb (size before relaxing)
 .debug_str     0x00001761      0x4b3 build/os.o
                                0x580 (size before relaxing)
 .debug_str     0x00001c14       0x88 build/led.o
                                0x248 (size before relaxing)
 .debug_str     0x00001c9c      0x12e build/switch.o
                                0x317 (size before relaxing)
 .debug_str     0x00001dca      0x127 build/pwm.o
                                0x349 (size before relaxing)
 .debug_str     0x00001ef1      0x197 build/temp.o
                                0x654 (size before relaxing)
 .debug_str     0x00002088      0x1cc build/oled.o
                                0x853 (size before relaxing)
 .debug_str     0x00002254       0xa1 build/oled_fonts.o
                                0x249 (size before relaxing)
 .debug_str     0x000022f5       0x59 build/co2.o
                                0x694 (size before relaxing)
 .debug_str     0x0000234e       0x99 build/blutooth.o
                                0x6be (size before relaxing)
 .debug_str     0x000023e7      0x32f build/stm32f1xx_hal_adc.o
                                0x8ad (size before relaxing)
 .debug_str     0x00002716      0x2ef build/stm32f1xx_hal.o
                                0x7fe (size before relaxing)
 .debug_str     0x00002a05      0x1fe build/stm32f1xx_hal_rcc.o
                                0x605 (size before relaxing)
 .debug_str     0x00002c03       0x81 build/stm32f1xx_hal_rcc_ex.o
                                0x3ad (size before relaxing)
 .debug_str     0x00002c84      0x101 build/stm32f1xx_hal_gpio.o
                                0x3da (size before relaxing)
 .debug_str     0x00002d85      0x20e build/stm32f1xx_hal_dma.o
                                0x5d7 (size before relaxing)
 .debug_str     0x00002f93      0x39b build/stm32f1xx_hal_cortex.o
                                0x8ad (size before relaxing)
 .debug_str     0x0000332e      0x83e build/stm32f1xx_hal_i2c.o
                                0xf92 (size before relaxing)
 .debug_str     0x00003b6c     0x10c6 build/stm32f1xx_hal_tim.o
                               0x1bfe (size before relaxing)
 .debug_str     0x00004c32      0x48b build/stm32f1xx_hal_tim_ex.o
                               0x106f (size before relaxing)
 .debug_str     0x000050bd      0x7ad build/stm32f1xx_hal_uart.o
                                0xf73 (size before relaxing)
 .debug_str     0x0000586a       0x4f build/system_stm32f1xx.o
                                0x22e (size before relaxing)
 .debug_str     0x000058b9      0x4c0 build/startup_stm32f103xb.o
                               0x1081 (size before relaxing)

.comment        0x00000000       0x92
 .comment       0x00000000       0x49 build/main.o
                                 0x4a (size before relaxing)
 .comment       0x00000049       0x4a build/stm32f1xx_it.o
 .comment       0x00000049       0x4a build/stm32f1xx_hal_msp.o
 .comment       0x00000049       0x49 build/os.o
                                 0x4a (size before relaxing)
 .comment       0x00000092       0x4a build/led.o
 .comment       0x00000092       0x4a build/switch.o
 .comment       0x00000092       0x4a build/pwm.o
 .comment       0x00000092       0x4a build/temp.o
 .comment       0x00000092       0x4a build/oled.o
 .comment       0x00000092       0x4a build/oled_fonts.o
 .comment       0x00000092       0x4a build/co2.o
 .comment       0x00000092       0x4a build/blutooth.o
 .comment       0x00000092       0x4a build/stm32f1xx_hal_adc.o
 .comment       0x00000092       0x4a build/stm32f1xx_hal.o
 .comment       0x00000092       0x4a build/stm32f1xx_hal_rcc.o
 .comment       0x00000092       0x4a build/stm32f1xx_hal_rcc_ex.o
 .comment       0x00000092       0x4a build/stm32f1xx_hal_gpio.o
 .comment       0x00000092       0x4a build/stm32f1xx_hal_dma.o
 .comment       0x00000092       0x4a build/stm32f1xx_hal_cortex.o
 .comment       0x00000092       0x4a build/stm32f1xx_hal_i2c.o
 .comment       0x00000092       0x4a build/stm32f1xx_hal_tim.o
 .comment       0x00000092       0x4a build/stm32f1xx_hal_tim_ex.o
 .comment       0x00000092       0x4a build/stm32f1xx_hal_uart.o
 .comment       0x00000092       0x4a build/system_stm32f1xx.o
 .comment       0x00000092       0x4a build/startup_stm32f103xb.o

.debug_frame    0x00000000     0x36c8
 .debug_frame   0x00000000      0x16c build/main.o
 .debug_frame   0x0000016c       0x28 build/stm32f1xx_it.o
 .debug_frame   0x00000194      0x12c build/stm32f1xx_hal_msp.o
 .debug_frame   0x000002c0      0x118 build/os.o
 .debug_frame   0x000003d8       0x28 build/led.o
 .debug_frame   0x00000400       0x2c build/switch.o
 .debug_frame   0x0000042c       0x90 build/pwm.o
 .debug_frame   0x000004bc       0x38 build/temp.o
 .debug_frame   0x000004f4      0x128 build/oled.o
 .debug_frame   0x0000061c       0x2c build/oled_fonts.o
 .debug_frame   0x00000648       0x6c build/co2.o
 .debug_frame   0x000006b4       0x58 build/blutooth.o
 .debug_frame   0x0000070c      0x2c4 build/stm32f1xx_hal_adc.o
 .debug_frame   0x000009d0      0x1cc build/stm32f1xx_hal.o
 .debug_frame   0x00000b9c      0x190 build/stm32f1xx_hal_rcc.o
 .debug_frame   0x00000d2c       0x64 build/stm32f1xx_hal_rcc_ex.o
 .debug_frame   0x00000d90       0xe4 build/stm32f1xx_hal_gpio.o
 .debug_frame   0x00000e74      0x144 build/stm32f1xx_hal_dma.o
 .debug_frame   0x00000fb8      0x118 build/stm32f1xx_hal_cortex.o
 .debug_frame   0x000010d0      0x970 build/stm32f1xx_hal_i2c.o
 .debug_frame   0x00001a40      0xb60 build/stm32f1xx_hal_tim.o
 .debug_frame   0x000025a0      0x40c build/stm32f1xx_hal_tim_ex.o
 .debug_frame   0x000029ac      0x62c build/stm32f1xx_hal_uart.o
 .debug_frame   0x00002fd8       0x30 build/system_stm32f1xx.o
 .debug_frame   0x00003008      0x5a8 build/startup_stm32f103xb.o
 .debug_frame   0x000035b0       0x2c d:/project/tools/gcc_arm/bin/../lib/gcc/arm-none-eabi/10.3.1/../../../../arm-none-eabi/lib/thumb/v7-m/nofp\libc_nano.a(lib_a-init.o)
 .debug_frame   0x000035dc       0x20 d:/project/tools/gcc_arm/bin/../lib/gcc/arm-none-eabi/10.3.1/../../../../arm-none-eabi/lib/thumb/v7-m/nofp\libc_nano.a(lib_a-memset.o)
 .debug_frame   0x000035fc       0x4c d:/project/tools/gcc_arm/bin/../lib/gcc/arm-none-eabi/10.3.1/thumb/v7-m/nofp\libgcc.a(_arm_addsubsf3.o)
 .debug_frame   0x00003648       0x38 d:/project/tools/gcc_arm/bin/../lib/gcc/arm-none-eabi/10.3.1/thumb/v7-m/nofp\libgcc.a(_arm_muldivsf3.o)
 .debug_frame   0x00003680       0x24 d:/project/tools/gcc_arm/bin/../lib/gcc/arm-none-eabi/10.3.1/thumb/v7-m/nofp\libgcc.a(_arm_fixsfsi.o)
 .debug_frame   0x000036a4       0x24 d:/project/tools/gcc_arm/bin/../lib/gcc/arm-none-eabi/10.3.1/thumb/v7-m/nofp\libgcc.a(_arm_fixunssfsi.o)

Cross Reference Table

Symbol                                            File
ADC1_2_IRQHandler                                 build/startup_stm32f103xb.o
ADC_ConversionStop_Disable                        build/stm32f1xx_hal_adc.o
                                                  build/stm32f1xx_hal_adc_ex.o
ADC_DMAConvCplt                                   build/stm32f1xx_hal_adc.o
                                                  build/stm32f1xx_hal_adc_ex.o
ADC_DMAError                                      build/stm32f1xx_hal_adc.o
                                                  build/stm32f1xx_hal_adc_ex.o
ADC_DMAHalfConvCplt                               build/stm32f1xx_hal_adc.o
                                                  build/stm32f1xx_hal_adc_ex.o
ADC_Enable                                        build/stm32f1xx_hal_adc.o
                                                  build/stm32f1xx_hal_adc_ex.o
AHBPrescTable                                     build/system_stm32f1xx.o
                                                  build/stm32f1xx_hal_rcc.o
APBPrescTable                                     build/system_stm32f1xx.o
                                                  build/stm32f1xx_hal_rcc.o
Blutooth_Communication                            build/blutooth.o
Blutooth_Init                                     build/blutooth.o
Blutooth_Rx_Data                                  build/blutooth.o
Blutooth_Tx_Data                                  build/blutooth.o
BootRAM                                           build/startup_stm32f103xb.o
BusFault_Handler                                  build/startup_stm32f103xb.o
CAN1_RX1_IRQHandler                               build/startup_stm32f103xb.o
CAN1_SCE_IRQHandler                               build/startup_stm32f103xb.o
CO2_Address                                       build/co2.o
CO2_Communication                                 build/co2.o
                                                  build/os.o
CO2_Data                                          build/co2.o
CO2_Data16                                        build/co2.o
                                                  build/oled.o
                                                  build/led.o
CO2_Data_w                                        build/co2.o
CO2_Init                                          build/co2.o
                                                  build/os.o
DMA1_Channel1_IRQHandler                          build/startup_stm32f103xb.o
DMA1_Channel2_IRQHandler                          build/startup_stm32f103xb.o
DMA1_Channel3_IRQHandler                          build/startup_stm32f103xb.o
DMA1_Channel4_IRQHandler                          build/startup_stm32f103xb.o
DMA1_Channel5_IRQHandler                          build/startup_stm32f103xb.o
DMA1_Channel6_IRQHandler                          build/startup_stm32f103xb.o
DMA1_Channel7_IRQHandler                          build/startup_stm32f103xb.o
DebugMon_Handler                                  build/startup_stm32f103xb.o
Default_Handler                                   build/startup_stm32f103xb.o
EXTI0_IRQHandler                                  build/startup_stm32f103xb.o
EXTI15_10_IRQHandler                              build/startup_stm32f103xb.o
EXTI1_IRQHandler                                  build/startup_stm32f103xb.o
EXTI2_IRQHandler                                  build/startup_stm32f103xb.o
EXTI3_IRQHandler                                  build/startup_stm32f103xb.o
EXTI4_IRQHandler                                  build/startup_stm32f103xb.o
EXTI9_5_IRQHandler                                build/startup_stm32f103xb.o
Error_Handler                                     build/main.o
FLASH_IRQHandler                                  build/startup_stm32f103xb.o
FLASH_PageErase                                   build/stm32f1xx_hal_flash_ex.o
                                                  build/stm32f1xx_hal_flash.o
FLASH_WaitForLastOperation                        build/stm32f1xx_hal_flash.o
                                                  build/stm32f1xx_hal_flash_ex.o
HAL_ADCEx_Calibration_Start                       build/stm32f1xx_hal_adc_ex.o
HAL_ADCEx_InjectedConfigChannel                   build/stm32f1xx_hal_adc_ex.o
HAL_ADCEx_InjectedConvCpltCallback                build/stm32f1xx_hal_adc_ex.o
                                                  build/stm32f1xx_hal_adc.o
HAL_ADCEx_InjectedGetValue                        build/stm32f1xx_hal_adc_ex.o
HAL_ADCEx_InjectedPollForConversion               build/stm32f1xx_hal_adc_ex.o
HAL_ADCEx_InjectedStart                           build/stm32f1xx_hal_adc_ex.o
HAL_ADCEx_InjectedStart_IT                        build/stm32f1xx_hal_adc_ex.o
HAL_ADCEx_InjectedStop                            build/stm32f1xx_hal_adc_ex.o
HAL_ADCEx_InjectedStop_IT                         build/stm32f1xx_hal_adc_ex.o
HAL_ADCEx_MultiModeConfigChannel                  build/stm32f1xx_hal_adc_ex.o
HAL_ADCEx_MultiModeGetValue                       build/stm32f1xx_hal_adc_ex.o
HAL_ADCEx_MultiModeStart_DMA                      build/stm32f1xx_hal_adc_ex.o
HAL_ADCEx_MultiModeStop_DMA                       build/stm32f1xx_hal_adc_ex.o
HAL_ADC_AnalogWDGConfig                           build/stm32f1xx_hal_adc.o
HAL_ADC_ConfigChannel                             build/stm32f1xx_hal_adc.o
                                                  build/main.o
HAL_ADC_ConvCpltCallback                          build/stm32f1xx_hal_adc.o
HAL_ADC_ConvHalfCpltCallback                      build/stm32f1xx_hal_adc.o
HAL_ADC_DeInit                                    build/stm32f1xx_hal_adc.o
HAL_ADC_ErrorCallback                             build/stm32f1xx_hal_adc.o
HAL_ADC_GetError                                  build/stm32f1xx_hal_adc.o
HAL_ADC_GetState                                  build/stm32f1xx_hal_adc.o
HAL_ADC_GetValue                                  build/stm32f1xx_hal_adc.o
                                                  build/temp.o
HAL_ADC_IRQHandler                                build/stm32f1xx_hal_adc.o
HAL_ADC_Init                                      build/stm32f1xx_hal_adc.o
                                                  build/main.o
HAL_ADC_LevelOutOfWindowCallback                  build/stm32f1xx_hal_adc.o
HAL_ADC_MspDeInit                                 build/stm32f1xx_hal_msp.o
HAL_ADC_MspInit                                   build/stm32f1xx_hal_msp.o
HAL_ADC_PollForConversion                         build/stm32f1xx_hal_adc.o
                                                  build/temp.o
HAL_ADC_PollForEvent                              build/stm32f1xx_hal_adc.o
HAL_ADC_Start                                     build/stm32f1xx_hal_adc.o
                                                  build/temp.o
HAL_ADC_Start_DMA                                 build/stm32f1xx_hal_adc.o
HAL_ADC_Start_IT                                  build/stm32f1xx_hal_adc.o
HAL_ADC_Stop                                      build/stm32f1xx_hal_adc.o
HAL_ADC_Stop_DMA                                  build/stm32f1xx_hal_adc.o
HAL_ADC_Stop_IT                                   build/stm32f1xx_hal_adc.o
HAL_DBGMCU_DisableDBGSleepMode                    build/stm32f1xx_hal.o
HAL_DBGMCU_DisableDBGStandbyMode                  build/stm32f1xx_hal.o
HAL_DBGMCU_DisableDBGStopMode                     build/stm32f1xx_hal.o
HAL_DBGMCU_EnableDBGSleepMode                     build/stm32f1xx_hal.o
HAL_DBGMCU_EnableDBGStandbyMode                   build/stm32f1xx_hal.o
HAL_DBGMCU_EnableDBGStopMode                      build/stm32f1xx_hal.o
HAL_DMA_Abort                                     build/stm32f1xx_hal_dma.o
                                                  build/stm32f1xx_hal_uart.o
                                                  build/stm32f1xx_hal_adc_ex.o
                                                  build/stm32f1xx_hal_adc.o
HAL_DMA_Abort_IT                                  build/stm32f1xx_hal_dma.o
                                                  build/stm32f1xx_hal_uart.o
                                                  build/stm32f1xx_hal_tim_ex.o
                                                  build/stm32f1xx_hal_tim.o
                                                  build/stm32f1xx_hal_i2c.o
HAL_DMA_DeInit                                    build/stm32f1xx_hal_dma.o
HAL_DMA_GetError                                  build/stm32f1xx_hal_dma.o
                                                  build/stm32f1xx_hal_uart.o
HAL_DMA_GetState                                  build/stm32f1xx_hal_dma.o
                                                  build/stm32f1xx_hal_i2c.o
HAL_DMA_IRQHandler                                build/stm32f1xx_hal_dma.o
HAL_DMA_Init                                      build/stm32f1xx_hal_dma.o
HAL_DMA_PollForTransfer                           build/stm32f1xx_hal_dma.o
HAL_DMA_RegisterCallback                          build/stm32f1xx_hal_dma.o
HAL_DMA_Start                                     build/stm32f1xx_hal_dma.o
HAL_DMA_Start_IT                                  build/stm32f1xx_hal_dma.o
                                                  build/stm32f1xx_hal_uart.o
                                                  build/stm32f1xx_hal_tim_ex.o
                                                  build/stm32f1xx_hal_tim.o
                                                  build/stm32f1xx_hal_i2c.o
                                                  build/stm32f1xx_hal_adc_ex.o
                                                  build/stm32f1xx_hal_adc.o
HAL_DMA_UnRegisterCallback                        build/stm32f1xx_hal_dma.o
HAL_DeInit                                        build/stm32f1xx_hal.o
HAL_Delay                                         build/stm32f1xx_hal.o
HAL_EXTI_ClearConfigLine                          build/stm32f1xx_hal_exti.o
HAL_EXTI_ClearPending                             build/stm32f1xx_hal_exti.o
HAL_EXTI_GenerateSWI                              build/stm32f1xx_hal_exti.o
HAL_EXTI_GetConfigLine                            build/stm32f1xx_hal_exti.o
HAL_EXTI_GetHandle                                build/stm32f1xx_hal_exti.o
HAL_EXTI_GetPending                               build/stm32f1xx_hal_exti.o
HAL_EXTI_IRQHandler                               build/stm32f1xx_hal_exti.o
HAL_EXTI_RegisterCallback                         build/stm32f1xx_hal_exti.o
HAL_EXTI_SetConfigLine                            build/stm32f1xx_hal_exti.o
HAL_FLASHEx_Erase                                 build/stm32f1xx_hal_flash_ex.o
HAL_FLASHEx_Erase_IT                              build/stm32f1xx_hal_flash_ex.o
HAL_FLASHEx_OBErase                               build/stm32f1xx_hal_flash_ex.o
HAL_FLASHEx_OBGetConfig                           build/stm32f1xx_hal_flash_ex.o
HAL_FLASHEx_OBGetUserData                         build/stm32f1xx_hal_flash_ex.o
HAL_FLASHEx_OBProgram                             build/stm32f1xx_hal_flash_ex.o
HAL_FLASH_EndOfOperationCallback                  build/stm32f1xx_hal_flash.o
HAL_FLASH_GetError                                build/stm32f1xx_hal_flash.o
HAL_FLASH_IRQHandler                              build/stm32f1xx_hal_flash.o
HAL_FLASH_Lock                                    build/stm32f1xx_hal_flash.o
HAL_FLASH_OB_Launch                               build/stm32f1xx_hal_flash.o
HAL_FLASH_OB_Lock                                 build/stm32f1xx_hal_flash.o
HAL_FLASH_OB_Unlock                               build/stm32f1xx_hal_flash.o
HAL_FLASH_OperationErrorCallback                  build/stm32f1xx_hal_flash.o
HAL_FLASH_Program                                 build/stm32f1xx_hal_flash.o
HAL_FLASH_Program_IT                              build/stm32f1xx_hal_flash.o
HAL_FLASH_Unlock                                  build/stm32f1xx_hal_flash.o
HAL_GPIOEx_ConfigEventout                         build/stm32f1xx_hal_gpio_ex.o
HAL_GPIOEx_DisableEventout                        build/stm32f1xx_hal_gpio_ex.o
HAL_GPIOEx_EnableEventout                         build/stm32f1xx_hal_gpio_ex.o
HAL_GPIO_DeInit                                   build/stm32f1xx_hal_gpio.o
                                                  build/stm32f1xx_hal_msp.o
HAL_GPIO_EXTI_Callback                            build/stm32f1xx_hal_gpio.o
HAL_GPIO_EXTI_IRQHandler                          build/stm32f1xx_hal_gpio.o
HAL_GPIO_Init                                     build/stm32f1xx_hal_gpio.o
                                                  build/stm32f1xx_hal_rcc.o
                                                  build/stm32f1xx_hal_msp.o
                                                  build/main.o
HAL_GPIO_LockPin                                  build/stm32f1xx_hal_gpio.o
HAL_GPIO_ReadPin                                  build/stm32f1xx_hal_gpio.o
                                                  build/switch.o
HAL_GPIO_TogglePin                                build/stm32f1xx_hal_gpio.o
HAL_GPIO_WritePin                                 build/stm32f1xx_hal_gpio.o
                                                  build/switch.o
                                                  build/led.o
                                                  build/main.o
HAL_GetDEVID                                      build/stm32f1xx_hal.o
HAL_GetHalVersion                                 build/stm32f1xx_hal.o
HAL_GetREVID                                      build/stm32f1xx_hal.o
HAL_GetTick                                       build/stm32f1xx_hal.o
                                                  build/stm32f1xx_hal_uart.o
                                                  build/stm32f1xx_hal_i2c.o
                                                  build/stm32f1xx_hal_flash.o
                                                  build/stm32f1xx_hal_dma.o
                                                  build/stm32f1xx_hal_rcc_ex.o
                                                  build/stm32f1xx_hal_rcc.o
                                                  build/stm32f1xx_hal_adc_ex.o
                                                  build/stm32f1xx_hal_adc.o
HAL_GetTickFreq                                   build/stm32f1xx_hal.o
HAL_GetTickPrio                                   build/stm32f1xx_hal.o
HAL_GetUIDw0                                      build/stm32f1xx_hal.o
HAL_GetUIDw1                                      build/stm32f1xx_hal.o
HAL_GetUIDw2                                      build/stm32f1xx_hal.o
HAL_HalfDuplex_EnableReceiver                     build/stm32f1xx_hal_uart.o
HAL_HalfDuplex_EnableTransmitter                  build/stm32f1xx_hal_uart.o
HAL_HalfDuplex_Init                               build/stm32f1xx_hal_uart.o
HAL_I2C_AbortCpltCallback                         build/stm32f1xx_hal_i2c.o
HAL_I2C_AddrCallback                              build/stm32f1xx_hal_i2c.o
HAL_I2C_DeInit                                    build/stm32f1xx_hal_i2c.o
HAL_I2C_DisableListen_IT                          build/stm32f1xx_hal_i2c.o
HAL_I2C_ER_IRQHandler                             build/stm32f1xx_hal_i2c.o
HAL_I2C_EV_IRQHandler                             build/stm32f1xx_hal_i2c.o
HAL_I2C_EnableListen_IT                           build/stm32f1xx_hal_i2c.o
HAL_I2C_ErrorCallback                             build/stm32f1xx_hal_i2c.o
HAL_I2C_GetError                                  build/stm32f1xx_hal_i2c.o
HAL_I2C_GetMode                                   build/stm32f1xx_hal_i2c.o
HAL_I2C_GetState                                  build/stm32f1xx_hal_i2c.o
HAL_I2C_Init                                      build/stm32f1xx_hal_i2c.o
                                                  build/main.o
HAL_I2C_IsDeviceReady                             build/stm32f1xx_hal_i2c.o
                                                  build/oled.o
HAL_I2C_ListenCpltCallback                        build/stm32f1xx_hal_i2c.o
HAL_I2C_MasterRxCpltCallback                      build/stm32f1xx_hal_i2c.o
HAL_I2C_MasterTxCpltCallback                      build/stm32f1xx_hal_i2c.o
HAL_I2C_Master_Abort_IT                           build/stm32f1xx_hal_i2c.o
HAL_I2C_Master_Receive                            build/stm32f1xx_hal_i2c.o
HAL_I2C_Master_Receive_DMA                        build/stm32f1xx_hal_i2c.o
HAL_I2C_Master_Receive_IT                         build/stm32f1xx_hal_i2c.o
HAL_I2C_Master_Seq_Receive_DMA                    build/stm32f1xx_hal_i2c.o
HAL_I2C_Master_Seq_Receive_IT                     build/stm32f1xx_hal_i2c.o
HAL_I2C_Master_Seq_Transmit_DMA                   build/stm32f1xx_hal_i2c.o
HAL_I2C_Master_Seq_Transmit_IT                    build/stm32f1xx_hal_i2c.o
HAL_I2C_Master_Transmit                           build/stm32f1xx_hal_i2c.o
                                                  build/co2.o
                                                  build/oled.o
HAL_I2C_Master_Transmit_DMA                       build/stm32f1xx_hal_i2c.o
HAL_I2C_Master_Transmit_IT                        build/stm32f1xx_hal_i2c.o
HAL_I2C_MemRxCpltCallback                         build/stm32f1xx_hal_i2c.o
HAL_I2C_MemTxCpltCallback                         build/stm32f1xx_hal_i2c.o
HAL_I2C_Mem_Read                                  build/stm32f1xx_hal_i2c.o
                                                  build/co2.o
HAL_I2C_Mem_Read_DMA                              build/stm32f1xx_hal_i2c.o
HAL_I2C_Mem_Read_IT                               build/stm32f1xx_hal_i2c.o
HAL_I2C_Mem_Write                                 build/stm32f1xx_hal_i2c.o
                                                  build/co2.o
                                                  build/oled.o
HAL_I2C_Mem_Write_DMA                             build/stm32f1xx_hal_i2c.o
HAL_I2C_Mem_Write_IT                              build/stm32f1xx_hal_i2c.o
HAL_I2C_MspDeInit                                 build/stm32f1xx_hal_msp.o
HAL_I2C_MspInit                                   build/stm32f1xx_hal_msp.o
HAL_I2C_SlaveRxCpltCallback                       build/stm32f1xx_hal_i2c.o
HAL_I2C_SlaveTxCpltCallback                       build/stm32f1xx_hal_i2c.o
HAL_I2C_Slave_Receive                             build/stm32f1xx_hal_i2c.o
HAL_I2C_Slave_Receive_DMA                         build/stm32f1xx_hal_i2c.o
HAL_I2C_Slave_Receive_IT                          build/stm32f1xx_hal_i2c.o
HAL_I2C_Slave_Seq_Receive_DMA                     build/stm32f1xx_hal_i2c.o
HAL_I2C_Slave_Seq_Receive_IT                      build/stm32f1xx_hal_i2c.o
HAL_I2C_Slave_Seq_Transmit_DMA                    build/stm32f1xx_hal_i2c.o
HAL_I2C_Slave_Seq_Transmit_IT                     build/stm32f1xx_hal_i2c.o
HAL_I2C_Slave_Transmit                            build/stm32f1xx_hal_i2c.o
HAL_I2C_Slave_Transmit_DMA                        build/stm32f1xx_hal_i2c.o
HAL_I2C_Slave_Transmit_IT                         build/stm32f1xx_hal_i2c.o
HAL_IncTick                                       build/stm32f1xx_hal.o
                                                  build/startup_stm32f103xb.o
HAL_Init                                          build/stm32f1xx_hal.o
                                                  build/main.o
HAL_InitTick                                      build/stm32f1xx_hal.o
                                                  build/stm32f1xx_hal_rcc.o
HAL_LIN_Init                                      build/stm32f1xx_hal_uart.o
HAL_LIN_SendBreak                                 build/stm32f1xx_hal_uart.o
HAL_MspDeInit                                     build/stm32f1xx_hal.o
HAL_MspInit                                       build/stm32f1xx_hal_msp.o
HAL_MultiProcessor_EnterMuteMode                  build/stm32f1xx_hal_uart.o
HAL_MultiProcessor_ExitMuteMode                   build/stm32f1xx_hal_uart.o
HAL_MultiProcessor_Init                           build/stm32f1xx_hal_uart.o
HAL_NVIC_ClearPendingIRQ                          build/stm32f1xx_hal_cortex.o
HAL_NVIC_DisableIRQ                               build/stm32f1xx_hal_cortex.o
                                                  build/stm32f1xx_hal_msp.o
HAL_NVIC_EnableIRQ                                build/stm32f1xx_hal_cortex.o
                                                  build/stm32f1xx_hal_msp.o
HAL_NVIC_GetActive                                build/stm32f1xx_hal_cortex.o
HAL_NVIC_GetPendingIRQ                            build/stm32f1xx_hal_cortex.o
HAL_NVIC_GetPriority                              build/stm32f1xx_hal_cortex.o
HAL_NVIC_GetPriorityGrouping                      build/stm32f1xx_hal_cortex.o
HAL_NVIC_SetPendingIRQ                            build/stm32f1xx_hal_cortex.o
HAL_NVIC_SetPriority                              build/stm32f1xx_hal_cortex.o
                                                  build/stm32f1xx_hal.o
                                                  build/stm32f1xx_hal_msp.o
HAL_NVIC_SetPriorityGrouping                      build/stm32f1xx_hal_cortex.o
                                                  build/stm32f1xx_hal.o
HAL_NVIC_SystemReset                              build/stm32f1xx_hal_cortex.o
                                                  build/stm32f1xx_hal_flash.o
HAL_PWR_ConfigPVD                                 build/stm32f1xx_hal_pwr.o
HAL_PWR_DeInit                                    build/stm32f1xx_hal_pwr.o
HAL_PWR_DisableBkUpAccess                         build/stm32f1xx_hal_pwr.o
HAL_PWR_DisablePVD                                build/stm32f1xx_hal_pwr.o
HAL_PWR_DisableSEVOnPend                          build/stm32f1xx_hal_pwr.o
HAL_PWR_DisableSleepOnExit                        build/stm32f1xx_hal_pwr.o
HAL_PWR_DisableWakeUpPin                          build/stm32f1xx_hal_pwr.o
HAL_PWR_EnableBkUpAccess                          build/stm32f1xx_hal_pwr.o
HAL_PWR_EnablePVD                                 build/stm32f1xx_hal_pwr.o
HAL_PWR_EnableSEVOnPend                           build/stm32f1xx_hal_pwr.o
HAL_PWR_EnableSleepOnExit                         build/stm32f1xx_hal_pwr.o
HAL_PWR_EnableWakeUpPin                           build/stm32f1xx_hal_pwr.o
HAL_PWR_EnterSLEEPMode                            build/stm32f1xx_hal_pwr.o
HAL_PWR_EnterSTANDBYMode                          build/stm32f1xx_hal_pwr.o
HAL_PWR_EnterSTOPMode                             build/stm32f1xx_hal_pwr.o
HAL_PWR_PVDCallback                               build/stm32f1xx_hal_pwr.o
HAL_PWR_PVD_IRQHandler                            build/stm32f1xx_hal_pwr.o
HAL_RCCEx_GetPeriphCLKConfig                      build/stm32f1xx_hal_rcc_ex.o
HAL_RCCEx_GetPeriphCLKFreq                        build/stm32f1xx_hal_rcc_ex.o
                                                  build/stm32f1xx_hal_adc_ex.o
                                                  build/stm32f1xx_hal_adc.o
HAL_RCCEx_PeriphCLKConfig                         build/stm32f1xx_hal_rcc_ex.o
                                                  build/main.o
HAL_RCC_CSSCallback                               build/stm32f1xx_hal_rcc.o
HAL_RCC_ClockConfig                               build/stm32f1xx_hal_rcc.o
                                                  build/main.o
HAL_RCC_DeInit                                    build/stm32f1xx_hal_rcc.o
HAL_RCC_DisableCSS                                build/stm32f1xx_hal_rcc.o
HAL_RCC_EnableCSS                                 build/stm32f1xx_hal_rcc.o
HAL_RCC_GetClockConfig                            build/stm32f1xx_hal_rcc.o
HAL_RCC_GetHCLKFreq                               build/stm32f1xx_hal_rcc.o
HAL_RCC_GetOscConfig                              build/stm32f1xx_hal_rcc.o
HAL_RCC_GetPCLK1Freq                              build/stm32f1xx_hal_rcc.o
                                                  build/stm32f1xx_hal_uart.o
                                                  build/stm32f1xx_hal_i2c.o
HAL_RCC_GetPCLK2Freq                              build/stm32f1xx_hal_rcc.o
                                                  build/stm32f1xx_hal_uart.o
                                                  build/stm32f1xx_hal_rcc_ex.o
HAL_RCC_GetSysClockFreq                           build/stm32f1xx_hal_rcc.o
HAL_RCC_MCOConfig                                 build/stm32f1xx_hal_rcc.o
HAL_RCC_NMI_IRQHandler                            build/stm32f1xx_hal_rcc.o
HAL_RCC_OscConfig                                 build/stm32f1xx_hal_rcc.o
                                                  build/main.o
HAL_ResumeTick                                    build/stm32f1xx_hal.o
HAL_SYSTICK_CLKSourceConfig                       build/stm32f1xx_hal_cortex.o
HAL_SYSTICK_Callback                              build/stm32f1xx_hal_cortex.o
HAL_SYSTICK_Config                                build/stm32f1xx_hal_cortex.o
                                                  build/stm32f1xx_hal.o
HAL_SYSTICK_IRQHandler                            build/stm32f1xx_hal_cortex.o
HAL_SetTickFreq                                   build/stm32f1xx_hal.o
HAL_SuspendTick                                   build/stm32f1xx_hal.o
HAL_TIMEx_BreakCallback                           build/stm32f1xx_hal_tim_ex.o
                                                  build/stm32f1xx_hal_tim.o
HAL_TIMEx_CommutCallback                          build/stm32f1xx_hal_tim_ex.o
                                                  build/stm32f1xx_hal_tim.o
HAL_TIMEx_CommutHalfCpltCallback                  build/stm32f1xx_hal_tim_ex.o
                                                  build/stm32f1xx_hal_tim.o
HAL_TIMEx_ConfigBreakDeadTime                     build/stm32f1xx_hal_tim_ex.o
                                                  build/main.o