Archive member included to satisfy reference by file (symbol)

d:/3.tools/arm_gcc_toolchain/bin/../lib/gcc/arm-none-eabi/10.3.1/../../../../arm-none-eabi/lib/thumb/v7-m/nofp\libc_nano.a(lib_a-exit.o)
                              d:/3.tools/arm_gcc_toolchain/bin/../lib/gcc/arm-none-eabi/10.3.1/../../../../arm-none-eabi/lib/thumb/v7-m/nofp/crt0.o (exit)
d:/3.tools/arm_gcc_toolchain/bin/../lib/gcc/arm-none-eabi/10.3.1/../../../../arm-none-eabi/lib/thumb/v7-m/nofp\libc_nano.a(lib_a-impure.o)
                              d:/3.tools/arm_gcc_toolchain/bin/../lib/gcc/arm-none-eabi/10.3.1/../../../../arm-none-eabi/lib/thumb/v7-m/nofp\libc_nano.a(lib_a-exit.o) (_global_impure_ptr)
d:/3.tools/arm_gcc_toolchain/bin/../lib/gcc/arm-none-eabi/10.3.1/../../../../arm-none-eabi/lib/thumb/v7-m/nofp\libc_nano.a(lib_a-init.o)
                              d:/3.tools/arm_gcc_toolchain/bin/../lib/gcc/arm-none-eabi/10.3.1/../../../../arm-none-eabi/lib/thumb/v7-m/nofp/crt0.o (__libc_init_array)
d:/3.tools/arm_gcc_toolchain/bin/../lib/gcc/arm-none-eabi/10.3.1/../../../../arm-none-eabi/lib/thumb/v7-m/nofp\libc_nano.a(lib_a-memset.o)
                              d:/3.tools/arm_gcc_toolchain/bin/../lib/gcc/arm-none-eabi/10.3.1/../../../../arm-none-eabi/lib/thumb/v7-m/nofp/crt0.o (memset)
d:/3.tools/arm_gcc_toolchain/bin/../lib/gcc/arm-none-eabi/10.3.1/../../../../arm-none-eabi/lib/thumb/v7-m/nofp\libc_nano.a(lib_a-sprintf.o)
                              build/oled.o (sprintf)
d:/3.tools/arm_gcc_toolchain/bin/../lib/gcc/arm-none-eabi/10.3.1/../../../../arm-none-eabi/lib/thumb/v7-m/nofp\libc_nano.a(lib_a-strlen.o)
                              build/oled.o (strlen)
d:/3.tools/arm_gcc_toolchain/bin/../lib/gcc/arm-none-eabi/10.3.1/../../../../arm-none-eabi/lib/thumb/v7-m/nofp\libc_nano.a(lib_a-nano-svfprintf.o)
                              d:/3.tools/arm_gcc_toolchain/bin/../lib/gcc/arm-none-eabi/10.3.1/../../../../arm-none-eabi/lib/thumb/v7-m/nofp\libc_nano.a(lib_a-sprintf.o) (_svfprintf_r)
d:/3.tools/arm_gcc_toolchain/bin/../lib/gcc/arm-none-eabi/10.3.1/../../../../arm-none-eabi/lib/thumb/v7-m/nofp\libc_nano.a(lib_a-nano-vfprintf_i.o)
                              d:/3.tools/arm_gcc_toolchain/bin/../lib/gcc/arm-none-eabi/10.3.1/../../../../arm-none-eabi/lib/thumb/v7-m/nofp\libc_nano.a(lib_a-nano-svfprintf.o) (_printf_i)
d:/3.tools/arm_gcc_toolchain/bin/../lib/gcc/arm-none-eabi/10.3.1/../../../../arm-none-eabi/lib/thumb/v7-m/nofp\libc_nano.a(lib_a-memchr-stub.o)
                              d:/3.tools/arm_gcc_toolchain/bin/../lib/gcc/arm-none-eabi/10.3.1/../../../../arm-none-eabi/lib/thumb/v7-m/nofp\libc_nano.a(lib_a-nano-svfprintf.o) (memchr)
d:/3.tools/arm_gcc_toolchain/bin/../lib/gcc/arm-none-eabi/10.3.1/../../../../arm-none-eabi/lib/thumb/v7-m/nofp\libc_nano.a(lib_a-memcpy-stub.o)
                              d:/3.tools/arm_gcc_toolchain/bin/../lib/gcc/arm-none-eabi/10.3.1/../../../../arm-none-eabi/lib/thumb/v7-m/nofp\libc_nano.a(lib_a-nano-svfprintf.o) (memcpy)
d:/3.tools/arm_gcc_toolchain/bin/../lib/gcc/arm-none-eabi/10.3.1/../../../../arm-none-eabi/lib/thumb/v7-m/nofp\libc_nano.a(lib_a-memmove.o)
                              d:/3.tools/arm_gcc_toolchain/bin/../lib/gcc/arm-none-eabi/10.3.1/../../../../arm-none-eabi/lib/thumb/v7-m/nofp\libc_nano.a(lib_a-nano-svfprintf.o) (memmove)
d:/3.tools/arm_gcc_toolchain/bin/../lib/gcc/arm-none-eabi/10.3.1/../../../../arm-none-eabi/lib/thumb/v7-m/nofp\libc_nano.a(lib_a-nano-freer.o)
                              d:/3.tools/arm_gcc_toolchain/bin/../lib/gcc/arm-none-eabi/10.3.1/../../../../arm-none-eabi/lib/thumb/v7-m/nofp\libc_nano.a(lib_a-nano-svfprintf.o) (_free_r)
d:/3.tools/arm_gcc_toolchain/bin/../lib/gcc/arm-none-eabi/10.3.1/../../../../arm-none-eabi/lib/thumb/v7-m/nofp\libc_nano.a(lib_a-nano-mallocr.o)
                              d:/3.tools/arm_gcc_toolchain/bin/../lib/gcc/arm-none-eabi/10.3.1/../../../../arm-none-eabi/lib/thumb/v7-m/nofp\libc_nano.a(lib_a-nano-svfprintf.o) (_malloc_r)
d:/3.tools/arm_gcc_toolchain/bin/../lib/gcc/arm-none-eabi/10.3.1/../../../../arm-none-eabi/lib/thumb/v7-m/nofp\libc_nano.a(lib_a-nano-reallocr.o)
                              d:/3.tools/arm_gcc_toolchain/bin/../lib/gcc/arm-none-eabi/10.3.1/../../../../arm-none-eabi/lib/thumb/v7-m/nofp\libc_nano.a(lib_a-nano-svfprintf.o) (_realloc_r)
d:/3.tools/arm_gcc_toolchain/bin/../lib/gcc/arm-none-eabi/10.3.1/../../../../arm-none-eabi/lib/thumb/v7-m/nofp\libc_nano.a(lib_a-sbrkr.o)
                              d:/3.tools/arm_gcc_toolchain/bin/../lib/gcc/arm-none-eabi/10.3.1/../../../../arm-none-eabi/lib/thumb/v7-m/nofp\libc_nano.a(lib_a-nano-mallocr.o) (_sbrk_r)
d:/3.tools/arm_gcc_toolchain/bin/../lib/gcc/arm-none-eabi/10.3.1/../../../../arm-none-eabi/lib/thumb/v7-m/nofp\libc_nano.a(lib_a-mlock.o)
                              d:/3.tools/arm_gcc_toolchain/bin/../lib/gcc/arm-none-eabi/10.3.1/../../../../arm-none-eabi/lib/thumb/v7-m/nofp\libc_nano.a(lib_a-nano-freer.o) (__malloc_lock)
[...]
Memory Configuration

Name             Origin             Length             Attributes
RAM              0x20000000         0x00005000         xrw
FLASH            0x08000000         0x00010000         xr
*default*        0x00000000         0xffffffff

Linker script and memory map

LOAD d:/3.tools/arm_gcc_toolchain/bin/../lib/gcc/arm-none-eabi/10.3.1/thumb/v7-m/nofp/crti.o
LOAD d:/3.tools/arm_gcc_toolchain/bin/../lib/gcc/arm-none-eabi/10.3.1/thumb/v7-m/nofp/crtbegin.o
LOAD d:/3.tools/arm_gcc_toolchain/bin/../lib/gcc/arm-none-eabi/10.3.1/../../../../arm-none-eabi/lib/thumb/v7-m/nofp/crt0.o
LOAD build/main.o
LOAD build/stm32f1xx_it.o
LOAD build/stm32f1xx_hal_msp.o
LOAD build/os.o
LOAD build/led.o
LOAD build/switch.o
LOAD build/pwm.o
LOAD build/temp.o
LOAD build/oled.o
LOAD build/oled_fonts.o
LOAD build/co2.o
LOAD build/blutooth.o
LOAD build/eeprom.o
LOAD build/stm32f1xx_hal_gpio_ex.o
LOAD build/stm32f1xx_hal_adc.o
LOAD build/stm32f1xx_hal_adc_ex.o
LOAD build/stm32f1xx_hal.o
LOAD build/stm32f1xx_hal_rcc.o
LOAD build/stm32f1xx_hal_rcc_ex.o
LOAD build/stm32f1xx_hal_gpio.o
LOAD build/stm32f1xx_hal_dma.o
LOAD build/stm32f1xx_hal_cortex.o
LOAD build/stm32f1xx_hal_pwr.o
LOAD build/stm32f1xx_hal_flash.o
LOAD build/stm32f1xx_hal_flash_ex.o
LOAD build/stm32f1xx_hal_exti.o
LOAD build/stm32f1xx_hal_i2c.o
LOAD build/stm32f1xx_hal_tim.o
LOAD build/stm32f1xx_hal_tim_ex.o
LOAD build/stm32f1xx_hal_uart.o
LOAD build/system_stm32f1xx.o
LOAD build/startup_stm32f103xb.o
LOAD d:/3.tools/arm_gcc_toolchain/bin/../lib/gcc/arm-none-eabi/10.3.1/../../../../arm-none-eabi/lib/thumb/v7-m/nofp\libc_nano.a
LOAD d:/3.tools/arm_gcc_toolchain/bin/../lib/gcc/arm-none-eabi/10.3.1/../../../../arm-none-eabi/lib/thumb/v7-m/nofp\libm.a
LOAD d:/3.tools/arm_gcc_toolchain/bin/../lib/gcc/arm-none-eabi/10.3.1/../../../../arm-none-eabi/lib/thumb/v7-m/nofp\libnosys.a
START GROUP
LOAD d:/3.tools/arm_gcc_toolchain/bin/../lib/gcc/arm-none-eabi/10.3.1/thumb/v7-m/nofp\libgcc.a
LOAD d:/3.tools/arm_gcc_toolchain/bin/../lib/gcc/arm-none-eabi/10.3.1/../../../../arm-none-eabi/lib/thumb/v7-m/nofp\libc_nano.a
END GROUP
START GROUP
LOAD d:/3.tools/arm_gcc_toolchain/bin/../lib/gcc/arm-none-eabi/10.3.1/thumb/v7-m/nofp\libgcc.a
LOAD d:/3.tools/arm_gcc_toolchain/bin/../lib/gcc/arm-none-eabi/10.3.1/../../../../arm-none-eabi/lib/thumb/v7-m/nofp\libc_nano.a
END GROUP
LOAD d:/3.tools/arm_gcc_toolchain/bin/../lib/gcc/arm-none-eabi/10.3.1/thumb/v7-m/nofp/crtend.o
LOAD d:/3.tools/arm_gcc_toolchain/bin/../lib/gcc/arm-none-eabi/10.3.1/thumb/v7-m/nofp/crtn.o
                0x20005000                _estack = 0x20005000
                0x00000200                _Min_Heap_Size = 0x200
                0x00000400                _Min_Stack_Size = 0x400

.isr_vector     0x08000000      0x10c
                0x08000000                . = ALIGN (0x4)
 *(.isr_vector)
 .isr_vector    0x08000000      0x10c build/startup_stm32f103xb.o
                0x08000000                VectorTable
                0x0800010c                . = ALIGN (0x4)

.text           0x0800010c     0x99ac
                0x0800010c                . = ALIGN (0x4)
 *(.text)
 .text          0x0800010c       0x40 d:/3.tools/arm_gcc_toolchain/bin/../lib/gcc/arm-none-eabi/10.3.1/thumb/v7-m/nofp/crtbegin.o
 .text          0x0800014c       0x10 d:/3.tools/arm_gcc_toolchain/bin/../lib/gcc/arm-none-eabi/10.3.1/../../../../arm-none-eabi/lib/thumb/v7-m/nofp\libc_nano.a(lib_a-strlen.o)
                0x0800014c                strlen
 .text          0x0800015c      0x21c d:/3.tools/arm_gcc_toolchain/bin/../lib/gcc/arm-none-eabi/10.3.1/thumb/v7-m/nofp\libgcc.a(_arm_addsubsf3.o)
                0x0800015c                __aeabi_frsub
                0x08000164                __subsf3
                0x08000164                __aeabi_fsub
                0x08000168                __aeabi_fadd
                0x08000168                __addsf3
                0x080002c8                __aeabi_ui2f
                0x080002c8                __floatunsisf
                0x080002d0                __aeabi_i2f
                0x080002d0                __floatsisf
                0x080002ec                __aeabi_ul2f
                0x080002ec                __floatundisf
                0x080002fc                __aeabi_l2f
                0x080002fc                __floatdisf
 .text          0x08000378      0x2a0 d:/3.tools/arm_gcc_toolchain/bin/../lib/gcc/arm-none-eabi/10.3.1/thumb/v7-m/nofp\libgcc.a(_arm_muldivsf3.o)
                0x08000378                __mulsf3
                0x08000378                __aeabi_fmul
                0x080004e0                __aeabi_fdiv
                0x080004e0                __divsf3
 .text          0x08000618       0x4c d:/3.tools/arm_gcc_toolchain/bin/../lib/gcc/arm-none-eabi/10.3.1/thumb/v7-m/nofp\libgcc.a(_arm_fixsfsi.o)
                0x08000618                __aeabi_f2iz
                0x08000618                __fixsfsi
 .text          0x08000664       0x40 d:/3.tools/arm_gcc_toolchain/bin/../lib/gcc/arm-none-eabi/10.3.1/thumb/v7-m/nofp\libgcc.a(_arm_fixunssfsi.o)
                0x08000664                __fixunssfsi
                0x08000664                __aeabi_f2uiz
 *(.text*)
 .text.main     0x080006a4       0x88 build/main.o
                0x080006a4                main
 .text.SystemClock_Config
                0x0800072c       0xae build/main.o
                0x0800072c                SystemClock_Config
 *fill*         0x080007da        0x2 
 .text.MX_ADC1_Init
                0x080007dc       0x7c build/main.o
 .text.MX_I2C1_Init
                0x08000858       0x5c build/main.o
 .text.MX_I2C2_Init
                0x080008b4       0x5c build/main.o
 .text.MX_TIM1_Init
                0x08000910      0x15c build/main.o
 .text.MX_TIM2_Init
                0x08000a6c       0x9c build/main.o
 .text.MX_TIM3_Init
                0x08000b08      0x104 build/main.o
 .text.MX_TIM4_Init
                0x08000c0c       0x98 build/main.o
 .text.MX_USART2_UART_Init
                0x08000ca4       0x54 build/main.o
 .text.MX_GPIO_Init
                0x08000cf8      0x124 build/main.o
 .text.Error_Handler
                0x08000e1c        0xa build/main.o
                0x08000e1c                Error_Handler
 *fill*         0x08000e26        0x2 
 .text.HAL_TIM_PeriodElapsedCallback
                0x08000e28       0x30 build/stm32f1xx_it.o
                0x08000e28                HAL_TIM_PeriodElapsedCallback
 .text.HAL_MspInit
                0x08000e58       0x64 build/stm32f1xx_hal_msp.o
                0x08000e58                HAL_MspInit
 .text.HAL_ADC_MspInit
                0x08000ebc       0x78 build/stm32f1xx_hal_msp.o
                0x08000ebc                HAL_ADC_MspInit
 .text.HAL_I2C_MspInit
                0x08000f34       0xd8 build/stm32f1xx_hal_msp.o
                0x08000f34                HAL_I2C_MspInit
 .text.HAL_TIM_Base_MspInit
                0x0800100c       0xd0 build/stm32f1xx_hal_msp.o
                0x0800100c                HAL_TIM_Base_MspInit
 .text.HAL_TIM_MspPostInit
                0x080010dc       0xdc build/stm32f1xx_hal_msp.o
                0x080010dc                HAL_TIM_MspPostInit
 .text.HAL_UART_MspInit
                0x080011b8       0xa4 build/stm32f1xx_hal_msp.o
                0x080011b8                HAL_UART_MspInit
 .text.Os_Init_Task
                0x0800125c       0x14 build/os.o
                0x0800125c                Os_Init_Task
 .text.Os_1ms_Task
                0x08001270        0xc build/os.o
 .text.Os_10ms_Task
                0x0800127c       0x18 build/os.o
 .text.Os_100ms_Task
                0x08001294       0x80 build/os.o
 .text.Os_Background_Task
                0x08001314        0xc build/os.o
 .text.Os_Time_Handler
                0x08001320       0x1c build/os.o
                0x08001320                Os_Time_Handler
 .text.Os_Handler
                0x0800133c       0x60 build/os.o
                0x0800133c                Os_Handler
 .text.Os_Handler_1ms
                0x0800139c       0x88 build/os.o
                0x0800139c                Os_Handler_1ms
 .text.Os_Handler_10ms
                0x08001424       0x5c build/os.o
                0x08001424                Os_Handler_10ms
 .text.Os_Get_Tick_100us
                0x08001480       0x14 build/os.o
                0x08001480                Os_Get_Tick_100us
 .text.Os_Calc_Period
                0x08001494       0xa0 build/os.o
 .text.Os_Calc_Runtime_Start
                0x08001534       0x50 build/os.o
 .text.Os_Calc_Runtime_Stop
                0x08001584       0x9c build/os.o
 .text.LED_Control
                0x08001620      0x1fc build/led.o
                0x08001620                LED_Control
 .text.Switch_Val_Init
                0x0800181c       0xb4 build/switch.o
                0x0800181c                Switch_Val_Init
 .text.Switch_Control
                0x080018d0      0x4a0 build/switch.o
                0x080018d0                Switch_Control
 .text.Pwm_Output
                0x08001d70      0x148 build/pwm.o
                0x08001d70                Pwm_Output
 .text.Pwm_SubMode_Target_Set
                0x08001eb8      0x254 build/pwm.o
 .text.Pwm_Control
                0x0800210c      0x1f4 build/pwm.o
 .text.Pwm_Peltier_Set_Duty
                0x08002300       0x20 build/pwm.o
 .text.Pwm_Heater_Set_Duty
                0x08002320       0x20 build/pwm.o
 .text.Pwm_Servo_Set_Duty
                0x08002340       0x20 build/pwm.o
 .text.Pwm_Fan_Set_Duty
                0x08002360       0x20 build/pwm.o
 .text.Temp_Read
                0x08002380      0x1d0 build/temp.o
                0x08002380                Temp_Read
 .text.Temperature_Compensation
                0x08002550      0x78c build/temp.o
 .text.OLED_Init
                0x08002cdc       0xf4 build/oled.o
                0x08002cdc                OLED_Init
 .text.OLED_Display
                0x08002dd0       0x44 build/oled.o
                0x08002dd0                OLED_Display
 .text.Clear_TxBuffer
                0x08002e14       0x34 build/oled.o
 .text.Print_TxBuffer
                0x08002e48       0xa4 build/oled.o
 .text.OLED_Print_Run
                0x08002eec      0x470 build/oled.o
 .text.OLED_Print_Select
                0x0800335c       0xb4 build/oled.o
 .text.OLED_Print_Custom
                0x08003410      0x378 build/oled.o
 .text.OLED_Print_Idle
                0x08003788       0xe0 build/oled.o
 .text.OLED_Write_Command
                0x08003868       0x34 build/oled.o
 .text.OLED_Fill_Screen
                0x0800389c       0x30 build/oled.o
 .text.OLED_Update_Screen
                0x080038cc       0x64 build/oled.o
 .text.OLED_Set_X_Y
                0x08003930       0x2c build/oled.o
 .text.OLED_Set_Char
                0x0800395c       0xfc build/oled.o
 .text.OLED_DrawPixel
                0x08003a58       0xa4 build/oled.o
 .text.CO2_Init
                0x08003afc       0x4c build/co2.o
                0x08003afc                CO2_Init
 .text.CO2_Communication
                0x08003b48        0xc build/co2.o
                0x08003b48                CO2_Communication
 .text.CO2_ReadData
                0x08003b54       0x64 build/co2.o
 .text.HAL_UART_RxCpltCallback
                0x08003bb8       0xb4 build/blutooth.o
                0x08003bb8                HAL_UART_RxCpltCallback
 .text.EEPROM_Write
                0x08003c6c       0xb4 build/eeprom.o
                0x08003c6c                EEPROM_Write
 .text.EEPROM_Read
                0x08003d20       0x7c build/eeprom.o
                0x08003d20                EEPROM_Read
 .text.EEPROM_Erase
                0x08003d9c       0x50 build/eeprom.o
                0x08003d9c                EEPROM_Erase
 .text.HAL_ADC_Init
                0x08003dec      0x1b0 build/stm32f1xx_hal_adc.o
                0x08003dec                HAL_ADC_Init
 .text.HAL_ADC_Start
                0x08003f9c      0x15c build/stm32f1xx_hal_adc.o
                0x08003f9c                HAL_ADC_Start
 .text.HAL_ADC_PollForConversion
                0x080040f8      0x20c build/stm32f1xx_hal_adc.o
                0x080040f8                HAL_ADC_PollForConversion
 .text.HAL_ADC_GetValue
                0x08004304       0x18 build/stm32f1xx_hal_adc.o
                0x08004304                HAL_ADC_GetValue
 .text.HAL_ADC_ConfigChannel
                0x0800431c      0x1f0 build/stm32f1xx_hal_adc.o
                0x0800431c                HAL_ADC_ConfigChannel
 .text.ADC_Enable
                0x0800450c       0xb4 build/stm32f1xx_hal_adc.o
                0x0800450c                ADC_Enable
 .text.ADC_ConversionStop_Disable
                0x080045c0       0x82 build/stm32f1xx_hal_adc.o
                0x080045c0                ADC_ConversionStop_Disable
 *fill*         0x08004642        0x2 
 .text.HAL_Init
                0x08004644       0x2c build/stm32f1xx_hal.o
                0x08004644                HAL_Init
 .text.HAL_InitTick
                0x08004670       0x60 build/stm32f1xx_hal.o
                0x08004670                HAL_InitTick
 .text.HAL_IncTick
                0x080046d0       0x24 build/stm32f1xx_hal.o
                0x080046d0                HAL_IncTick
 .text.HAL_GetTick
                0x080046f4       0x14 build/stm32f1xx_hal.o
                0x080046f4                HAL_GetTick
 .text.HAL_RCC_OscConfig
                0x08004708      0x504 build/stm32f1xx_hal_rcc.o
                0x08004708                HAL_RCC_OscConfig
 .text.HAL_RCC_ClockConfig
                0x08004c0c      0x1d4 build/stm32f1xx_hal_rcc.o
                0x08004c0c                HAL_RCC_ClockConfig
 .text.HAL_RCC_GetSysClockFreq
                0x08004de0       0xbc build/stm32f1xx_hal_rcc.o
                0x08004de0                HAL_RCC_GetSysClockFreq
 .text.HAL_RCC_GetHCLKFreq
                0x08004e9c       0x14 build/stm32f1xx_hal_rcc.o
                0x08004e9c                HAL_RCC_GetHCLKFreq
 .text.HAL_RCC_GetPCLK1Freq
                0x08004eb0       0x28 build/stm32f1xx_hal_rcc.o
                0x08004eb0                HAL_RCC_GetPCLK1Freq
 .text.HAL_RCC_GetPCLK2Freq
                0x08004ed8       0x28 build/stm32f1xx_hal_rcc.o
                0x08004ed8                HAL_RCC_GetPCLK2Freq
 .text.RCC_Delay
                0x08004f00       0x3c build/stm32f1xx_hal_rcc.o
 .text.HAL_RCCEx_PeriphCLKConfig
                0x08004f3c      0x16c build/stm32f1xx_hal_rcc_ex.o
                0x08004f3c                HAL_RCCEx_PeriphCLKConfig
 .text.HAL_RCCEx_GetPeriphCLKFreq
                0x080050a8      0x180 build/stm32f1xx_hal_rcc_ex.o
                0x080050a8                HAL_RCCEx_GetPeriphCLKFreq
 .text.HAL_GPIO_Init
                0x08005228      0x308 build/stm32f1xx_hal_gpio.o
                0x08005228                HAL_GPIO_Init
 .text.HAL_GPIO_ReadPin
                0x08005530       0x2e build/stm32f1xx_hal_gpio.o
                0x08005530                HAL_GPIO_ReadPin
 .text.HAL_GPIO_WritePin
                0x0800555e       0x30 build/stm32f1xx_hal_gpio.o
                0x0800555e                HAL_GPIO_WritePin
 .text.HAL_DMA_Abort
                0x0800558e       0x74 build/stm32f1xx_hal_dma.o
                0x0800558e                HAL_DMA_Abort
 *fill*         0x08005602        0x2 
 .text.HAL_DMA_Abort_IT
                0x08005604       0xec build/stm32f1xx_hal_dma.o
                0x08005604                HAL_DMA_Abort_IT
 .text.__NVIC_SetPriorityGrouping
                0x080056f0       0x48 build/stm32f1xx_hal_cortex.o
 .text.__NVIC_GetPriorityGrouping
                0x08005738       0x1c build/stm32f1xx_hal_cortex.o
 .text.__NVIC_EnableIRQ
                0x08005754       0x38 build/stm32f1xx_hal_cortex.o
 .text.__NVIC_SetPriority
                0x0800578c       0x54 build/stm32f1xx_hal_cortex.o
 .text.NVIC_EncodePriority
                0x080057e0       0x64 build/stm32f1xx_hal_cortex.o
 .text.SysTick_Config
                0x08005844       0x44 build/stm32f1xx_hal_cortex.o
 .text.HAL_NVIC_SetPriorityGrouping
                0x08005888       0x16 build/stm32f1xx_hal_cortex.o
                0x08005888                HAL_NVIC_SetPriorityGrouping
 .text.HAL_NVIC_SetPriority
                0x0800589e       0x38 build/stm32f1xx_hal_cortex.o
                0x0800589e                HAL_NVIC_SetPriority
 .text.HAL_NVIC_EnableIRQ
                0x080058d6       0x1c build/stm32f1xx_hal_cortex.o
                0x080058d6                HAL_NVIC_EnableIRQ
 .text.HAL_SYSTICK_Config
                0x080058f2       0x18 build/stm32f1xx_hal_cortex.o
                0x080058f2                HAL_SYSTICK_Config
 *fill*         0x0800590a        0x2 
 .text.HAL_FLASH_Program
                0x0800590c       0xe0 build/stm32f1xx_hal_flash.o
                0x0800590c                HAL_FLASH_Program
 .text.HAL_FLASH_Unlock
                0x080059ec       0x4c build/stm32f1xx_hal_flash.o
                0x080059ec                HAL_FLASH_Unlock
 .text.HAL_FLASH_Lock
                0x08005a38       0x20 build/stm32f1xx_hal_flash.o
                0x08005a38                HAL_FLASH_Lock
 .text.HAL_FLASH_GetError
                0x08005a58       0x14 build/stm32f1xx_hal_flash.o
                0x08005a58                HAL_FLASH_GetError
 .text.FLASH_Program_HalfWord
                0x08005a6c       0x38 build/stm32f1xx_hal_flash.o
 .text.FLASH_WaitForLastOperation
                0x08005aa4       0x8c build/stm32f1xx_hal_flash.o
                0x08005aa4                FLASH_WaitForLastOperation
 .text.FLASH_SetErrorCode
                0x08005b30       0xa0 build/stm32f1xx_hal_flash.o
 .text.HAL_FLASHEx_Erase
                0x08005bd0       0xd8 build/stm32f1xx_hal_flash_ex.o
                0x08005bd0                HAL_FLASHEx_Erase
 .text.FLASH_MassErase
                0x08005ca8       0x38 build/stm32f1xx_hal_flash_ex.o
 .text.FLASH_PageErase
                0x08005ce0       0x40 build/stm32f1xx_hal_flash_ex.o
                0x08005ce0                FLASH_PageErase
 .text.HAL_I2C_Init
                0x08005d20      0x288 build/stm32f1xx_hal_i2c.o
                0x08005d20                HAL_I2C_Init
 .text.HAL_I2C_Master_Transmit
                0x08005fa8      0x1fc build/stm32f1xx_hal_i2c.o
                0x08005fa8                HAL_I2C_Master_Transmit
 .text.HAL_I2C_Mem_Write
                0x080061a4      0x1f4 build/stm32f1xx_hal_i2c.o
                0x080061a4                HAL_I2C_Mem_Write
 .text.HAL_I2C_Mem_Read
                0x08006398      0x4d0 build/stm32f1xx_hal_i2c.o
                0x08006398                HAL_I2C_Mem_Read
 .text.I2C_MasterRequestWrite
                0x08006868      0x104 build/stm32f1xx_hal_i2c.o
 .text.I2C_RequestMemoryWrite
                0x0800696c      0x12c build/stm32f1xx_hal_i2c.o
 .text.I2C_RequestMemoryRead
                0x08006a98      0x1d0 build/stm32f1xx_hal_i2c.o
 .text.I2C_WaitOnFlagUntilTimeout
                0x08006c68       0xae build/stm32f1xx_hal_i2c.o
 .text.I2C_WaitOnMasterAddressFlagUntilTimeout
                0x08006d16       0xfe build/stm32f1xx_hal_i2c.o
 .text.I2C_WaitOnTXEFlagUntilTimeout
                0x08006e14       0x82 build/stm32f1xx_hal_i2c.o
 .text.I2C_WaitOnBTFFlagUntilTimeout
                0x08006e96       0x82 build/stm32f1xx_hal_i2c.o
 .text.I2C_WaitOnRXNEFlagUntilTimeout
                0x08006f18       0xac build/stm32f1xx_hal_i2c.o
 .text.I2C_IsAcknowledgeFailed
                0x08006fc4       0x5c build/stm32f1xx_hal_i2c.o
 .text.HAL_TIM_Base_Init
                0x08007020       0xb8 build/stm32f1xx_hal_tim.o
                0x08007020                HAL_TIM_Base_Init
 .text.HAL_TIM_Base_Start_IT
                0x080070d8       0xa4 build/stm32f1xx_hal_tim.o
                0x080070d8                HAL_TIM_Base_Start_IT
 .text.HAL_TIM_PWM_Init
                0x0800717c       0xb8 build/stm32f1xx_hal_tim.o
                0x0800717c                HAL_TIM_PWM_Init
 .text.HAL_TIM_PWM_MspInit
                0x08007234       0x12 build/stm32f1xx_hal_tim.o
                0x08007234                HAL_TIM_PWM_MspInit
 *fill*         0x08007246        0x2 
 .text.HAL_TIM_PWM_Start
                0x08007248      0x144 build/stm32f1xx_hal_tim.o
                0x08007248                HAL_TIM_PWM_Start
 .text.HAL_TIM_IRQHandler
                0x0800738c      0x250 build/stm32f1xx_hal_tim.o
                0x0800738c                HAL_TIM_IRQHandler
 .text.HAL_TIM_PWM_ConfigChannel
                0x080075dc      0x17c build/stm32f1xx_hal_tim.o
                0x080075dc                HAL_TIM_PWM_ConfigChannel
 .text.HAL_TIM_ConfigClockSource
                0x08007758      0x188 build/stm32f1xx_hal_tim.o
                0x08007758                HAL_TIM_ConfigClockSource
 .text.HAL_TIM_PeriodElapsedHalfCpltCallback
                0x080078e0       0x12 build/stm32f1xx_hal_tim.o
                0x080078e0                HAL_TIM_PeriodElapsedHalfCpltCallback
 .text.HAL_TIM_OC_DelayElapsedCallback
                0x080078f2       0x12 build/stm32f1xx_hal_tim.o
                0x080078f2                HAL_TIM_OC_DelayElapsedCallback
 .text.HAL_TIM_IC_CaptureCallback
                0x08007904       0x12 build/stm32f1xx_hal_tim.o
                0x08007904                HAL_TIM_IC_CaptureCallback
 .text.HAL_TIM_IC_CaptureHalfCpltCallback
                0x08007916       0x12 build/stm32f1xx_hal_tim.o
                0x08007916                HAL_TIM_IC_CaptureHalfCpltCallback
 .text.HAL_TIM_PWM_PulseFinishedCallback
                0x08007928       0x12 build/stm32f1xx_hal_tim.o
                0x08007928                HAL_TIM_PWM_PulseFinishedCallback
 .text.HAL_TIM_PWM_PulseFinishedHalfCpltCallback
                0x0800793a       0x12 build/stm32f1xx_hal_tim.o
                0x0800793a                HAL_TIM_PWM_PulseFinishedHalfCpltCallback
 .text.HAL_TIM_TriggerCallback
                0x0800794c       0x12 build/stm32f1xx_hal_tim.o
                0x0800794c                HAL_TIM_TriggerCallback
 .text.HAL_TIM_TriggerHalfCpltCallback
                0x0800795e       0x12 build/stm32f1xx_hal_tim.o
                0x0800795e                HAL_TIM_TriggerHalfCpltCallback
 .text.HAL_TIM_ErrorCallback
                0x08007970       0x12 build/stm32f1xx_hal_tim.o
                0x08007970                HAL_TIM_ErrorCallback
 *fill*         0x08007982        0x2 
 .text.TIM_Base_SetConfig
                0x08007984       0xc4 build/stm32f1xx_hal_tim.o
                0x08007984                TIM_Base_SetConfig
 .text.TIM_OC1_SetConfig
                0x08007a48       0xcc build/stm32f1xx_hal_tim.o
 .text.TIM_OC2_SetConfig
                0x08007b14       0xd4 build/stm32f1xx_hal_tim.o
                0x08007b14                TIM_OC2_SetConfig
 .text.TIM_OC3_SetConfig
                0x08007be8       0xd4 build/stm32f1xx_hal_tim.o
 .text.TIM_OC4_SetConfig
                0x08007cbc       0x9c build/stm32f1xx_hal_tim.o
 .text.TIM_TI1_ConfigInputStage
                0x08007d58       0x5c build/stm32f1xx_hal_tim.o
 .text.TIM_TI2_ConfigInputStage
                0x08007db4       0x5e build/stm32f1xx_hal_tim.o
 .text.TIM_ITRx_SetConfig
                0x08007e12       0x34 build/stm32f1xx_hal_tim.o
 .text.TIM_ETR_SetConfig
                0x08007e46       0x3e build/stm32f1xx_hal_tim.o
                0x08007e46                TIM_ETR_SetConfig
 .text.TIM_CCxChannelCmd
                0x08007e84       0x48 build/stm32f1xx_hal_tim.o
                0x08007e84                TIM_CCxChannelCmd
 .text.TIM_ResetCallback
                0x08007ecc       0xb0 build/stm32f1xx_hal_tim.o
                0x08007ecc                TIM_ResetCallback
 .text.HAL_TIMEx_PWMN_Start
                0x08007f7c      0x13c build/stm32f1xx_hal_tim_ex.o
                0x08007f7c                HAL_TIMEx_PWMN_Start
 .text.HAL_TIMEx_MasterConfigSynchronization
                0x080080b8       0xbc build/stm32f1xx_hal_tim_ex.o
                0x080080b8                HAL_TIMEx_MasterConfigSynchronization
 .text.HAL_TIMEx_ConfigBreakDeadTime
                0x08008174       0xa2 build/stm32f1xx_hal_tim_ex.o
                0x08008174                HAL_TIMEx_ConfigBreakDeadTime
 .text.HAL_TIMEx_CommutCallback
                0x08008216       0x12 build/stm32f1xx_hal_tim_ex.o
                0x08008216                HAL_TIMEx_CommutCallback
 .text.HAL_TIMEx_CommutHalfCpltCallback
                0x08008228       0x12 build/stm32f1xx_hal_tim_ex.o
                0x08008228                HAL_TIMEx_CommutHalfCpltCallback
 .text.HAL_TIMEx_BreakCallback
                0x0800823a       0x12 build/stm32f1xx_hal_tim_ex.o
                0x0800823a                HAL_TIMEx_BreakCallback
 .text.TIM_CCxNChannelCmd
                0x0800824c       0x48 build/stm32f1xx_hal_tim_ex.o
 .text.HAL_UART_Init
                0x08008294       0xb4 build/stm32f1xx_hal_uart.o
                0x08008294                HAL_UART_Init
 .text.HAL_UART_Transmit
                0x08008348      0x124 build/stm32f1xx_hal_uart.o
                0x08008348                HAL_UART_Transmit
 .text.HAL_UART_Receive_IT
                0x0800846c       0x60 build/stm32f1xx_hal_uart.o
                0x0800846c                HAL_UART_Receive_IT
 .text.HAL_UART_IRQHandler
                0x080084cc      0x360 build/stm32f1xx_hal_uart.o
                0x080084cc                HAL_UART_IRQHandler
 .text.HAL_UART_TxCpltCallback
                0x0800882c       0x12 build/stm32f1xx_hal_uart.o
                0x0800882c                HAL_UART_TxCpltCallback
 .text.HAL_UART_TxHalfCpltCallback
                0x0800883e       0x12 build/stm32f1xx_hal_uart.o
                0x0800883e                HAL_UART_TxHalfCpltCallback
 .text.HAL_UART_RxHalfCpltCallback
                0x08008850       0x12 build/stm32f1xx_hal_uart.o
                0x08008850                HAL_UART_RxHalfCpltCallback
 .text.HAL_UART_ErrorCallback
                0x08008862       0x12 build/stm32f1xx_hal_uart.o
                0x08008862                HAL_UART_ErrorCallback
 .text.HAL_UART_AbortCpltCallback
                0x08008874       0x12 build/stm32f1xx_hal_uart.o
                0x08008874                HAL_UART_AbortCpltCallback
 .text.HAL_UART_AbortTransmitCpltCallback
                0x08008886       0x12 build/stm32f1xx_hal_uart.o
                0x08008886                HAL_UART_AbortTransmitCpltCallback
 .text.HAL_UART_AbortReceiveCpltCallback
                0x08008898       0x12 build/stm32f1xx_hal_uart.o
                0x08008898                HAL_UART_AbortReceiveCpltCallback
 .text.HAL_UARTEx_RxEventCallback
                0x080088aa       0x16 build/stm32f1xx_hal_uart.o
                0x080088aa                HAL_UARTEx_RxEventCallback
 .text.UART_InitCallbacksToDefault
                0x080088c0       0x6c build/stm32f1xx_hal_uart.o
                0x080088c0                UART_InitCallbacksToDefault
 .text.UART_WaitOnFlagUntilTimeout
                0x0800892c       0x94 build/stm32f1xx_hal_uart.o
 .text.UART_Start_Receive_IT
                0x080089c0       0x72 build/stm32f1xx_hal_uart.o
                0x080089c0                UART_Start_Receive_IT
 .text.UART_EndRxTransfer
                0x08008a32       0x58 build/stm32f1xx_hal_uart.o
 .text.UART_DMAAbortOnError
                0x08008a8a       0x2a build/stm32f1xx_hal_uart.o
 .text.UART_Transmit_IT
                0x08008ab4       0x9e build/stm32f1xx_hal_uart.o
 .text.UART_EndTransmit_IT
                0x08008b52       0x32 build/stm32f1xx_hal_uart.o
 .text.UART_Receive_IT
                0x08008b84      0x156 build/stm32f1xx_hal_uart.o
 *fill*         0x08008cda        0x2 
 .text.UART_SetConfig
                0x08008cdc      0x11c build/stm32f1xx_hal_uart.o
 .text.SystemInit
                0x08008df8        0xc build/system_stm32f1xx.o
                0x08008df8                SystemInit
 .text.Reset_Handler
                0x08008e04       0x64 build/startup_stm32f103xb.o
                0x08008e04                Reset_Handler
 .text.Default_Handler
                0x08008e68        0x6 build/startup_stm32f103xb.o
                0x08008e68                Default_Handler
 *fill*         0x08008e6e        0x2 
 .text.TIM2_Handler
                0x08008e70       0x14 build/startup_stm32f103xb.o
                0x08008e70                TIM2_Handler
 .text.TIM4_Handler
                0x08008e84       0x14 build/startup_stm32f103xb.o
                0x08008e84                TIM4_Handler
 .text.UART2_Handler
                0x08008e98       0x14 build/startup_stm32f103xb.o
                0x08008e98                UART2_Handler
 .text.SystemTick_Handler
                0x08008eac       0x10 build/startup_stm32f103xb.o
                0x08008eac                SystemTick_Handler
 .text.NMI_Handler
                0x08008ebc        0xc build/startup_stm32f103xb.o
                0x08008ebc                NMI_Handler
 .text.HardFault_Handler
                0x08008ec8        0xc build/startup_stm32f103xb.o
                0x08008ec8                HardFault_Handler
 .text.MemManage_Handler
                0x08008ed4        0xc build/startup_stm32f103xb.o
                0x08008ed4                MemManage_Handler
 .text.BusFault_Handler
                0x08008ee0        0xc build/startup_stm32f103xb.o
                0x08008ee0                BusFault_Handler
 .text.UsageFault_Handler
                0x08008eec        0xc build/startup_stm32f103xb.o
                0x08008eec                UsageFault_Handler
 .text.SVC_Handler
                0x08008ef8        0xc build/startup_stm32f103xb.o
                0x08008ef8                SVC_Handler
 .text.DebugMon_Handler
                0x08008f04        0xc build/startup_stm32f103xb.o
                0x08008f04                DebugMon_Handler
 .text.PendSV_Handler
                0x08008f10        0xc build/startup_stm32f103xb.o
                0x08008f10                PendSV_Handler
 .text.SysTick_Handler
                0x08008f1c        0xc build/startup_stm32f103xb.o
                0x08008f1c                SysTick_Handler
 .text.WWDG_IRQHandler
                0x08008f28        0xc build/startup_stm32f103xb.o
                0x08008f28                WWDG_IRQHandler
 .text.PVD_IRQHandler
                0x08008f34        0xc build/startup_stm32f103xb.o
                0x08008f34                PVD_IRQHandler
 .text.TAMPER_IRQHandler
                0x08008f40        0xc build/startup_stm32f103xb.o
                0x08008f40                TAMPER_IRQHandler
 .text.RTC_IRQHandler
                0x08008f4c        0xc build/startup_stm32f103xb.o
                0x08008f4c                RTC_IRQHandler
 .text.FLASH_IRQHandler
                0x08008f58        0xc build/startup_stm32f103xb.o
                0x08008f58                FLASH_IRQHandler
 .text.RCC_IRQHandler
                0x08008f64        0xc build/startup_stm32f103xb.o
                0x08008f64                RCC_IRQHandler
 .text.EXTI0_IRQHandler
                0x08008f70        0xc build/startup_stm32f103xb.o
                0x08008f70                EXTI0_IRQHandler
 .text.EXTI1_IRQHandler
                0x08008f7c        0xc build/startup_stm32f103xb.o
                0x08008f7c                EXTI1_IRQHandler
 .text.EXTI2_IRQHandler
                0x08008f88        0xc build/startup_stm32f103xb.o
                0x08008f88                EXTI2_IRQHandler
 .text.EXTI3_IRQHandler
                0x08008f94        0xc build/startup_stm32f103xb.o
                0x08008f94                EXTI3_IRQHandler
 .text.EXTI4_IRQHandler
                0x08008fa0        0xc build/startup_stm32f103xb.o
                0x08008fa0                EXTI4_IRQHandler
 .text.DMA1_Channel1_IRQHandler
                0x08008fac        0xc build/startup_stm32f103xb.o
                0x08008fac                DMA1_Channel1_IRQHandler
 .text.DMA1_Channel2_IRQHandler
                0x08008fb8        0xc build/startup_stm32f103xb.o
                0x08008fb8                DMA1_Channel2_IRQHandler
 .text.DMA1_Channel3_IRQHandler
                0x08008fc4        0xc build/startup_stm32f103xb.o
                0x08008fc4                DMA1_Channel3_IRQHandler
 .text.DMA1_Channel4_IRQHandler
                0x08008fd0        0xc build/startup_stm32f103xb.o
                0x08008fd0                DMA1_Channel4_IRQHandler
 .text.DMA1_Channel5_IRQHandler
                0x08008fdc        0xc build/startup_stm32f103xb.o
                0x08008fdc                DMA1_Channel5_IRQHandler
 .text.DMA1_Channel6_IRQHandler
                0x08008fe8        0xc build/startup_stm32f103xb.o
                0x08008fe8                DMA1_Channel6_IRQHandler
 .text.DMA1_Channel7_IRQHandler
                0x08008ff4        0xc build/startup_stm32f103xb.o
                0x08008ff4                DMA1_Channel7_IRQHandler
 .text.ADC1_2_IRQHandler
                0x08009000        0xc build/startup_stm32f103xb.o
                0x08009000                ADC1_2_IRQHandler
 .text.USB_HP_CAN1_TX_IRQHandler
                0x0800900c        0xc build/startup_stm32f103xb.o
                0x0800900c                USB_HP_CAN1_TX_IRQHandler
 .text.USB_LP_CAN1_RX0_IRQHandler
                0x08009018        0xc build/startup_stm32f103xb.o
                0x08009018                USB_LP_CAN1_RX0_IRQHandler
 .text.CAN1_RX1_IRQHandler
                0x08009024        0xc build/startup_stm32f103xb.o
                0x08009024                CAN1_RX1_IRQHandler
 .text.CAN1_SCE_IRQHandler
                0x08009030        0xc build/startup_stm32f103xb.o
                0x08009030                CAN1_SCE_IRQHandler
 .text.EXTI9_5_IRQHandler
                0x0800903c        0xc build/startup_stm32f103xb.o
                0x0800903c                EXTI9_5_IRQHandler
 .text.TIM1_BRK_IRQHandler
                0x08009048        0xc build/startup_stm32f103xb.o
                0x08009048                TIM1_BRK_IRQHandler
 .text.TIM1_UP_IRQHandler
                0x08009054        0xc build/startup_stm32f103xb.o
                0x08009054                TIM1_UP_IRQHandler
 .text.TIM1_TRG_COM_IRQHandler
                0x08009060        0xc build/startup_stm32f103xb.o
                0x08009060                TIM1_TRG_COM_IRQHandler
 .text.TIM1_CC_IRQHandler
                0x0800906c        0xc build/startup_stm32f103xb.o
                0x0800906c                TIM1_CC_IRQHandler
 .text.TIM3_IRQHandler
                0x08009078        0xc build/startup_stm32f103xb.o
                0x08009078                TIM3_IRQHandler
 .text.TIM2_IRQHandler
                0x08009084        0xc build/startup_stm32f103xb.o
                0x08009084                TIM2_IRQHandler
 .text.TIM4_IRQHandler
                0x08009090        0xc build/startup_stm32f103xb.o
                0x08009090                TIM4_IRQHandler
 .text.I2C1_EV_IRQHandler
                0x0800909c        0xc build/startup_stm32f103xb.o
                0x0800909c                I2C1_EV_IRQHandler
 .text.I2C1_ER_IRQHandler
                0x080090a8        0xc build/startup_stm32f103xb.o
                0x080090a8                I2C1_ER_IRQHandler
 .text.I2C2_EV_IRQHandler
                0x080090b4        0xc build/startup_stm32f103xb.o
                0x080090b4                I2C2_EV_IRQHandler
 .text.I2C2_ER_IRQHandler
                0x080090c0        0xc build/startup_stm32f103xb.o
                0x080090c0                I2C2_ER_IRQHandler
 .text.SPI1_IRQHandler
                0x080090cc        0xc build/startup_stm32f103xb.o
                0x080090cc                SPI1_IRQHandler
 .text.SPI2_IRQHandler
                0x080090d8        0xc build/startup_stm32f103xb.o
                0x080090d8                SPI2_IRQHandler
 .text.USART1_IRQHandler
                0x080090e4        0xc build/startup_stm32f103xb.o
                0x080090e4                USART1_IRQHandler
 .text.USART2_IRQHandler
                0x080090f0        0xc build/startup_stm32f103xb.o
                0x080090f0                USART2_IRQHandler
 .text.USART3_IRQHandler
                0x080090fc        0xc build/startup_stm32f103xb.o
                0x080090fc                USART3_IRQHandler
 .text.EXTI15_10_IRQHandler
                0x08009108        0xc build/startup_stm32f103xb.o
                0x08009108                EXTI15_10_IRQHandler
 .text.RTC_Alarm_IRQHandler
                0x08009114        0xc build/startup_stm32f103xb.o
                0x08009114                RTC_Alarm_IRQHandler
 .text.USBWakeUp_IRQHandler
                0x08009120        0xc build/startup_stm32f103xb.o
                0x08009120                USBWakeUp_IRQHandler
 .text.BootRAM  0x0800912c        0xc build/startup_stm32f103xb.o
                0x0800912c                BootRAM
 .text.__libc_init_array
                0x08009138       0x48 d:/3.tools/arm_gcc_toolchain/bin/../lib/gcc/arm-none-eabi/10.3.1/../../../../arm-none-eabi/lib/thumb/v7-m/nofp\libc_nano.a(lib_a-init.o)
                0x08009138                __libc_init_array
 .text.memset   0x08009180       0x10 d:/3.tools/arm_gcc_toolchain/bin/../lib/gcc/arm-none-eabi/10.3.1/../../../../arm-none-eabi/lib/thumb/v7-m/nofp\libc_nano.a(lib_a-memset.o)
                0x08009180                memset
 .text.sprintf  0x08009190       0x40 d:/3.tools/arm_gcc_toolchain/bin/../lib/gcc/arm-none-eabi/10.3.1/../../../../arm-none-eabi/lib/thumb/v7-m/nofp\libc_nano.a(lib_a-sprintf.o)
                0x08009190                siprintf
                0x08009190                sprintf
 .text.__ssputs_r
                0x080091d0       0xb6 d:/3.tools/arm_gcc_toolchain/bin/../lib/gcc/arm-none-eabi/10.3.1/../../../../arm-none-eabi/lib/thumb/v7-m/nofp\libc_nano.a(lib_a-nano-svfprintf.o)
                0x080091d0                __ssputs_r
 *fill*         0x08009286        0x2 
 .text._svfprintf_r
                0x08009288      0x200 d:/3.tools/arm_gcc_toolchain/bin/../lib/gcc/arm-none-eabi/10.3.1/../../../../arm-none-eabi/lib/thumb/v7-m/nofp\libc_nano.a(lib_a-nano-svfprintf.o)
                0x08009288                _svfiprintf_r
                0x08009288                _svfprintf_r
 .text._printf_common
                0x08009488       0xde d:/3.tools/arm_gcc_toolchain/bin/../lib/gcc/arm-none-eabi/10.3.1/../../../../arm-none-eabi/lib/thumb/v7-m/nofp\libc_nano.a(lib_a-nano-vfprintf_i.o)
                0x08009488                _printf_common
 *fill*         0x08009566        0x2 
 .text._printf_i
                0x08009568      0x24c d:/3.tools/arm_gcc_toolchain/bin/../lib/gcc/arm-none-eabi/10.3.1/../../../../arm-none-eabi/lib/thumb/v7-m/nofp\libc_nano.a(lib_a-nano-vfprintf_i.o)
                0x08009568                _printf_i
 .text.memchr   0x080097b4       0x1c d:/3.tools/arm_gcc_toolchain/bin/../lib/gcc/arm-none-eabi/10.3.1/../../../../arm-none-eabi/lib/thumb/v7-m/nofp\libc_nano.a(lib_a-memchr-stub.o)
                0x080097b4                memchr
 .text.memcpy   0x080097d0       0x1c d:/3.tools/arm_gcc_toolchain/bin/../lib/gcc/arm-none-eabi/10.3.1/../../../../arm-none-eabi/lib/thumb/v7-m/nofp\libc_nano.a(lib_a-memcpy-stub.o)
                0x080097d0                memcpy
 .text.memmove  0x080097ec       0x34 d:/3.tools/arm_gcc_toolchain/bin/../lib/gcc/arm-none-eabi/10.3.1/../../../../arm-none-eabi/lib/thumb/v7-m/nofp\libc_nano.a(lib_a-memmove.o)
                0x080097ec                memmove
 .text._free_r  0x08009820       0x90 d:/3.tools/arm_gcc_toolchain/bin/../lib/gcc/arm-none-eabi/10.3.1/../../../../arm-none-eabi/lib/thumb/v7-m/nofp\libc_nano.a(lib_a-nano-freer.o)
                0x08009820                _free_r
 .text.sbrk_aligned
                0x080098b0       0x40 d:/3.tools/arm_gcc_toolchain/bin/../lib/gcc/arm-none-eabi/10.3.1/../../../../arm-none-eabi/lib/thumb/v7-m/nofp\libc_nano.a(lib_a-nano-mallocr.o)
 .text._malloc_r
                0x080098f0       0xe8 d:/3.tools/arm_gcc_toolchain/bin/../lib/gcc/arm-none-eabi/10.3.1/../../../../arm-none-eabi/lib/thumb/v7-m/nofp\libc_nano.a(lib_a-nano-mallocr.o)
                0x080098f0                _malloc_r
 .text._realloc_r
                0x080099d8       0x5e d:/3.tools/arm_gcc_toolchain/bin/../lib/gcc/arm-none-eabi/10.3.1/../../../../arm-none-eabi/lib/thumb/v7-m/nofp\libc_nano.a(lib_a-nano-reallocr.o)
                0x080099d8                _realloc_r
 *fill*         0x08009a36        0x2 
 .text._sbrk_r  0x08009a38       0x20 d:/3.tools/arm_gcc_toolchain/bin/../lib/gcc/arm-none-eabi/10.3.1/../../../../arm-none-eabi/lib/thumb/v7-m/nofp\libc_nano.a(lib_a-sbrkr.o)
                0x08009a38                _sbrk_r
 .text.__malloc_lock
                0x08009a58        0xc d:/3.tools/arm_gcc_toolchain/bin/../lib/gcc/arm-none-eabi/10.3.1/../../../../arm-none-eabi/lib/thumb/v7-m/nofp\libc_nano.a(lib_a-mlock.o)
                0x08009a58                __malloc_lock
 .text.__malloc_unlock
                0x08009a64        0xc d:/3.tools/arm_gcc_toolchain/bin/../lib/gcc/arm-none-eabi/10.3.1/../../../../arm-none-eabi/lib/thumb/v7-m/nofp\libc_nano.a(lib_a-mlock.o)
                0x08009a64                __malloc_unlock
 .text._malloc_usable_size_r
                0x08009a70       0x10 d:/3.tools/arm_gcc_toolchain/bin/../lib/gcc/arm-none-eabi/10.3.1/../../../../arm-none-eabi/lib/thumb/v7-m/nofp\libc_nano.a(lib_a-nano-msizer.o)
                0x08009a70                _malloc_usable_size_r
 .text.__retarget_lock_acquire_recursive
                0x08009a80        0x2 d:/3.tools/arm_gcc_toolchain/bin/../lib/gcc/arm-none-eabi/10.3.1/../../../../arm-none-eabi/lib/thumb/v7-m/nofp\libc_nano.a(lib_a-lock.o)
                0x08009a80                __retarget_lock_acquire_recursive
 .text.__retarget_lock_release_recursive
                0x08009a82        0x2 d:/3.tools/arm_gcc_toolchain/bin/../lib/gcc/arm-none-eabi/10.3.1/../../../../arm-none-eabi/lib/thumb/v7-m/nofp\libc_nano.a(lib_a-lock.o)
                0x08009a82                __retarget_lock_release_recursive
 .text._sbrk    0x08009a84       0x1c d:/3.tools/arm_gcc_toolchain/bin/../lib/gcc/arm-none-eabi/10.3.1/../../../../arm-none-eabi/lib/thumb/v7-m/nofp\libnosys.a(sbrk.o)
                0x08009a84                _sbrk
 *(.glue_7)
 .glue_7        0x08009aa0        0x0 linker stubs
 *(.glue_7t)
 .glue_7t       0x08009aa0        0x0 linker stubs
 *(.eh_frame)
 .eh_frame      0x08009aa0        0x0 d:/3.tools/arm_gcc_toolchain/bin/../lib/gcc/arm-none-eabi/10.3.1/thumb/v7-m/nofp/crtbegin.o
 *(.init)
 .init          0x08009aa0        0x4 d:/3.tools/arm_gcc_toolchain/bin/../lib/gcc/arm-none-eabi/10.3.1/thumb/v7-m/nofp/crti.o
                0x08009aa0                _init
 .init          0x08009aa4        0x8 d:/3.tools/arm_gcc_toolchain/bin/../lib/gcc/arm-none-eabi/10.3.1/thumb/v7-m/nofp/crtn.o
 *(.fini)
 .fini          0x08009aac        0x4 d:/3.tools/arm_gcc_toolchain/bin/../lib/gcc/arm-none-eabi/10.3.1/thumb/v7-m/nofp/crti.o
                0x08009aac                _fini
 .fini          0x08009ab0        0x8 d:/3.tools/arm_gcc_toolchain/bin/../lib/gcc/arm-none-eabi/10.3.1/thumb/v7-m/nofp/crtn.o
                0x08009ab8                . = ALIGN (0x4)
                0x08009ab8                _etext = .

.vfp11_veneer   0x08009ab8        0x0
 .vfp11_veneer  0x08009ab8        0x0 linker stubs

.v4_bx          0x08009ab8        0x0
 .v4_bx         0x08009ab8        0x0 linker stubs

.iplt           0x08009ab8        0x0
 .iplt          0x08009ab8        0x0 d:/3.tools/arm_gcc_toolchain/bin/../lib/gcc/arm-none-eabi/10.3.1/thumb/v7-m/nofp/crtbegin.o

.rodata         0x08009ab8      0x8e4
                0x08009ab8                . = ALIGN (0x4)
 *(.rodata)
 .rodata        0x08009ab8       0xc3 build/oled.o
 *fill*         0x08009b7b        0x1 
 .rodata        0x08009b7c       0x47 build/blutooth.o
 *fill*         0x08009bc3        0x1 
 .rodata        0x08009bc4       0x10 build/stm32f1xx_hal_rcc.o
 .rodata        0x08009bd4       0x10 build/stm32f1xx_hal_rcc_ex.o
 *(.rodata*)
 .rodata.Font7x10
                0x08009be4      0x76c build/oled_fonts.o
 .rodata.AHBPrescTable
                0x0800a350       0x10 build/system_stm32f1xx.o
                0x0800a350                AHBPrescTable
 .rodata.APBPrescTable
                0x0800a360        0x8 build/system_stm32f1xx.o
                0x0800a360                APBPrescTable
 .rodata._svfprintf_r.str1.1
                0x0800a368       0x11 d:/3.tools/arm_gcc_toolchain/bin/../lib/gcc/arm-none-eabi/10.3.1/../../../../arm-none-eabi/lib/thumb/v7-m/nofp\libc_nano.a(lib_a-nano-svfprintf.o)
 .rodata._printf_i.str1.1
                0x0800a379       0x22 d:/3.tools/arm_gcc_toolchain/bin/../lib/gcc/arm-none-eabi/10.3.1/../../../../arm-none-eabi/lib/thumb/v7-m/nofp\libc_nano.a(lib_a-nano-vfprintf_i.o)
                0x0800a39c                . = ALIGN (0x4)
 *fill*         0x0800a39b        0x1 

.rel.dyn        0x0800a39c        0x0
 .rel.iplt      0x0800a39c        0x0 d:/3.tools/arm_gcc_toolchain/bin/../lib/gcc/arm-none-eabi/10.3.1/thumb/v7-m/nofp/crtbegin.o

.ARM.extab
 *(.ARM.extab* .gnu.linkonce.armextab.*)

.ARM            0x0800a39c        0x0
                0x0800a39c                __exidx_start = .
 *(.ARM.exidx*)
                0x0800a39c                __exidx_end = .

.preinit_array  0x0800a39c        0x0
                0x0800a39c                PROVIDE (__preinit_array_start = .)
 *(.preinit_array*)
                0x0800a39c                PROVIDE (__preinit_array_end = .)

.init_array     0x0800a39c        0x4
                0x0800a39c                PROVIDE (__init_array_start = .)
 *(SORT_BY_NAME(.init_array.*))
 *(.init_array*)
 .init_array    0x0800a39c        0x4 d:/3.tools/arm_gcc_toolchain/bin/../lib/gcc/arm-none-eabi/10.3.1/thumb/v7-m/nofp/crtbegin.o
                0x0800a3a0                PROVIDE (__init_array_end = .)

.fini_array     0x0800a3a0        0x4
                [!provide]                PROVIDE (__fini_array_start = .)
 *(SORT_BY_NAME(.fini_array.*))
 *(.fini_array*)
 .fini_array    0x0800a3a0        0x4 d:/3.tools/arm_gcc_toolchain/bin/../lib/gcc/arm-none-eabi/10.3.1/thumb/v7-m/nofp/crtbegin.o
                [!provide]                PROVIDE (__fini_array_end = .)
                0x0800a3a4                _sidata = LOADADDR (.data)

.data           0x20000000       0x80 load address 0x0800a3a4
                0x20000000                . = ALIGN (0x4)
                0x20000000                _sdata = .
 *(.data)
 *(.data*)
 .data.Temp_Avg_TP_Count
                0x20000000        0x1 build/temp.o
                0x20000000                Temp_Avg_TP_Count
 .data.Temp_Avg_CPU_Count
                0x20000001        0x1 build/temp.o
                0x20000001                Temp_Avg_CPU_Count
 *fill*         0x20000002        0x2 
 .data.OLED_Font_7x10
                0x20000004        0x8 build/oled_fonts.o
                0x20000004                OLED_Font_7x10
 .data.EEPROM_Write_Address
                0x2000000c        0x4 build/eeprom.o
 .data.uwTickPrio
                0x20000010        0x4 build/stm32f1xx_hal.o
                0x20000010                uwTickPrio
 .data.uwTickFreq
                0x20000014        0x1 build/stm32f1xx_hal.o
                0x20000014                uwTickFreq
 *fill*         0x20000015        0x3 
 .data.SystemCoreClock
                0x20000018        0x4 build/system_stm32f1xx.o
                0x20000018                SystemCoreClock
 .data._impure_ptr
                0x2000001c        0x4 d:/3.tools/arm_gcc_toolchain/bin/../lib/gcc/arm-none-eabi/10.3.1/../../../../arm-none-eabi/lib/thumb/v7-m/nofp\libc_nano.a(lib_a-impure.o)
                0x2000001c                _impure_ptr
 .data.impure_data
                0x20000020       0x60 d:/3.tools/arm_gcc_toolchain/bin/../lib/gcc/arm-none-eabi/10.3.1/../../../../arm-none-eabi/lib/thumb/v7-m/nofp\libc_nano.a(lib_a-impure.o)
                0x20000080                . = ALIGN (0x4)
                0x20000080                _edata = .

.igot.plt       0x20000080        0x0 load address 0x0800a424
 .igot.plt      0x20000080        0x0 d:/3.tools/arm_gcc_toolchain/bin/../lib/gcc/arm-none-eabi/10.3.1/thumb/v7-m/nofp/crtbegin.o
                0x20000080                . = ALIGN (0x4)

.bss            0x20000080      0x874 load address 0x0800a424
                0x20000080                _sbss = .
                0x20000080                __bss_start__ = _sbss
 *(.bss)
 .bss           0x20000080       0x1c d:/3.tools/arm_gcc_toolchain/bin/../lib/gcc/arm-none-eabi/10.3.1/thumb/v7-m/nofp/crtbegin.o
 *(.bss*)
 .bss.hadc1     0x2000009c       0x30 build/main.o
                0x2000009c                hadc1
 .bss.hi2c1     0x200000cc       0x54 build/main.o
                0x200000cc                hi2c1
 .bss.hi2c2     0x20000120       0x54 build/main.o
                0x20000120                hi2c2
 .bss.htim1     0x20000174       0xb4 build/main.o
                0x20000174                htim1
 .bss.htim2     0x20000228       0xb4 build/main.o
                0x20000228                htim2
 .bss.htim3     0x200002dc       0xb4 build/main.o
                0x200002dc                htim3
 .bss.htim4     0x20000390       0xb4 build/main.o
                0x20000390                htim4
 .bss.huart2    0x20000444       0x74 build/main.o
                0x20000444                huart2
 .bss.Os_Var    0x200004b8       0x64 build/os.o
                0x200004b8                Os_Var
 .bss.switch_mode_old
                0x2000051c        0x1 build/os.o
                0x2000051c                switch_mode_old
 .bss.EEPROM_Write_Req
                0x2000051d        0x1 build/os.o
                0x2000051d                EEPROM_Write_Req
 .bss.EEPROM_Write_cntReq
                0x2000051e        0x1 build/os.o
                0x2000051e                EEPROM_Write_cntReq
 *fill*         0x2000051f        0x1 
 .bss.LED_TimeCounter
                0x20000520        0x2 build/led.o
                0x20000520                LED_TimeCounter
 .bss.LED_TimeCounter_Co2
                0x20000522        0x2 build/led.o
                0x20000522                LED_TimeCounter_Co2
 .bss.switch1_status
                0x20000524        0x1 build/switch.o
                0x20000524                switch1_status
 .bss.switch2_status
                0x20000525        0x1 build/switch.o
                0x20000525                switch2_status
 .bss.switch3_status
                0x20000526        0x1 build/switch.o
                0x20000526                switch3_status
 .bss.switch4_status
                0x20000527        0x1 build/switch.o
                0x20000527                switch4_status
 .bss.switch1_status_old
                0x20000528        0x1 build/switch.o
                0x20000528                switch1_status_old
 .bss.switch2_status_old
                0x20000529        0x1 build/switch.o
                0x20000529                switch2_status_old
 .bss.switch3_status_old
                0x2000052a        0x1 build/switch.o
                0x2000052a                switch3_status_old
 .bss.switch4_status_old
                0x2000052b        0x1 build/switch.o
                0x2000052b                switch4_status_old
 .bss.switch_overtemp
                0x2000052c        0x1 build/switch.o
                0x2000052c                switch_overtemp
 .bss.switch_mode
                0x2000052d        0x1 build/switch.o
                0x2000052d                switch_mode
 .bss.switch_submode
                0x2000052e        0x1 build/switch.o
                0x2000052e                switch_submode
 .bss.cup_in    0x2000052f        0x1 build/switch.o
                0x2000052f                cup_in
 .bss.cup_in_old
                0x20000530        0x1 build/switch.o
                0x20000530                cup_in_old
 .bss.switch4_mode
                0x20000531        0x1 build/switch.o
                0x20000531                switch4_mode
 .bss.switch4_mode_old
                0x20000532        0x1 build/switch.o
                0x20000532                switch4_mode_old
 .bss.switch_custom_mode
                0x20000533        0x1 build/switch.o
                0x20000533                switch_custom_mode
 .bss.switch_trg_temp
                0x20000534        0x2 build/switch.o
                0x20000534                switch_trg_temp
 .bss.switch_trg_time
                0x20000536        0x2 build/switch.o
                0x20000536                switch_trg_time
 .bss.switch_idle_temp
                0x20000538        0x2 build/switch.o
                0x20000538                switch_idle_temp
 .bss.switch_timer1
                0x2000053a        0x2 build/switch.o
                0x2000053a                switch_timer1
 .bss.switch_timer2
                0x2000053c        0x2 build/switch.o
                0x2000053c                switch_timer2
 .bss.switch_timer3
                0x2000053e        0x2 build/switch.o
                0x2000053e                switch_timer3
 .bss.Pwm_Duty_Peltier
                0x20000540        0x2 build/pwm.o
                0x20000540                Pwm_Duty_Peltier
 .bss.Pwm_Duty_Heater
                0x20000542        0x2 build/pwm.o
                0x20000542                Pwm_Duty_Heater
 .bss.Pwm_Duty_Servo
                0x20000544        0x2 build/pwm.o
                0x20000544                Pwm_Duty_Servo
 .bss.Pwm_Duty_Fan
                0x20000546        0x2 build/pwm.o
                0x20000546                Pwm_Duty_Fan
 .bss.Pwm_Servo_status
                0x20000548        0x1 build/pwm.o
                0x20000548                Pwm_Servo_status
 .bss.Pwm_Led_Mode
                0x20000549        0x1 build/pwm.o
                0x20000549                Pwm_Led_Mode
 .bss.Target_Run_Temp
                0x2000054a        0x2 build/pwm.o
                0x2000054a                Target_Run_Temp
 .bss.Target_Run_Time
                0x2000054c        0x4 build/pwm.o
                0x2000054c                Target_Run_Time
 .bss.Target_Idle_Temp
                0x20000550        0x2 build/pwm.o
                0x20000550                Target_Idle_Temp
 .bss.first_target_flag
                0x20000552        0x1 build/pwm.o
                0x20000552                first_target_flag
 *fill*         0x20000553        0x1 
 .bss.Servo_timer
                0x20000554        0x2 build/pwm.o
                0x20000554                Servo_timer
 .bss.first_status.0
                0x20000556        0x1 build/pwm.o
 *fill*         0x20000557        0x1 
 .bss.Temp_Adc_TP_Raw
                0x20000558        0x2 build/temp.o
                0x20000558                Temp_Adc_TP_Raw
 .bss.Temp_Adc_CPU_Raw
                0x2000055a        0x2 build/temp.o
                0x2000055a                Temp_Adc_CPU_Raw
 .bss.Temp_Adc_TP_Status
                0x2000055c        0x1 build/temp.o
                0x2000055c                Temp_Adc_TP_Status
 .bss.Temp_Adc_CPU_Status
                0x2000055d        0x1 build/temp.o
                0x2000055d                Temp_Adc_CPU_Status
 *fill*         0x2000055e        0x2 
 .bss.Temp_Adc_TP_Sum
                0x20000560        0x4 build/temp.o
                0x20000560                Temp_Adc_TP_Sum
 .bss.Temp_Adc_CPU_Sum
                0x20000564        0x4 build/temp.o
                0x20000564                Temp_Adc_CPU_Sum
 .bss.Temp_Adc_TP_Volt
                0x20000568        0x2 build/temp.o
                0x20000568                Temp_Adc_TP_Volt
 .bss.Temp_Adc_CPU_Volt
                0x2000056a        0x2 build/temp.o
                0x2000056a                Temp_Adc_CPU_Volt
 .bss.Temp_Adc_TP
                0x2000056c        0x2 build/temp.o
                0x2000056c                Temp_Adc_TP
 .bss.Temp_Adc_CPU
                0x2000056e        0x2 build/temp.o
                0x2000056e                Temp_Adc_CPU
 .bss.OLED      0x20000570        0x4 build/oled.o
                0x20000570                OLED
 .bss.Tx_data   0x20000574       0x64 build/oled.o
                0x20000574                Tx_data
 .bss.OLED_Buffer
                0x200005d8      0x200 build/oled.o
 .bss.CO2_Data_w
                0x200007d8        0x1 build/co2.o
                0x200007d8                CO2_Data_w
 *fill*         0x200007d9        0x3 
 .bss.CO2_Data  0x200007dc        0x8 build/co2.o
                0x200007dc                CO2_Data
 .bss.CO2_Data16
                0x200007e4        0x2 build/co2.o
                0x200007e4                CO2_Data16
 .bss.TVOC_Data16
                0x200007e6        0x2 build/co2.o
                0x200007e6                TVOC_Data16
 .bss.Blutooth_Tx_Data
                0x200007e8       0x64 build/blutooth.o
                0x200007e8                Blutooth_Tx_Data
 .bss.Blutooth_Rx_Data
                0x2000084c       0x64 build/blutooth.o
                0x2000084c                Blutooth_Rx_Data
 .bss.switch_submodeEEP
                0x200008b0        0x1 build/eeprom.o
                0x200008b0                switch_submodeEEP
 *fill*         0x200008b1        0x1 
 .bss.switch_trg_tempEEP
                0x200008b2        0x2 build/eeprom.o
                0x200008b2                switch_trg_tempEEP
 .bss.switch_trg_timeEEP
                0x200008b4        0x2 build/eeprom.o
                0x200008b4                switch_trg_timeEEP
 .bss.switch_idle_tempEEP
                0x200008b6        0x2 build/eeprom.o
                0x200008b6                switch_idle_tempEEP
 .bss.EEPROM_Write_Counter
                0x200008b8        0x1 build/eeprom.o
 *fill*         0x200008b9        0x3 
 .bss.uwTick    0x200008bc        0x4 build/stm32f1xx_hal.o
                0x200008bc                uwTick
 .bss.pFlash    0x200008c0       0x20 build/stm32f1xx_hal_flash.o
                0x200008c0                pFlash
 .bss.__malloc_free_list
                0x200008e0        0x4 d:/3.tools/arm_gcc_toolchain/bin/../lib/gcc/arm-none-eabi/10.3.1/../../../../arm-none-eabi/lib/thumb/v7-m/nofp\libc_nano.a(lib_a-nano-mallocr.o)
                0x200008e0                __malloc_free_list
 .bss.__malloc_sbrk_start
                0x200008e4        0x4 d:/3.tools/arm_gcc_toolchain/bin/../lib/gcc/arm-none-eabi/10.3.1/../../../../arm-none-eabi/lib/thumb/v7-m/nofp\libc_nano.a(lib_a-nano-mallocr.o)
                0x200008e4                __malloc_sbrk_start
 .bss.errno     0x200008e8        0x4 d:/3.tools/arm_gcc_toolchain/bin/../lib/gcc/arm-none-eabi/10.3.1/../../../../arm-none-eabi/lib/thumb/v7-m/nofp\libc_nano.a(lib_a-reent.o)
                0x200008e8                errno
 .bss.__lock___malloc_recursive_mutex
                0x200008ec        0x1 d:/3.tools/arm_gcc_toolchain/bin/../lib/gcc/arm-none-eabi/10.3.1/../../../../arm-none-eabi/lib/thumb/v7-m/nofp\libc_nano.a(lib_a-lock.o)
                0x200008ec                __lock___malloc_recursive_mutex
 *fill*         0x200008ed        0x3 
 .bss.heap_end.0
                0x200008f0        0x4 d:/3.tools/arm_gcc_toolchain/bin/../lib/gcc/arm-none-eabi/10.3.1/../../../../arm-none-eabi/lib/thumb/v7-m/nofp\libnosys.a(sbrk.o)
 *(COMMON)
                0x200008f4                . = ALIGN (0x4)
                0x200008f4                _ebss = .
                0x200008f4                __bss_end__ = _ebss

._user_heap_stack
                0x200008f4      0x604 load address 0x0800a424
                0x200008f8                . = ALIGN (0x8)
 *fill*         0x200008f4        0x4 
                0x200008f8                PROVIDE (end = .)
                [!provide]                PROVIDE (_end = .)
                0x20000af8                . = (. + _Min_Heap_Size)
 *fill*         0x200008f8      0x200 
                0x20000ef8                . = (. + _Min_Stack_Size)
 *fill*         0x20000af8      0x400 
                0x20000ef8                . = ALIGN (0x8)

/DISCARD/
 libc.a(*)
 libm.a(*)
 libgcc.a(*)

.ARM.attributes
                0x00000000       0x29
 *(.ARM.attributes)
 .ARM.attributes
                0x00000000       0x1d d:/3.tools/arm_gcc_toolchain/bin/../lib/gcc/arm-none-eabi/10.3.1/thumb/v7-m/nofp/crti.o
 .ARM.attributes
                0x0000001d       0x2d d:/3.tools/arm_gcc_toolchain/bin/../lib/gcc/arm-none-eabi/10.3.1/thumb/v7-m/nofp/crtbegin.o
 .ARM.attributes
                0x0000004a       0x2d build/main.o
 .ARM.attributes
                0x00000077       0x2d build/stm32f1xx_it.o
 .ARM.attributes
                0x000000a4       0x2d build/stm32f1xx_hal_msp.o
 .ARM.attributes
                0x000000d1       0x2d build/os.o
 .ARM.attributes
                0x000000fe       0x2d build/led.o
 .ARM.attributes
                0x0000012b       0x2d build/switch.o
 .ARM.attributes
                0x00000158       0x2d build/pwm.o
 .ARM.attributes
                0x00000185       0x2d build/temp.o
 .ARM.attributes
                0x000001b2       0x2d build/oled.o
 .ARM.attributes
                0x000001df       0x2d build/oled_fonts.o
 .ARM.attributes
                0x0000020c       0x2d build/co2.o
 .ARM.attributes
                0x00000239       0x2d build/blutooth.o
 .ARM.attributes
                0x00000266       0x2d build/eeprom.o
 .ARM.attributes
                0x00000293       0x2d build/stm32f1xx_hal_adc.o
 .ARM.attributes
                0x000002c0       0x2d build/stm32f1xx_hal.o
 .ARM.attributes
                0x000002ed       0x2d build/stm32f1xx_hal_rcc.o
 .ARM.attributes
                0x0000031a       0x2d build/stm32f1xx_hal_rcc_ex.o
 .ARM.attributes
                0x00000347       0x2d build/stm32f1xx_hal_gpio.o
 .ARM.attributes
                0x00000374       0x2d build/stm32f1xx_hal_dma.o
 .ARM.attributes
                0x000003a1       0x2d build/stm32f1xx_hal_cortex.o
 .ARM.attributes
                0x000003ce       0x2d build/stm32f1xx_hal_flash.o
 .ARM.attributes
                0x000003fb       0x2d build/stm32f1xx_hal_flash_ex.o
 .ARM.attributes
                0x00000428       0x2d build/stm32f1xx_hal_i2c.o
 .ARM.attributes
                0x00000455       0x2d build/stm32f1xx_hal_tim.o
 .ARM.attributes
                0x00000482       0x2d build/stm32f1xx_hal_tim_ex.o
 .ARM.attributes
                0x000004af       0x2d build/stm32f1xx_hal_uart.o
 .ARM.attributes
                0x000004dc       0x2d build/system_stm32f1xx.o
 .ARM.attributes
                0x00000509       0x2d build/startup_stm32f103xb.o
 .ARM.attributes
                0x00000536       0x2d d:/3.tools/arm_gcc_toolchain/bin/../lib/gcc/arm-none-eabi/10.3.1/../../../../arm-none-eabi/lib/thumb/v7-m/nofp\libc_nano.a(lib_a-impure.o)
 .ARM.attributes
                0x00000563       0x2d d:/3.tools/arm_gcc_toolchain/bin/../lib/gcc/arm-none-eabi/10.3.1/../../../../arm-none-eabi/lib/thumb/v7-m/nofp\libc_nano.a(lib_a-init.o)
 .ARM.attributes
                0x00000590       0x2d d:/3.tools/arm_gcc_toolchain/bin/../lib/gcc/arm-none-eabi/10.3.1/../../../../arm-none-eabi/lib/thumb/v7-m/nofp\libc_nano.a(lib_a-memset.o)
 .ARM.attributes
                0x000005bd       0x2d d:/3.tools/arm_gcc_toolchain/bin/../lib/gcc/arm-none-eabi/10.3.1/../../../../arm-none-eabi/lib/thumb/v7-m/nofp\libc_nano.a(lib_a-sprintf.o)
 .ARM.attributes
                0x000005ea       0x17 d:/3.tools/arm_gcc_toolchain/bin/../lib/gcc/arm-none-eabi/10.3.1/../../../../arm-none-eabi/lib/thumb/v7-m/nofp\libc_nano.a(lib_a-strlen.o)
 .ARM.attributes
                0x00000601       0x2d d:/3.tools/arm_gcc_toolchain/bin/../lib/gcc/arm-none-eabi/10.3.1/../../../../arm-none-eabi/lib/thumb/v7-m/nofp\libc_nano.a(lib_a-nano-svfprintf.o)
 .ARM.attributes
                0x0000062e       0x2d d:/3.tools/arm_gcc_toolchain/bin/../lib/gcc/arm-none-eabi/10.3.1/../../../../arm-none-eabi/lib/thumb/v7-m/nofp\libc_nano.a(lib_a-nano-vfprintf_i.o)
 .ARM.attributes
                0x0000065b       0x2d d:/3.tools/arm_gcc_toolchain/bin/../lib/gcc/arm-none-eabi/10.3.1/../../../../arm-none-eabi/lib/thumb/v7-m/nofp\libc_nano.a(lib_a-memchr-stub.o)
 .ARM.attributes
                0x00000688       0x2d d:/3.tools/arm_gcc_toolchain/bin/../lib/gcc/arm-none-eabi/10.3.1/../../../../arm-none-eabi/lib/thumb/v7-m/nofp\libc_nano.a(lib_a-memcpy-stub.o)
 .ARM.attributes
                0x000006b5       0x2d d:/3.tools/arm_gcc_toolchain/bin/../lib/gcc/arm-none-eabi/10.3.1/../../../../arm-none-eabi/lib/thumb/v7-m/nofp\libc_nano.a(lib_a-memmove.o)
 .ARM.attributes
                0x000006e2       0x2d d:/3.tools/arm_gcc_toolchain/bin/../lib/gcc/arm-none-eabi/10.3.1/../../../../arm-none-eabi/lib/thumb/v7-m/nofp\libc_nano.a(lib_a-nano-freer.o)
 .ARM.attributes
                0x0000070f       0x2d d:/3.tools/arm_gcc_toolchain/bin/../lib/gcc/arm-none-eabi/10.3.1/../../../../arm-none-eabi/lib/thumb/v7-m/nofp\libc_nano.a(lib_a-nano-mallocr.o)
 .ARM.attributes
                0x0000073c       0x2d d:/3.tools/arm_gcc_toolchain/bin/../lib/gcc/arm-none-eabi/10.3.1/../../../../arm-none-eabi/lib/thumb/v7-m/nofp\libc_nano.a(lib_a-nano-reallocr.o)
 .ARM.attributes
                0x00000769       0x2d d:/3.tools/arm_gcc_toolchain/bin/../lib/gcc/arm-none-eabi/10.3.1/../../../../arm-none-eabi/lib/thumb/v7-m/nofp\libc_nano.a(lib_a-sbrkr.o)
 .ARM.attributes
                0x00000796       0x2d d:/3.tools/arm_gcc_toolchain/bin/../lib/gcc/arm-none-eabi/10.3.1/../../../../arm-none-eabi/lib/thumb/v7-m/nofp\libc_nano.a(lib_a-mlock.o)
 .ARM.attributes
                0x000007c3       0x2d d:/3.tools/arm_gcc_toolchain/bin/../lib/gcc/arm-none-eabi/10.3.1/../../../../arm-none-eabi/lib/thumb/v7-m/nofp\libc_nano.a(lib_a-nano-msizer.o)
 .ARM.attributes
                0x000007f0       0x2d d:/3.tools/arm_gcc_toolchain/bin/../lib/gcc/arm-none-eabi/10.3.1/../../../../arm-none-eabi/lib/thumb/v7-m/nofp\libc_nano.a(lib_a-reent.o)
 .ARM.attributes
                0x0000081d       0x2d d:/3.tools/arm_gcc_toolchain/bin/../lib/gcc/arm-none-eabi/10.3.1/../../../../arm-none-eabi/lib/thumb/v7-m/nofp\libc_nano.a(lib_a-lock.o)
 .ARM.attributes
                0x0000084a       0x2d d:/3.tools/arm_gcc_toolchain/bin/../lib/gcc/arm-none-eabi/10.3.1/../../../../arm-none-eabi/lib/thumb/v7-m/nofp\libnosys.a(sbrk.o)
 .ARM.attributes
                0x00000877       0x1d d:/3.tools/arm_gcc_toolchain/bin/../lib/gcc/arm-none-eabi/10.3.1/thumb/v7-m/nofp\libgcc.a(_arm_addsubsf3.o)
 .ARM.attributes
                0x00000894       0x1d d:/3.tools/arm_gcc_toolchain/bin/../lib/gcc/arm-none-eabi/10.3.1/thumb/v7-m/nofp\libgcc.a(_arm_muldivsf3.o)
 .ARM.attributes
                0x000008b1       0x1d d:/3.tools/arm_gcc_toolchain/bin/../lib/gcc/arm-none-eabi/10.3.1/thumb/v7-m/nofp\libgcc.a(_arm_fixsfsi.o)
 .ARM.attributes
                0x000008ce       0x1d d:/3.tools/arm_gcc_toolchain/bin/../lib/gcc/arm-none-eabi/10.3.1/thumb/v7-m/nofp\libgcc.a(_arm_fixunssfsi.o)
 .ARM.attributes
                0x000008eb       0x1d d:/3.tools/arm_gcc_toolchain/bin/../lib/gcc/arm-none-eabi/10.3.1/thumb/v7-m/nofp/crtn.o
OUTPUT(build/AllPrime_Mug_temp.elf elf32-littlearm)
LOAD linker stubs
LOAD d:/3.tools/arm_gcc_toolchain/bin/../lib/gcc/arm-none-eabi/10.3.1/../../../../arm-none-eabi/lib/thumb/v7-m/nofp\libc.a
LOAD d:/3.tools/arm_gcc_toolchain/bin/../lib/gcc/arm-none-eabi/10.3.1/../../../../arm-none-eabi/lib/thumb/v7-m/nofp\libm.a
LOAD d:/3.tools/arm_gcc_toolchain/bin/../lib/gcc/arm-none-eabi/10.3.1/thumb/v7-m/nofp\libgcc.a

.debug_info     0x00000000    0x15cb6
 .debug_info    0x00000000     0x1a0e build/main.o
 .debug_info    0x00001a0e      0x889 build/stm32f1xx_it.o
 .debug_info    0x00002297     0x1876 build/stm32f1xx_hal_msp.o
 .debug_info    0x00003b0d      0x5d7 build/os.o
 .debug_info    0x000040e4      0x1f6 build/led.o
 .debug_info    0x000042da      0x3fd build/switch.o
 .debug_info    0x000046d7      0x4c0 build/pwm.o
 .debug_info    0x00004b97      0x6f9 build/temp.o
 .debug_info    0x00005290      0xe3e build/oled.o
 .debug_info    0x000060ce      0x295 build/oled_fonts.o
 .debug_info    0x00006363      0x73b build/co2.o
 .debug_info    0x00006a9e      0x732 build/blutooth.o
 .debug_info    0x000071d0      0x2ee build/eeprom.o
 .debug_info    0x000074be      0xd75 build/stm32f1xx_hal_adc.o
 .debug_info    0x00008233      0x798 build/stm32f1xx_hal.o
 .debug_info    0x000089cb      0x8cb build/stm32f1xx_hal_rcc.o
 .debug_info    0x00009296      0x3f5 build/stm32f1xx_hal_rcc_ex.o
 .debug_info    0x0000968b      0x67d build/stm32f1xx_hal_gpio.o
 .debug_info    0x00009d08      0x7a6 build/stm32f1xx_hal_dma.o
 .debug_info    0x0000a4ae      0xbf5 build/stm32f1xx_hal_cortex.o
 .debug_info    0x0000b0a3      0x582 build/stm32f1xx_hal_flash.o
 .debug_info    0x0000b625      0x85d build/stm32f1xx_hal_flash_ex.o
 .debug_info    0x0000be82     0x28b6 build/stm32f1xx_hal_i2c.o
 .debug_info    0x0000e738     0x3004 build/stm32f1xx_hal_tim.o
 .debug_info    0x0001173c     0x1736 build/stm32f1xx_hal_tim_ex.o
 .debug_info    0x00012e72     0x19ae build/stm32f1xx_hal_uart.o
 .debug_info    0x00014820      0x261 build/system_stm32f1xx.o
 .debug_info    0x00014a81     0x1235 build/startup_stm32f103xb.o

.debug_abbrev   0x00000000     0x31cf
 .debug_abbrev  0x00000000      0x282 build/main.o
 .debug_abbrev  0x00000282      0x150 build/stm32f1xx_it.o
 .debug_abbrev  0x000003d2      0x1e9 build/stm32f1xx_hal_msp.o
 .debug_abbrev  0x000005bb      0x17a build/os.o
 .debug_abbrev  0x00000735       0xde build/led.o
 .debug_abbrev  0x00000813      0x107 build/switch.o
 .debug_abbrev  0x0000091a      0x13f build/pwm.o
 .debug_abbrev  0x00000a59      0x18b build/temp.o
 .debug_abbrev  0x00000be4      0x2a1 build/oled.o
 .debug_abbrev  0x00000e85      0x108 build/oled_fonts.o
 .debug_abbrev  0x00000f8d      0x168 build/co2.o
 .debug_abbrev  0x000010f5      0x188 build/blutooth.o
 .debug_abbrev  0x0000127d      0x128 build/eeprom.o
 .debug_abbrev  0x000013a5      0x1ce build/stm32f1xx_hal_adc.o
 .debug_abbrev  0x00001573      0x1c7 build/stm32f1xx_hal.o
 .debug_abbrev  0x0000173a      0x25f build/stm32f1xx_hal_rcc.o
 .debug_abbrev  0x00001999      0x16c build/stm32f1xx_hal_rcc_ex.o
 .debug_abbrev  0x00001b05      0x1ba build/stm32f1xx_hal_gpio.o
 .debug_abbrev  0x00001cbf      0x1e8 build/stm32f1xx_hal_dma.o
 .debug_abbrev  0x00001ea7      0x2ca build/stm32f1xx_hal_cortex.o
 .debug_abbrev  0x00002171      0x1fe build/stm32f1xx_hal_flash.o
 .debug_abbrev  0x0000236f      0x21c build/stm32f1xx_hal_flash_ex.o
 .debug_abbrev  0x0000258b      0x25b build/stm32f1xx_hal_i2c.o
 .debug_abbrev  0x000027e6      0x241 build/stm32f1xx_hal_tim.o
 .debug_abbrev  0x00002a27      0x249 build/stm32f1xx_hal_tim_ex.o
 .debug_abbrev  0x00002c70      0x24b build/stm32f1xx_hal_uart.o
 .debug_abbrev  0x00002ebb      0x13a build/system_stm32f1xx.o
 .debug_abbrev  0x00002ff5      0x1da build/startup_stm32f103xb.o

.debug_loc      0x00000000     0xb622
 .debug_loc     0x00000000      0x312 build/main.o
 .debug_loc     0x00000312       0x50 build/stm32f1xx_it.o
 .debug_loc     0x00000362      0x32c build/stm32f1xx_hal_msp.o
 .debug_loc     0x0000068e      0x374 build/os.o
 .debug_loc     0x00000a02       0x2c build/led.o
 .debug_loc     0x00000a2e       0x70 build/switch.o
 .debug_loc     0x00000a9e      0x230 build/pwm.o
 .debug_loc     0x00000cce       0x88 build/temp.o
 .debug_loc     0x00000d56      0x500 build/oled.o
 .debug_loc     0x00001256       0x50 build/oled_fonts.o
 .debug_loc     0x000012a6       0xe0 build/co2.o
 .debug_loc     0x00001386       0xc0 build/blutooth.o
 .debug_loc     0x00001446       0xfc build/eeprom.o
 .debug_loc     0x00001542      0x8f4 build/stm32f1xx_hal_adc.o
 .debug_loc     0x00001e36      0x698 build/stm32f1xx_hal.o
 .debug_loc     0x000024ce      0x444 build/stm32f1xx_hal_rcc.o
 .debug_loc     0x00002912       0xfe build/stm32f1xx_hal_rcc_ex.o
 .debug_loc     0x00002a10      0x2d4 build/stm32f1xx_hal_gpio.o
 .debug_loc     0x00002ce4      0x470 build/stm32f1xx_hal_dma.o
 .debug_loc     0x00003154      0x8f8 build/stm32f1xx_hal_cortex.o
 .debug_loc     0x00003a4c      0x448 build/stm32f1xx_hal_flash.o
 .debug_loc     0x00003e94      0x518 build/stm32f1xx_hal_flash_ex.o
 .debug_loc     0x000043ac     0x1af6 build/stm32f1xx_hal_i2c.o
 .debug_loc     0x00005ea2     0x28b4 build/stm32f1xx_hal_tim.o
 .debug_loc     0x00008756      0xdc8 build/stm32f1xx_hal_tim_ex.o
 .debug_loc     0x0000951e     0x1608 build/stm32f1xx_hal_uart.o
 .debug_loc     0x0000ab26       0xa0 build/system_stm32f1xx.o
 .debug_loc     0x0000abc6      0xa5c build/startup_stm32f103xb.o

.debug_aranges  0x00000000     0x1550
 .debug_aranges
                0x00000000       0x78 build/main.o
 .debug_aranges
                0x00000078       0x20 build/stm32f1xx_it.o
 .debug_aranges
                0x00000098       0x68 build/stm32f1xx_hal_msp.o
 .debug_aranges
                0x00000100       0x80 build/os.o
 .debug_aranges
                0x00000180       0x20 build/led.o
 .debug_aranges
                0x000001a0       0x28 build/switch.o
 .debug_aranges
                0x000001c8       0x50 build/pwm.o
 .debug_aranges
                0x00000218       0x28 build/temp.o
 .debug_aranges
                0x00000240       0x98 build/oled.o
 .debug_aranges
                0x000002d8       0x20 build/oled_fonts.o
 .debug_aranges
                0x000002f8       0x38 build/co2.o
 .debug_aranges
                0x00000330       0x30 build/blutooth.o
 .debug_aranges
                0x00000360       0x30 build/eeprom.o
 .debug_aranges
                0x00000390       0xf0 build/stm32f1xx_hal_adc.o
 .debug_aranges
                0x00000480       0xe0 build/stm32f1xx_hal.o
 .debug_aranges
                0x00000560       0x90 build/stm32f1xx_hal_rcc.o
 .debug_aranges
                0x000005f0       0x30 build/stm32f1xx_hal_rcc_ex.o
 .debug_aranges
                0x00000620       0x58 build/stm32f1xx_hal_gpio.o
 .debug_aranges
                0x00000678       0x80 build/stm32f1xx_hal_dma.o
 .debug_aranges
                0x000006f8      0x100 build/stm32f1xx_hal_cortex.o
 .debug_aranges
                0x000007f8       0x88 build/stm32f1xx_hal_flash.o
 .debug_aranges
                0x00000880       0x98 build/stm32f1xx_hal_flash_ex.o
 .debug_aranges
                0x00000918      0x2a0 build/stm32f1xx_hal_i2c.o
 .debug_aranges
                0x00000bb8      0x3e8 build/stm32f1xx_hal_tim.o
 .debug_aranges
                0x00000fa0      0x168 build/stm32f1xx_hal_tim_ex.o
 .debug_aranges
                0x00001108      0x228 build/stm32f1xx_hal_uart.o
 .debug_aranges
                0x00001330       0x28 build/system_stm32f1xx.o
 .debug_aranges
                0x00001358      0x1f8 build/startup_stm32f103xb.o

.debug_ranges   0x00000000     0x13e8
 .debug_ranges  0x00000000       0x68 build/main.o
 .debug_ranges  0x00000068       0x10 build/stm32f1xx_it.o
 .debug_ranges  0x00000078       0x58 build/stm32f1xx_hal_msp.o
 .debug_ranges  0x000000d0       0x70 build/os.o
 .debug_ranges  0x00000140       0x10 build/led.o
 .debug_ranges  0x00000150       0x18 build/switch.o
 .debug_ranges  0x00000168       0x40 build/pwm.o
 .debug_ranges  0x000001a8       0x18 build/temp.o
 .debug_ranges  0x000001c0       0x88 build/oled.o
 .debug_ranges  0x00000248       0x10 build/oled_fonts.o
 .debug_ranges  0x00000258       0x28 build/co2.o
 .debug_ranges  0x00000280       0x20 build/blutooth.o
 .debug_ranges  0x000002a0       0x20 build/eeprom.o
 .debug_ranges  0x000002c0       0xe0 build/stm32f1xx_hal_adc.o
 .debug_ranges  0x000003a0       0xd0 build/stm32f1xx_hal.o
 .debug_ranges  0x00000470       0x80 build/stm32f1xx_hal_rcc.o
 .debug_ranges  0x000004f0       0x20 build/stm32f1xx_hal_rcc_ex.o
 .debug_ranges  0x00000510       0x48 build/stm32f1xx_hal_gpio.o
 .debug_ranges  0x00000558       0x70 build/stm32f1xx_hal_dma.o
 .debug_ranges  0x000005c8       0xf0 build/stm32f1xx_hal_cortex.o
 .debug_ranges  0x000006b8       0x78 build/stm32f1xx_hal_flash.o
 .debug_ranges  0x00000730       0x88 build/stm32f1xx_hal_flash_ex.o
 .debug_ranges  0x000007b8      0x2b8 build/stm32f1xx_hal_i2c.o
 .debug_ranges  0x00000a70      0x3d8 build/stm32f1xx_hal_tim.o
 .debug_ranges  0x00000e48      0x158 build/stm32f1xx_hal_tim_ex.o
 .debug_ranges  0x00000fa0      0x248 build/stm32f1xx_hal_uart.o
 .debug_ranges  0x000011e8       0x18 build/system_stm32f1xx.o
 .debug_ranges  0x00001200      0x1e8 build/startup_stm32f103xb.o

.debug_line     0x00000000    0x10424
 .debug_line    0x00000000      0x60f build/main.o
 .debug_line    0x0000060f      0x193 build/stm32f1xx_it.o
 .debug_line    0x000007a2      0x3ff build/stm32f1xx_hal_msp.o
 .debug_line    0x00000ba1      0x2e0 build/os.o
 .debug_line    0x00000e81      0x2aa build/led.o
 .debug_line    0x0000112b      0x4d5 build/switch.o
 .debug_line    0x00001600      0x408 build/pwm.o
 .debug_line    0x00001a08      0x534 build/temp.o
 .debug_line    0x00001f3c      0x843 build/oled.o
 .debug_line    0x0000277f       0x82 build/oled_fonts.o
 .debug_line    0x00002801      0x21c build/co2.o
 .debug_line    0x00002a1d      0x223 build/blutooth.o
 .debug_line    0x00002c40      0x23f build/eeprom.o
 .debug_line    0x00002e7f      0xadb build/stm32f1xx_hal_adc.o
 .debug_line    0x0000395a      0x45e build/stm32f1xx_hal.o
 .debug_line    0x00003db8      0x8a0 build/stm32f1xx_hal_rcc.o
 .debug_line    0x00004658      0x386 build/stm32f1xx_hal_rcc_ex.o
 .debug_line    0x000049de      0x4c0 build/stm32f1xx_hal_gpio.o
 .debug_line    0x00004e9e      0x88f build/stm32f1xx_hal_dma.o
 .debug_line    0x0000572d      0x5f4 build/stm32f1xx_hal_cortex.o
 .debug_line    0x00005d21      0x516 build/stm32f1xx_hal_flash.o
 .debug_line    0x00006237      0x612 build/stm32f1xx_hal_flash_ex.o
 .debug_line    0x00006849     0x3573 build/stm32f1xx_hal_i2c.o
 .debug_line    0x00009dbc     0x31bf build/stm32f1xx_hal_tim.o
 .debug_line    0x0000cf7b     0x13b1 build/stm32f1xx_hal_tim_ex.o
 .debug_line    0x0000e32c     0x17cb build/stm32f1xx_hal_uart.o
 .debug_line    0x0000faf7      0x1d1 build/system_stm32f1xx.o
 .debug_line    0x0000fcc8      0x75c build/startup_stm32f103xb.o

.debug_str      0x00000000     0x630e
 .debug_str     0x00000000     0x1121 build/main.o
                               0x141b (size before relaxing)
 .debug_str     0x00001121       0x3b build/stm32f1xx_it.o
                                0x8cd (size before relaxing)
 .debug_str     0x0000115c      0x3ee build/stm32f1xx_hal_msp.o
                               0x1371 (size before relaxing)
 .debug_str     0x0000154a      0x419 build/os.o
                                0x566 (size before relaxing)
 .debug_str     0x00001963       0x94 build/led.o
                                0x23d (size before relaxing)
 .debug_str     0x000019f7      0x1c7 build/switch.o
                                0x3a9 (size before relaxing)
 .debug_str     0x00001bbe      0x12b build/pwm.o
                                0x381 (size before relaxing)
 .debug_str     0x00001ce9      0x10c build/temp.o
                                0x5bf (size before relaxing)
 .debug_str     0x00001df5      0x1e1 build/oled.o
                                0x895 (size before relaxing)
 .debug_str     0x00001fd6       0xa1 build/oled_fonts.o
                                0x242 (size before relaxing)
 .debug_str     0x00002077       0x73 build/co2.o
                                0x68f (size before relaxing)
 .debug_str     0x000020ea       0x73 build/blutooth.o
                                0x691 (size before relaxing)
 .debug_str     0x0000215d       0xcf build/eeprom.o
                                0x309 (size before relaxing)
 .debug_str     0x0000222c      0x322 build/stm32f1xx_hal_adc.o
                                0x844 (size before relaxing)
 .debug_str     0x0000254e      0x2d4 build/stm32f1xx_hal.o
                                0x7b9 (size before relaxing)
 .debug_str     0x00002822      0x224 build/stm32f1xx_hal_rcc.o
                                0x5de (size before relaxing)
 .debug_str     0x00002a46       0xb6 build/stm32f1xx_hal_rcc_ex.o
                                0x38c (size before relaxing)
 .debug_str     0x00002afc      0x142 build/stm32f1xx_hal_gpio.o
                                0x3da (size before relaxing)
 .debug_str     0x00002c3e      0x22d build/stm32f1xx_hal_dma.o
                                0x5cb (size before relaxing)
 .debug_str     0x00002e6b      0x407 build/stm32f1xx_hal_cortex.o
                                0x8ad (size before relaxing)
 .debug_str     0x00003272      0x27d build/stm32f1xx_hal_flash.o
                                0x4d8 (size before relaxing)
 .debug_str     0x000034ef      0x28d build/stm32f1xx_hal_flash_ex.o
                                0x604 (size before relaxing)
 .debug_str     0x0000377c      0x89c build/stm32f1xx_hal_i2c.o
                                0xf3e (size before relaxing)
 .debug_str     0x00004018     0x1145 build/stm32f1xx_hal_tim.o
                               0x1bdc (size before relaxing)
 .debug_str     0x0000515d      0x4e4 build/stm32f1xx_hal_tim_ex.o
                                0xff2 (size before relaxing)
 .debug_str     0x00005641      0x7e1 build/stm32f1xx_hal_uart.o
                                0xefc (size before relaxing)
 .debug_str     0x00005e22       0x4f build/system_stm32f1xx.o
                                0x22e (size before relaxing)
 .debug_str     0x00005e71      0x49d build/startup_stm32f103xb.o
                               0x1022 (size before relaxing)

.comment        0x00000000       0x49
 .comment       0x00000000       0x49 build/main.o
                                 0x4a (size before relaxing)
 .comment       0x00000049       0x4a build/stm32f1xx_it.o
 .comment       0x00000049       0x4a build/stm32f1xx_hal_msp.o
 .comment       0x00000049       0x4a build/os.o
 .comment       0x00000049       0x4a build/led.o
 .comment       0x00000049       0x4a build/switch.o
 .comment       0x00000049       0x4a build/pwm.o
 .comment       0x00000049       0x4a build/temp.o
 .comment       0x00000049       0x4a build/oled.o
 .comment       0x00000049       0x4a build/oled_fonts.o
 .comment       0x00000049       0x4a build/co2.o
 .comment       0x00000049       0x4a build/blutooth.o
 .comment       0x00000049       0x4a build/eeprom.o
 .comment       0x00000049       0x4a build/stm32f1xx_hal_adc.o
 .comment       0x00000049       0x4a build/stm32f1xx_hal.o
 .comment       0x00000049       0x4a build/stm32f1xx_hal_rcc.o
 .comment       0x00000049       0x4a build/stm32f1xx_hal_rcc_ex.o
 .comment       0x00000049       0x4a build/stm32f1xx_hal_gpio.o
 .comment       0x00000049       0x4a build/stm32f1xx_hal_dma.o
 .comment       0x00000049       0x4a build/stm32f1xx_hal_cortex.o
 .comment       0x00000049       0x4a build/stm32f1xx_hal_flash.o
 .comment       0x00000049       0x4a build/stm32f1xx_hal_flash_ex.o
 .comment       0x00000049       0x4a build/stm32f1xx_hal_i2c.o
 .comment       0x00000049       0x4a build/stm32f1xx_hal_tim.o
 .comment       0x00000049       0x4a build/stm32f1xx_hal_tim_ex.o
 .comment       0x00000049       0x4a build/stm32f1xx_hal_uart.o
 .comment       0x00000049       0x4a build/system_stm32f1xx.o
 .comment       0x00000049       0x4a build/startup_stm32f103xb.o

.debug_frame    0x00000000     0x5ba4
 .debug_frame   0x00000000      0x194 build/main.o
 .debug_frame   0x00000194       0x34 build/stm32f1xx_it.o
 .debug_frame   0x000001c8      0x17c build/stm32f1xx_hal_msp.o
 .debug_frame   0x00000344      0x1bc build/os.o
 .debug_frame   0x00000500       0x2c build/led.o
 .debug_frame   0x0000052c       0x4c build/switch.o
 .debug_frame   0x00000578      0x114 build/pwm.o
 .debug_frame   0x0000068c       0x54 build/temp.o
 .debug_frame   0x000006e0      0x25c build/oled.o
 .debug_frame   0x0000093c       0x38 build/oled_fonts.o
 .debug_frame   0x00000974       0x90 build/co2.o
 .debug_frame   0x00000a04       0x70 build/blutooth.o
 .debug_frame   0x00000a74       0x84 build/eeprom.o
 .debug_frame   0x00000af8      0x40c build/stm32f1xx_hal_adc.o
 .debug_frame   0x00000f04      0x334 build/stm32f1xx_hal.o
 .debug_frame   0x00001238      0x21c build/stm32f1xx_hal_rcc.o
 .debug_frame   0x00001454       0x84 build/stm32f1xx_hal_rcc_ex.o
 .debug_frame   0x000014d8      0x14c build/stm32f1xx_hal_gpio.o
 .debug_frame   0x00001624      0x208 build/stm32f1xx_hal_dma.o
 .debug_frame   0x0000182c      0x428 build/stm32f1xx_hal_cortex.o
 .debug_frame   0x00001c54      0x20c build/stm32f1xx_hal_flash.o
 .debug_frame   0x00001e60      0x258 build/stm32f1xx_hal_flash_ex.o
 .debug_frame   0x000020b8      0xc5c build/stm32f1xx_hal_i2c.o
 .debug_frame   0x00002d14     0x1230 build/stm32f1xx_hal_tim.o
 .debug_frame   0x00003f44      0x638 build/stm32f1xx_hal_tim_ex.o
 .debug_frame   0x0000457c      0x9dc build/stm32f1xx_hal_uart.o
 .debug_frame   0x00004f58       0x58 build/system_stm32f1xx.o
 .debug_frame   0x00004fb0      0x6a0 build/startup_stm32f103xb.o
 .debug_frame   0x00005650       0x2c d:/3.tools/arm_gcc_toolchain/bin/../lib/gcc/arm-none-eabi/10.3.1/../../../../arm-none-eabi/lib/thumb/v7-m/nofp\libc_nano.a(lib_a-init.o)
 .debug_frame   0x0000567c       0x20 d:/3.tools/arm_gcc_toolchain/bin/../lib/gcc/arm-none-eabi/10.3.1/../../../../arm-none-eabi/lib/thumb/v7-m/nofp\libc_nano.a(lib_a-memset.o)
 .debug_frame   0x0000569c       0x6c d:/3.tools/arm_gcc_toolchain/bin/../lib/gcc/arm-none-eabi/10.3.1/../../../../arm-none-eabi/lib/thumb/v7-m/nofp\libc_nano.a(lib_a-sprintf.o)
 .debug_frame   0x00005708       0x90 d:/3.tools/arm_gcc_toolchain/bin/../lib/gcc/arm-none-eabi/10.3.1/../../../../arm-none-eabi/lib/thumb/v7-m/nofp\libc_nano.a(lib_a-nano-svfprintf.o)
 .debug_frame   0x00005798       0x60 d:/3.tools/arm_gcc_toolchain/bin/../lib/gcc/arm-none-eabi/10.3.1/../../../../arm-none-eabi/lib/thumb/v7-m/nofp\libc_nano.a(lib_a-nano-vfprintf_i.o)
 .debug_frame   0x000057f8       0x28 d:/3.tools/arm_gcc_toolchain/bin/../lib/gcc/arm-none-eabi/10.3.1/../../../../arm-none-eabi/lib/thumb/v7-m/nofp\libc_nano.a(lib_a-memchr-stub.o)
 .debug_frame   0x00005820       0x28 d:/3.tools/arm_gcc_toolchain/bin/../lib/gcc/arm-none-eabi/10.3.1/../../../../arm-none-eabi/lib/thumb/v7-m/nofp\libc_nano.a(lib_a-memcpy-stub.o)
 .debug_frame   0x00005848       0x28 d:/3.tools/arm_gcc_toolchain/bin/../lib/gcc/arm-none-eabi/10.3.1/../../../../arm-none-eabi/lib/thumb/v7-m/nofp\libc_nano.a(lib_a-memmove.o)
 .debug_frame   0x00005870       0x38 d:/3.tools/arm_gcc_toolchain/bin/../lib/gcc/arm-none-eabi/10.3.1/../../../../arm-none-eabi/lib/thumb/v7-m/nofp\libc_nano.a(lib_a-nano-freer.o)
 .debug_frame   0x000058a8       0x4c d:/3.tools/arm_gcc_toolchain/bin/../lib/gcc/arm-none-eabi/10.3.1/../../../../arm-none-eabi/lib/thumb/v7-m/nofp\libc_nano.a(lib_a-nano-mallocr.o)
 .debug_frame   0x000058f4       0x3c d:/3.tools/arm_gcc_toolchain/bin/../lib/gcc/arm-none-eabi/10.3.1/../../../../arm-none-eabi/lib/thumb/v7-m/nofp\libc_nano.a(lib_a-nano-reallocr.o)
 .debug_frame   0x00005930       0x2c d:/3.tools/arm_gcc_toolchain/bin/../lib/gcc/arm-none-eabi/10.3.1/../../../../arm-none-eabi/lib/thumb/v7-m/nofp\libc_nano.a(lib_a-sbrkr.o)
 .debug_frame   0x0000595c       0x30 d:/3.tools/arm_gcc_toolchain/bin/../lib/gcc/arm-none-eabi/10.3.1/../../../../arm-none-eabi/lib/thumb/v7-m/nofp\libc_nano.a(lib_a-mlock.o)
 .debug_frame   0x0000598c       0x20 d:/3.tools/arm_gcc_toolchain/bin/../lib/gcc/arm-none-eabi/10.3.1/../../../../arm-none-eabi/lib/thumb/v7-m/nofp\libc_nano.a(lib_a-nano-msizer.o)
 .debug_frame   0x000059ac       0x5c d:/3.tools/arm_gcc_toolchain/bin/../lib/gcc/arm-none-eabi/10.3.1/../../../../arm-none-eabi/lib/thumb/v7-m/nofp\libc_nano.a(lib_a-reent.o)
 .debug_frame   0x00005a08       0xb0 d:/3.tools/arm_gcc_toolchain/bin/../lib/gcc/arm-none-eabi/10.3.1/../../../../arm-none-eabi/lib/thumb/v7-m/nofp\libc_nano.a(lib_a-lock.o)
 .debug_frame   0x00005ab8       0x20 d:/3.tools/arm_gcc_toolchain/bin/../lib/gcc/arm-none-eabi/10.3.1/../../../../arm-none-eabi/lib/thumb/v7-m/nofp\libnosys.a(sbrk.o)
 .debug_frame   0x00005ad8       0x4c d:/3.tools/arm_gcc_toolchain/bin/../lib/gcc/arm-none-eabi/10.3.1/thumb/v7-m/nofp\libgcc.a(_arm_addsubsf3.o)
 .debug_frame   0x00005b24       0x38 d:/3.tools/arm_gcc_toolchain/bin/../lib/gcc/arm-none-eabi/10.3.1/thumb/v7-m/nofp\libgcc.a(_arm_muldivsf3.o)
 .debug_frame   0x00005b5c       0x24 d:/3.tools/arm_gcc_toolchain/bin/../lib/gcc/arm-none-eabi/10.3.1/thumb/v7-m/nofp\libgcc.a(_arm_fixsfsi.o)
 .debug_frame   0x00005b80       0x24 d:/3.tools/arm_gcc_toolchain/bin/../lib/gcc/arm-none-eabi/10.3.1/thumb/v7-m/nofp\libgcc.a(_arm_fixunssfsi.o)

Cross Reference Table

Symbol                                            File
ADC1_2_IRQHandler                                 build/startup_stm32f103xb.o
ADC_ConversionStop_Disable                        build/stm32f1xx_hal_adc.o
                                                  build/stm32f1xx_hal_adc_ex.o
ADC_DMAConvCplt                                   build/stm32f1xx_hal_adc.o
                                                  build/stm32f1xx_hal_adc_ex.o
ADC_DMAError                                      build/stm32f1xx_hal_adc.o
                                                  build/stm32f1xx_hal_adc_ex.o
ADC_DMAHalfConvCplt                               build/stm32f1xx_hal_adc.o
                                                  build/stm32f1xx_hal_adc_ex.o
ADC_Enable                                        build/stm32f1xx_hal_adc.o
                                                  build/stm32f1xx_hal_adc_ex.o
AHBPrescTable                                     build/system_stm32f1xx.o
                                                  build/stm32f1xx_hal_rcc.o
APBPrescTable                                     build/system_stm32f1xx.o
                                                  build/stm32f1xx_hal_rcc.o
Blutooth_Communication                            build/blutooth.o
Blutooth_Init                                     build/blutooth.o
Blutooth_Rx_Data                                  build/blutooth.o
Blutooth_Tx_Data                                  build/blutooth.o
BootRAM                                           build/startup_stm32f103xb.o
BusFault_Handler                                  build/startup_stm32f103xb.o
CAN1_RX1_IRQHandler                               build/startup_stm32f103xb.o
CAN1_SCE_IRQHandler                               build/startup_stm32f103xb.o
CO2_Address                                       build/co2.o
CO2_Communication                                 build/co2.o
                                                  build/os.o
CO2_Data                                          build/co2.o
CO2_Data16                                        build/co2.o
                                                  build/oled.o
                                                  build/led.o
CO2_Data_w                                        build/co2.o
CO2_Init                                          build/co2.o
                                                  build/os.o
DMA1_Channel1_IRQHandler                          build/startup_stm32f103xb.o
DMA1_Channel2_IRQHandler                          build/startup_stm32f103xb.o
DMA1_Channel3_IRQHandler                          build/startup_stm32f103xb.o
DMA1_Channel4_IRQHandler                          build/startup_stm32f103xb.o
DMA1_Channel5_IRQHandler                          build/startup_stm32f103xb.o
DMA1_Channel6_IRQHandler                          build/startup_stm32f103xb.o
DMA1_Channel7_IRQHandler                          build/startup_stm32f103xb.o
DebugMon_Handler                                  build/startup_stm32f103xb.o
Default_Handler                                   build/startup_stm32f103xb.o
EEPROM_Erase                                      build/eeprom.o
                                                  build/os.o
EEPROM_Read                                       build/eeprom.o
                                                  build/main.o
EEPROM_Write                                      build/eeprom.o
                                                  build/os.o
EEPROM_Write_Req                                  build/os.o
EEPROM_Write_cntReq                               build/os.o
EXTI0_IRQHandler                                  build/startup_stm32f103xb.o
EXTI15_10_IRQHandler                              build/startup_stm32f103xb.o
EXTI1_IRQHandler                                  build/startup_stm32f103xb.o
EXTI2_IRQHandler                                  build/startup_stm32f103xb.o
EXTI3_IRQHandler                                  build/startup_stm32f103xb.o
EXTI4_IRQHandler                                  build/startup_stm32f103xb.o
EXTI9_5_IRQHandler                                build/startup_stm32f103xb.o
Error_Handler                                     build/main.o
FLASH_IRQHandler                                  build/startup_stm32f103xb.o
FLASH_PageErase                                   build/stm32f1xx_hal_flash_ex.o
                                                  build/stm32f1xx_hal_flash.o
FLASH_WaitForLastOperation                        build/stm32f1xx_hal_flash.o
                                                  build/stm32f1xx_hal_flash_ex.o
HAL_ADCEx_Calibration_Start                       build/stm32f1xx_hal_adc_ex.o
HAL_ADCEx_InjectedConfigChannel                   build/stm32f1xx_hal_adc_ex.o
HAL_ADCEx_InjectedConvCpltCallback                build/stm32f1xx_hal_adc_ex.o
                                                  build/stm32f1xx_hal_adc.o
HAL_ADCEx_InjectedGetValue                        build/stm32f1xx_hal_adc_ex.o
HAL_ADCEx_InjectedPollForConversion               build/stm32f1xx_hal_adc_ex.o
HAL_ADCEx_InjectedStart                           build/stm32f1xx_hal_adc_ex.o
HAL_ADCEx_InjectedStart_IT                        build/stm32f1xx_hal_adc_ex.o
HAL_ADCEx_InjectedStop                            build/stm32f1xx_hal_adc_ex.o
HAL_ADCEx_InjectedStop_IT                         build/stm32f1xx_hal_adc_ex.o
HAL_ADCEx_MultiModeConfigChannel                  build/stm32f1xx_hal_adc_ex.o
HAL_ADCEx_MultiModeGetValue                       build/stm32f1xx_hal_adc_ex.o
HAL_ADCEx_MultiModeStart_DMA                      build/stm32f1xx_hal_adc_ex.o
HAL_ADCEx_MultiModeStop_DMA                       build/stm32f1xx_hal_adc_ex.o
HAL_ADC_AnalogWDGConfig                           build/stm32f1xx_hal_adc.o
HAL_ADC_ConfigChannel                             build/stm32f1xx_hal_adc.o
                                                  build/main.o
HAL_ADC_ConvCpltCallback                          build/stm32f1xx_hal_adc.o